BEGIN TRANSACTION;
CREATE TABLE `COMPILATION_UNIT` ( `id`   INTEGER NOT NULL PRIMARY KEY,`timestamp`    DATETIME NOT NULL, `cmd_args` TEXT NOT NULL, FOREIGN KEY(`id`) REFERENCES FILES(id) );
INSERT INTO "COMPILATION_UNIT" VALUES(7,1427387312,' cl.exe -c work/A.cpp -o2');
INSERT INTO "COMPILATION_UNIT" VALUES(10,1427215320,' cl.exe -c work/B.cpp -o2');
INSERT INTO "COMPILATION_UNIT" VALUES(17,1427387371,' cl.exe -c work/C.cpp -o2');
CREATE TABLE `FILES` ( `id`   INTEGER NOT NULL PRIMARY KEY AUTOINCREMENT,`number_of_lines` INTEGER,`path` TEXT NOT NULL);
INSERT INTO "FILES" VALUES(1,42,'work/temp/A.cpp');
INSERT INTO "FILES" VALUES(2,17,'work/temp/A.h');
INSERT INTO "FILES" VALUES(3,32,'work/temp/All.h');
INSERT INTO "FILES" VALUES(4,NULL,'work/temp/B.cpp');
INSERT INTO "FILES" VALUES(5,NULL,'work/temp/B.h');
INSERT INTO "FILES" VALUES(6,10,'work/temp/IncAll.h');
INSERT INTO "FILES" VALUES(7,NULL,'work/A.cpp');
INSERT INTO "FILES" VALUES(8,NULL,'work/A.h');
INSERT INTO "FILES" VALUES(9,NULL,'work/All.h');
INSERT INTO "FILES" VALUES(10,NULL,'work/B.cpp');
INSERT INTO "FILES" VALUES(11,NULL,'work/B.h');
INSERT INTO "FILES" VALUES(12,NULL,'work/IncAll.h');
INSERT INTO "FILES" VALUES(13,NULL,'work/OnlyA.h');
INSERT INTO "FILES" VALUES(14,NULL,'work/OnlyB.h');
INSERT INTO "FILES" VALUES(15,44,'work/temp/C.cpp');
INSERT INTO "FILES" VALUES(16,21,'work/temp/C.h');
INSERT INTO "FILES" VALUES(17,NULL,'work/C.cpp');
INSERT INTO "FILES" VALUES(18,NULL,'work/C.h');
INSERT INTO "FILES" VALUES(19,NULL,'work/OnlyC.h');
CREATE TABLE `LINES` (`id`   INTEGER NOT NULL PRIMARY KEY AUTOINCREMENT,`file_id`  INTEGER NOT NULL,`line`  INTEGER NOT NULL,`original_line`  INTEGER NOT NULL,FOREIGN KEY(`file_id`) REFERENCES FILES(id) );
INSERT INTO "LINES" VALUES(73,4,18,17);
INSERT INTO "LINES" VALUES(74,4,17,16);
INSERT INTO "LINES" VALUES(75,4,16,15);
INSERT INTO "LINES" VALUES(76,4,15,14);
INSERT INTO "LINES" VALUES(77,4,14,13);
INSERT INTO "LINES" VALUES(78,4,13,12);
INSERT INTO "LINES" VALUES(79,4,12,11);
INSERT INTO "LINES" VALUES(80,4,11,10);
INSERT INTO "LINES" VALUES(81,4,10,9);
INSERT INTO "LINES" VALUES(82,4,9,8);
INSERT INTO "LINES" VALUES(83,4,8,7);
INSERT INTO "LINES" VALUES(84,4,7,6);
INSERT INTO "LINES" VALUES(85,4,6,5);
INSERT INTO "LINES" VALUES(86,4,5,4);
INSERT INTO "LINES" VALUES(87,4,4,3);
INSERT INTO "LINES" VALUES(88,4,3,2);
INSERT INTO "LINES" VALUES(89,4,2,1);
INSERT INTO "LINES" VALUES(90,5,26,25);
INSERT INTO "LINES" VALUES(91,5,25,24);
INSERT INTO "LINES" VALUES(92,5,24,23);
INSERT INTO "LINES" VALUES(93,5,23,22);
INSERT INTO "LINES" VALUES(94,5,22,21);
INSERT INTO "LINES" VALUES(95,5,21,20);
INSERT INTO "LINES" VALUES(96,5,20,19);
INSERT INTO "LINES" VALUES(97,5,19,18);
INSERT INTO "LINES" VALUES(98,5,18,17);
INSERT INTO "LINES" VALUES(99,5,17,16);
INSERT INTO "LINES" VALUES(100,5,16,15);
INSERT INTO "LINES" VALUES(101,5,15,14);
INSERT INTO "LINES" VALUES(102,5,14,13);
INSERT INTO "LINES" VALUES(103,5,13,12);
INSERT INTO "LINES" VALUES(104,5,12,11);
INSERT INTO "LINES" VALUES(105,5,11,10);
INSERT INTO "LINES" VALUES(106,5,10,9);
INSERT INTO "LINES" VALUES(107,5,9,8);
INSERT INTO "LINES" VALUES(108,5,8,7);
INSERT INTO "LINES" VALUES(109,5,7,6);
INSERT INTO "LINES" VALUES(110,5,6,5);
INSERT INTO "LINES" VALUES(111,5,5,4);
INSERT INTO "LINES" VALUES(640,15,70,24);
INSERT INTO "LINES" VALUES(641,15,69,23);
INSERT INTO "LINES" VALUES(642,15,68,22);
INSERT INTO "LINES" VALUES(643,15,67,21);
INSERT INTO "LINES" VALUES(644,15,66,20);
INSERT INTO "LINES" VALUES(645,15,65,19);
INSERT INTO "LINES" VALUES(646,15,64,18);
INSERT INTO "LINES" VALUES(647,15,63,17);
INSERT INTO "LINES" VALUES(648,15,62,16);
INSERT INTO "LINES" VALUES(649,15,61,15);
INSERT INTO "LINES" VALUES(650,15,60,14);
INSERT INTO "LINES" VALUES(651,15,59,13);
INSERT INTO "LINES" VALUES(652,15,58,12);
INSERT INTO "LINES" VALUES(653,15,57,11);
INSERT INTO "LINES" VALUES(654,15,56,10);
INSERT INTO "LINES" VALUES(655,15,55,9);
INSERT INTO "LINES" VALUES(656,15,54,8);
INSERT INTO "LINES" VALUES(657,15,53,7);
INSERT INTO "LINES" VALUES(658,15,52,6);
INSERT INTO "LINES" VALUES(659,15,51,5);
INSERT INTO "LINES" VALUES(660,15,50,4);
INSERT INTO "LINES" VALUES(661,15,49,3);
INSERT INTO "LINES" VALUES(662,15,48,2);
INSERT INTO "LINES" VALUES(663,15,47,1);
INSERT INTO "LINES" VALUES(664,15,46,1);
INSERT INTO "LINES" VALUES(665,15,1,1);
INSERT INTO "LINES" VALUES(666,15,2,1);
INSERT INTO "LINES" VALUES(667,15,3,1);
INSERT INTO "LINES" VALUES(668,15,4,1);
INSERT INTO "LINES" VALUES(669,15,5,1);
INSERT INTO "LINES" VALUES(670,15,6,1);
INSERT INTO "LINES" VALUES(671,15,7,1);
INSERT INTO "LINES" VALUES(672,15,8,1);
INSERT INTO "LINES" VALUES(673,15,9,1);
INSERT INTO "LINES" VALUES(674,15,10,1);
INSERT INTO "LINES" VALUES(675,15,11,1);
INSERT INTO "LINES" VALUES(676,15,12,1);
INSERT INTO "LINES" VALUES(677,15,13,1);
INSERT INTO "LINES" VALUES(678,15,14,1);
INSERT INTO "LINES" VALUES(679,15,15,1);
INSERT INTO "LINES" VALUES(680,15,16,1);
INSERT INTO "LINES" VALUES(681,15,17,1);
INSERT INTO "LINES" VALUES(682,15,18,1);
INSERT INTO "LINES" VALUES(683,15,19,1);
INSERT INTO "LINES" VALUES(684,15,20,1);
INSERT INTO "LINES" VALUES(685,15,21,1);
INSERT INTO "LINES" VALUES(686,15,22,1);
INSERT INTO "LINES" VALUES(687,15,23,1);
INSERT INTO "LINES" VALUES(688,15,24,1);
INSERT INTO "LINES" VALUES(689,15,25,1);
INSERT INTO "LINES" VALUES(690,15,26,1);
INSERT INTO "LINES" VALUES(691,15,27,1);
INSERT INTO "LINES" VALUES(692,15,28,1);
INSERT INTO "LINES" VALUES(693,15,29,1);
INSERT INTO "LINES" VALUES(694,15,30,1);
INSERT INTO "LINES" VALUES(695,15,31,1);
INSERT INTO "LINES" VALUES(696,15,32,1);
INSERT INTO "LINES" VALUES(697,15,33,1);
INSERT INTO "LINES" VALUES(698,15,34,1);
INSERT INTO "LINES" VALUES(699,15,35,1);
INSERT INTO "LINES" VALUES(700,15,36,1);
INSERT INTO "LINES" VALUES(701,15,37,1);
INSERT INTO "LINES" VALUES(702,15,38,1);
INSERT INTO "LINES" VALUES(703,15,39,1);
INSERT INTO "LINES" VALUES(704,15,40,1);
INSERT INTO "LINES" VALUES(705,15,41,1);
INSERT INTO "LINES" VALUES(706,15,42,1);
INSERT INTO "LINES" VALUES(707,15,43,1);
INSERT INTO "LINES" VALUES(708,15,44,1);
INSERT INTO "LINES" VALUES(709,15,45,1);
INSERT INTO "LINES" VALUES(710,15,94,44);
INSERT INTO "LINES" VALUES(711,15,93,43);
INSERT INTO "LINES" VALUES(712,15,92,42);
INSERT INTO "LINES" VALUES(713,15,91,41);
INSERT INTO "LINES" VALUES(714,15,90,40);
INSERT INTO "LINES" VALUES(715,15,89,35);
INSERT INTO "LINES" VALUES(716,15,88,34);
INSERT INTO "LINES" VALUES(717,15,87,33);
INSERT INTO "LINES" VALUES(718,15,86,32);
INSERT INTO "LINES" VALUES(719,15,85,31);
INSERT INTO "LINES" VALUES(720,15,84,30);
INSERT INTO "LINES" VALUES(721,15,83,29);
INSERT INTO "LINES" VALUES(722,15,82,28);
INSERT INTO "LINES" VALUES(723,15,81,29);
INSERT INTO "LINES" VALUES(724,15,80,29);
INSERT INTO "LINES" VALUES(725,15,79,29);
INSERT INTO "LINES" VALUES(726,15,78,27);
INSERT INTO "LINES" VALUES(727,15,77,26);
INSERT INTO "LINES" VALUES(728,15,76,25);
INSERT INTO "LINES" VALUES(729,15,71,26);
INSERT INTO "LINES" VALUES(730,15,72,26);
INSERT INTO "LINES" VALUES(731,15,73,26);
INSERT INTO "LINES" VALUES(732,15,74,26);
INSERT INTO "LINES" VALUES(733,15,75,26);
INSERT INTO "LINES" VALUES(865,16,66,20);
INSERT INTO "LINES" VALUES(866,16,65,19);
INSERT INTO "LINES" VALUES(867,16,64,18);
INSERT INTO "LINES" VALUES(868,16,63,17);
INSERT INTO "LINES" VALUES(869,16,62,16);
INSERT INTO "LINES" VALUES(870,16,61,15);
INSERT INTO "LINES" VALUES(871,16,60,14);
INSERT INTO "LINES" VALUES(872,16,59,13);
INSERT INTO "LINES" VALUES(873,16,58,12);
INSERT INTO "LINES" VALUES(874,16,57,11);
INSERT INTO "LINES" VALUES(875,16,56,10);
INSERT INTO "LINES" VALUES(876,16,55,9);
INSERT INTO "LINES" VALUES(877,16,54,8);
INSERT INTO "LINES" VALUES(878,16,53,7);
INSERT INTO "LINES" VALUES(879,16,52,6);
INSERT INTO "LINES" VALUES(880,16,51,5);
INSERT INTO "LINES" VALUES(881,16,50,4);
INSERT INTO "LINES" VALUES(882,16,49,4);
INSERT INTO "LINES" VALUES(883,16,48,3);
INSERT INTO "LINES" VALUES(884,16,47,2);
INSERT INTO "LINES" VALUES(885,16,46,1);
INSERT INTO "LINES" VALUES(886,16,1,1);
INSERT INTO "LINES" VALUES(887,16,2,1);
INSERT INTO "LINES" VALUES(888,16,3,1);
INSERT INTO "LINES" VALUES(889,16,4,1);
INSERT INTO "LINES" VALUES(890,16,5,1);
INSERT INTO "LINES" VALUES(891,16,6,1);
INSERT INTO "LINES" VALUES(892,16,7,1);
INSERT INTO "LINES" VALUES(893,16,8,1);
INSERT INTO "LINES" VALUES(894,16,9,1);
INSERT INTO "LINES" VALUES(895,16,10,1);
INSERT INTO "LINES" VALUES(896,16,11,1);
INSERT INTO "LINES" VALUES(897,16,12,1);
INSERT INTO "LINES" VALUES(898,16,13,1);
INSERT INTO "LINES" VALUES(899,16,14,1);
INSERT INTO "LINES" VALUES(900,16,15,1);
INSERT INTO "LINES" VALUES(901,16,16,1);
INSERT INTO "LINES" VALUES(902,16,17,1);
INSERT INTO "LINES" VALUES(903,16,18,1);
INSERT INTO "LINES" VALUES(904,16,19,1);
INSERT INTO "LINES" VALUES(905,16,20,1);
INSERT INTO "LINES" VALUES(906,16,21,1);
INSERT INTO "LINES" VALUES(907,16,22,1);
INSERT INTO "LINES" VALUES(908,16,23,1);
INSERT INTO "LINES" VALUES(909,16,24,1);
INSERT INTO "LINES" VALUES(910,16,25,1);
INSERT INTO "LINES" VALUES(911,16,26,1);
INSERT INTO "LINES" VALUES(912,16,27,1);
INSERT INTO "LINES" VALUES(913,16,28,1);
INSERT INTO "LINES" VALUES(914,16,29,1);
INSERT INTO "LINES" VALUES(915,16,30,1);
INSERT INTO "LINES" VALUES(916,16,31,1);
INSERT INTO "LINES" VALUES(917,16,32,1);
INSERT INTO "LINES" VALUES(918,16,33,1);
INSERT INTO "LINES" VALUES(919,16,34,1);
INSERT INTO "LINES" VALUES(920,16,35,1);
INSERT INTO "LINES" VALUES(921,16,36,1);
INSERT INTO "LINES" VALUES(922,16,37,1);
INSERT INTO "LINES" VALUES(923,16,38,1);
INSERT INTO "LINES" VALUES(924,16,39,1);
INSERT INTO "LINES" VALUES(925,16,40,1);
INSERT INTO "LINES" VALUES(926,16,41,1);
INSERT INTO "LINES" VALUES(927,16,42,1);
INSERT INTO "LINES" VALUES(928,16,43,1);
INSERT INTO "LINES" VALUES(929,16,44,1);
INSERT INTO "LINES" VALUES(930,16,45,1);
INSERT INTO "LINES" VALUES(965,1,87,33);
INSERT INTO "LINES" VALUES(966,1,86,32);
INSERT INTO "LINES" VALUES(967,1,85,31);
INSERT INTO "LINES" VALUES(968,1,84,30);
INSERT INTO "LINES" VALUES(969,1,83,29);
INSERT INTO "LINES" VALUES(970,1,82,28);
INSERT INTO "LINES" VALUES(971,1,81,27);
INSERT INTO "LINES" VALUES(972,1,80,26);
INSERT INTO "LINES" VALUES(973,1,79,25);
INSERT INTO "LINES" VALUES(974,1,78,26);
INSERT INTO "LINES" VALUES(975,1,77,26);
INSERT INTO "LINES" VALUES(976,1,76,26);
INSERT INTO "LINES" VALUES(977,1,75,24);
INSERT INTO "LINES" VALUES(978,1,74,23);
INSERT INTO "LINES" VALUES(979,1,73,22);
INSERT INTO "LINES" VALUES(980,1,72,23);
INSERT INTO "LINES" VALUES(981,1,71,23);
INSERT INTO "LINES" VALUES(982,1,70,23);
INSERT INTO "LINES" VALUES(983,1,69,23);
INSERT INTO "LINES" VALUES(984,1,68,23);
INSERT INTO "LINES" VALUES(985,1,67,21);
INSERT INTO "LINES" VALUES(986,1,66,20);
INSERT INTO "LINES" VALUES(987,1,65,19);
INSERT INTO "LINES" VALUES(988,1,64,18);
INSERT INTO "LINES" VALUES(989,1,63,17);
INSERT INTO "LINES" VALUES(990,1,62,16);
INSERT INTO "LINES" VALUES(991,1,61,15);
INSERT INTO "LINES" VALUES(992,1,60,14);
INSERT INTO "LINES" VALUES(993,1,59,13);
INSERT INTO "LINES" VALUES(994,1,58,12);
INSERT INTO "LINES" VALUES(995,1,57,11);
INSERT INTO "LINES" VALUES(996,1,56,10);
INSERT INTO "LINES" VALUES(997,1,55,9);
INSERT INTO "LINES" VALUES(998,1,54,8);
INSERT INTO "LINES" VALUES(999,1,53,7);
INSERT INTO "LINES" VALUES(1000,1,52,6);
INSERT INTO "LINES" VALUES(1001,1,51,5);
INSERT INTO "LINES" VALUES(1002,1,50,4);
INSERT INTO "LINES" VALUES(1003,1,49,3);
INSERT INTO "LINES" VALUES(1004,1,48,2);
INSERT INTO "LINES" VALUES(1005,1,47,1);
INSERT INTO "LINES" VALUES(1006,1,46,1);
INSERT INTO "LINES" VALUES(1007,1,1,1);
INSERT INTO "LINES" VALUES(1008,1,2,1);
INSERT INTO "LINES" VALUES(1009,1,3,1);
INSERT INTO "LINES" VALUES(1010,1,4,1);
INSERT INTO "LINES" VALUES(1011,1,5,1);
INSERT INTO "LINES" VALUES(1012,1,6,1);
INSERT INTO "LINES" VALUES(1013,1,7,1);
INSERT INTO "LINES" VALUES(1014,1,8,1);
INSERT INTO "LINES" VALUES(1015,1,9,1);
INSERT INTO "LINES" VALUES(1016,1,10,1);
INSERT INTO "LINES" VALUES(1017,1,11,1);
INSERT INTO "LINES" VALUES(1018,1,12,1);
INSERT INTO "LINES" VALUES(1019,1,13,1);
INSERT INTO "LINES" VALUES(1020,1,14,1);
INSERT INTO "LINES" VALUES(1021,1,15,1);
INSERT INTO "LINES" VALUES(1022,1,16,1);
INSERT INTO "LINES" VALUES(1023,1,17,1);
INSERT INTO "LINES" VALUES(1024,1,18,1);
INSERT INTO "LINES" VALUES(1025,1,19,1);
INSERT INTO "LINES" VALUES(1026,1,20,1);
INSERT INTO "LINES" VALUES(1027,1,21,1);
INSERT INTO "LINES" VALUES(1028,1,22,1);
INSERT INTO "LINES" VALUES(1029,1,23,1);
INSERT INTO "LINES" VALUES(1030,1,24,1);
INSERT INTO "LINES" VALUES(1031,1,25,1);
INSERT INTO "LINES" VALUES(1032,1,26,1);
INSERT INTO "LINES" VALUES(1033,1,27,1);
INSERT INTO "LINES" VALUES(1034,1,28,1);
INSERT INTO "LINES" VALUES(1035,1,29,1);
INSERT INTO "LINES" VALUES(1036,1,30,1);
INSERT INTO "LINES" VALUES(1037,1,31,1);
INSERT INTO "LINES" VALUES(1038,1,32,1);
INSERT INTO "LINES" VALUES(1039,1,33,1);
INSERT INTO "LINES" VALUES(1040,1,34,1);
INSERT INTO "LINES" VALUES(1041,1,35,1);
INSERT INTO "LINES" VALUES(1042,1,36,1);
INSERT INTO "LINES" VALUES(1043,1,37,1);
INSERT INTO "LINES" VALUES(1044,1,38,1);
INSERT INTO "LINES" VALUES(1045,1,39,1);
INSERT INTO "LINES" VALUES(1046,1,40,1);
INSERT INTO "LINES" VALUES(1047,1,41,1);
INSERT INTO "LINES" VALUES(1048,1,42,1);
INSERT INTO "LINES" VALUES(1049,1,43,1);
INSERT INTO "LINES" VALUES(1050,1,44,1);
INSERT INTO "LINES" VALUES(1051,1,45,1);
INSERT INTO "LINES" VALUES(1052,3,77,31);
INSERT INTO "LINES" VALUES(1053,3,76,30);
INSERT INTO "LINES" VALUES(1054,3,75,29);
INSERT INTO "LINES" VALUES(1055,3,74,28);
INSERT INTO "LINES" VALUES(1056,3,73,27);
INSERT INTO "LINES" VALUES(1057,3,72,26);
INSERT INTO "LINES" VALUES(1058,3,71,25);
INSERT INTO "LINES" VALUES(1059,3,70,24);
INSERT INTO "LINES" VALUES(1060,3,69,23);
INSERT INTO "LINES" VALUES(1061,3,68,22);
INSERT INTO "LINES" VALUES(1062,3,67,21);
INSERT INTO "LINES" VALUES(1063,3,66,20);
INSERT INTO "LINES" VALUES(1064,3,65,19);
INSERT INTO "LINES" VALUES(1065,3,64,18);
INSERT INTO "LINES" VALUES(1066,3,63,17);
INSERT INTO "LINES" VALUES(1067,3,62,16);
INSERT INTO "LINES" VALUES(1068,3,61,15);
INSERT INTO "LINES" VALUES(1069,3,60,14);
INSERT INTO "LINES" VALUES(1070,3,59,13);
INSERT INTO "LINES" VALUES(1071,3,58,12);
INSERT INTO "LINES" VALUES(1072,3,57,11);
INSERT INTO "LINES" VALUES(1073,3,56,10);
INSERT INTO "LINES" VALUES(1074,3,55,9);
INSERT INTO "LINES" VALUES(1075,3,54,8);
INSERT INTO "LINES" VALUES(1076,3,53,7);
INSERT INTO "LINES" VALUES(1077,3,52,6);
INSERT INTO "LINES" VALUES(1078,3,51,5);
INSERT INTO "LINES" VALUES(1079,3,50,4);
INSERT INTO "LINES" VALUES(1080,3,49,4);
INSERT INTO "LINES" VALUES(1081,3,48,3);
INSERT INTO "LINES" VALUES(1082,3,47,2);
INSERT INTO "LINES" VALUES(1083,3,46,1);
INSERT INTO "LINES" VALUES(1084,3,1,1);
INSERT INTO "LINES" VALUES(1085,3,2,1);
INSERT INTO "LINES" VALUES(1086,3,3,1);
INSERT INTO "LINES" VALUES(1087,3,4,1);
INSERT INTO "LINES" VALUES(1088,3,5,1);
INSERT INTO "LINES" VALUES(1089,3,6,1);
INSERT INTO "LINES" VALUES(1090,3,7,1);
INSERT INTO "LINES" VALUES(1091,3,8,1);
INSERT INTO "LINES" VALUES(1092,3,9,1);
INSERT INTO "LINES" VALUES(1093,3,10,1);
INSERT INTO "LINES" VALUES(1094,3,11,1);
INSERT INTO "LINES" VALUES(1095,3,12,1);
INSERT INTO "LINES" VALUES(1096,3,13,1);
INSERT INTO "LINES" VALUES(1097,3,14,1);
INSERT INTO "LINES" VALUES(1098,3,15,1);
INSERT INTO "LINES" VALUES(1099,3,16,1);
INSERT INTO "LINES" VALUES(1100,3,17,1);
INSERT INTO "LINES" VALUES(1101,3,18,1);
INSERT INTO "LINES" VALUES(1102,3,19,1);
INSERT INTO "LINES" VALUES(1103,3,20,1);
INSERT INTO "LINES" VALUES(1104,3,21,1);
INSERT INTO "LINES" VALUES(1105,3,22,1);
INSERT INTO "LINES" VALUES(1106,3,23,1);
INSERT INTO "LINES" VALUES(1107,3,24,1);
INSERT INTO "LINES" VALUES(1108,3,25,1);
INSERT INTO "LINES" VALUES(1109,3,26,1);
INSERT INTO "LINES" VALUES(1110,3,27,1);
INSERT INTO "LINES" VALUES(1111,3,28,1);
INSERT INTO "LINES" VALUES(1112,3,29,1);
INSERT INTO "LINES" VALUES(1113,3,30,1);
INSERT INTO "LINES" VALUES(1114,3,31,1);
INSERT INTO "LINES" VALUES(1115,3,32,1);
INSERT INTO "LINES" VALUES(1116,3,33,1);
INSERT INTO "LINES" VALUES(1117,3,34,1);
INSERT INTO "LINES" VALUES(1118,3,35,1);
INSERT INTO "LINES" VALUES(1119,3,36,1);
INSERT INTO "LINES" VALUES(1120,3,37,1);
INSERT INTO "LINES" VALUES(1121,3,38,1);
INSERT INTO "LINES" VALUES(1122,3,39,1);
INSERT INTO "LINES" VALUES(1123,3,40,1);
INSERT INTO "LINES" VALUES(1124,3,41,1);
INSERT INTO "LINES" VALUES(1125,3,42,1);
INSERT INTO "LINES" VALUES(1126,3,43,1);
INSERT INTO "LINES" VALUES(1127,3,44,1);
INSERT INTO "LINES" VALUES(1128,3,45,1);
INSERT INTO "LINES" VALUES(1135,2,62,16);
INSERT INTO "LINES" VALUES(1136,2,61,15);
INSERT INTO "LINES" VALUES(1137,2,60,14);
INSERT INTO "LINES" VALUES(1138,2,59,13);
INSERT INTO "LINES" VALUES(1139,2,58,12);
INSERT INTO "LINES" VALUES(1140,2,57,11);
INSERT INTO "LINES" VALUES(1141,2,56,10);
INSERT INTO "LINES" VALUES(1142,2,55,9);
INSERT INTO "LINES" VALUES(1143,2,54,8);
INSERT INTO "LINES" VALUES(1144,2,53,7);
INSERT INTO "LINES" VALUES(1145,2,52,6);
INSERT INTO "LINES" VALUES(1146,2,51,6);
INSERT INTO "LINES" VALUES(1147,2,50,5);
INSERT INTO "LINES" VALUES(1148,2,49,4);
INSERT INTO "LINES" VALUES(1149,2,48,3);
INSERT INTO "LINES" VALUES(1150,2,47,2);
INSERT INTO "LINES" VALUES(1151,2,46,1);
INSERT INTO "LINES" VALUES(1152,2,1,1);
INSERT INTO "LINES" VALUES(1153,2,2,1);
INSERT INTO "LINES" VALUES(1154,2,3,1);
INSERT INTO "LINES" VALUES(1155,2,4,1);
INSERT INTO "LINES" VALUES(1156,2,5,1);
INSERT INTO "LINES" VALUES(1157,2,6,1);
INSERT INTO "LINES" VALUES(1158,2,7,1);
INSERT INTO "LINES" VALUES(1159,2,8,1);
INSERT INTO "LINES" VALUES(1160,2,9,1);
INSERT INTO "LINES" VALUES(1161,2,10,1);
INSERT INTO "LINES" VALUES(1162,2,11,1);
INSERT INTO "LINES" VALUES(1163,2,12,1);
INSERT INTO "LINES" VALUES(1164,2,13,1);
INSERT INTO "LINES" VALUES(1165,2,14,1);
INSERT INTO "LINES" VALUES(1166,2,15,1);
INSERT INTO "LINES" VALUES(1167,2,16,1);
INSERT INTO "LINES" VALUES(1168,2,17,1);
INSERT INTO "LINES" VALUES(1169,2,18,1);
INSERT INTO "LINES" VALUES(1170,2,19,1);
INSERT INTO "LINES" VALUES(1171,2,20,1);
INSERT INTO "LINES" VALUES(1172,2,21,1);
INSERT INTO "LINES" VALUES(1173,2,22,1);
INSERT INTO "LINES" VALUES(1174,2,23,1);
INSERT INTO "LINES" VALUES(1175,2,24,1);
INSERT INTO "LINES" VALUES(1176,2,25,1);
INSERT INTO "LINES" VALUES(1177,2,26,1);
INSERT INTO "LINES" VALUES(1178,2,27,1);
INSERT INTO "LINES" VALUES(1179,2,28,1);
INSERT INTO "LINES" VALUES(1180,2,29,1);
INSERT INTO "LINES" VALUES(1181,2,30,1);
INSERT INTO "LINES" VALUES(1182,2,31,1);
INSERT INTO "LINES" VALUES(1183,2,32,1);
INSERT INTO "LINES" VALUES(1184,2,33,1);
INSERT INTO "LINES" VALUES(1185,2,34,1);
INSERT INTO "LINES" VALUES(1186,2,35,1);
INSERT INTO "LINES" VALUES(1187,2,36,1);
INSERT INTO "LINES" VALUES(1188,2,37,1);
INSERT INTO "LINES" VALUES(1189,2,38,1);
INSERT INTO "LINES" VALUES(1190,2,39,1);
INSERT INTO "LINES" VALUES(1191,2,40,1);
INSERT INTO "LINES" VALUES(1192,2,41,1);
INSERT INTO "LINES" VALUES(1193,2,42,1);
INSERT INTO "LINES" VALUES(1194,2,43,1);
INSERT INTO "LINES" VALUES(1195,2,44,1);
INSERT INTO "LINES" VALUES(1196,2,45,1);
CREATE TABLE `LINES_REPLACEMENTS` (`line_id`  INTEGER NOT NULL,`replacement_id`  INTEGER NOT NULL,PRIMARY KEY(line_id, replacement_id), FOREIGN KEY(`line_id`) REFERENCES LINES(id), FOREIGN KEY(`replacement_id`) REFERENCES REPLACEMENTS(id) );
CREATE TABLE `RELATIONS` (`file_id`  INTEGER NOT NULL,`dep_id`   INTEGER NOT NULL,`dependency_timestamp` DATETIME NOT NULL,PRIMARY KEY(file_id, dep_id), FOREIGN KEY(`file_id`) REFERENCES FILES(id), FOREIGN KEY(`dep_id`) REFERENCES FILES(id) );
INSERT INTO "RELATIONS" VALUES(7,8,1427218226);
INSERT INTO "RELATIONS" VALUES(7,9,1427389099);
INSERT INTO "RELATIONS" VALUES(7,12,1427220376);
INSERT INTO "RELATIONS" VALUES(7,13,1427397043);
INSERT INTO "RELATIONS" VALUES(10,9,1427389099);
INSERT INTO "RELATIONS" VALUES(10,11,1427218446);
INSERT INTO "RELATIONS" VALUES(10,12,1427220376);
INSERT INTO "RELATIONS" VALUES(10,14,1427214610);
INSERT INTO "RELATIONS" VALUES(17,9,1427389099);
INSERT INTO "RELATIONS" VALUES(17,18,1427215817);
INSERT INTO "RELATIONS" VALUES(17,12,1427220376);
INSERT INTO "RELATIONS" VALUES(17,19,1427212284);
CREATE TABLE `REPLACEMENTS` (`id`  INTEGER NOT NULL PRIMARY KEY AUTOINCREMENT,`file_id`   INTEGER NOT NULL,`start_line` INTEGER NOT NULL,`lines_replaced` INTEGER NOT NULL,`lines_in_replacement` INTEGER NOT NULL,`comes_from_start_line` INTEGER NOT NULL,`comes_from_end_line` INTEGER NOT NULL,`comes_from_file_id` INTEGER NOT NULL,`transformation_id` INTEGER NOT NULL,`unhandled` INTEGER DEFAULT(1),`replacement_text` TEXT NOT NULL,FOREIGN KEY(`file_id`) REFERENCES FILES(id), FOREIGN KEY(`comes_from_file_id`) REFERENCES FILES(id), FOREIGN KEY(`transformation_id`) REFERENCES TRANSFORMATIONS(id) );
INSERT INTO "REPLACEMENTS" VALUES(1,3,16,0,0,16,16,3,1,0,'int ');
INSERT INTO "REPLACEMENTS" VALUES(2,3,19,0,0,19,19,3,1,0,'int ');
INSERT INTO "REPLACEMENTS" VALUES(3,3,20,0,0,20,20,3,1,0,'char ');
INSERT INTO "REPLACEMENTS" VALUES(4,3,21,0,0,21,21,3,1,0,'unsigned int ');
INSERT INTO "REPLACEMENTS" VALUES(5,1,23,0,5,23,23,1,1,0,'{
std::_Vector_iterator<std::basic_string<char, std::char_traits<char>, std::allocator<char> >, std::allocator<std::basic_string<char, std::char_traits<char>, std::allocator<char> > > > __begin = (myVec).begin();
std::_Vector_iterator<std::basic_string<char, std::char_traits<char>, std::allocator<char> >, std::allocator<std::basic_string<char, std::char_traits<char>, std::allocator<char> > > > __end = (myVec).end();
for(;__begin != __end; ++ __begin) {
std::basic_string<char, std::char_traits<char>, std::allocator<char> > s = *__begin;
');
INSERT INTO "REPLACEMENTS" VALUES(6,1,26,0,3,26,26,1,1,0,'
}
}
');
INSERT INTO "REPLACEMENTS" VALUES(7,1,27,0,0,27,27,1,1,0,'int ');
INSERT INTO "REPLACEMENTS" VALUES(8,1,28,0,0,28,28,1,1,0,'int ');
INSERT INTO "REPLACEMENTS" VALUES(9,6,1,0,45,1,1,6,9,0,'
/*1000000001*/

/*BACKPORT MOVE TOOLS BEGIN*/

#ifndef BACKPORT_MOVE_TOOLS_DEFINED

#define BACKPORT_MOVE_TOOLS_DEFINED
namespace backport {

template<class T> class rv {

private:

T _placeholder;

rv();

~rv();

rv(rv const&);

void operator=(rv const&);

};

template<class T>

rv<T>& move(T const &x)

{ return *reinterpret_cast<rv<T> *>(reinterpret_cast<T*>(&const_cast<char &>(reinterpret_cast<const volatile char &>(static_cast<T const &>(x))))); }

template<class T>

rv<T>& move(rv<T> &x)

{ return x; }

}

#endif // not defined BACKPORT_MOVE_TOOLS_DEFINED



/*BACKPORT MOVE TOOLS END*/
');
INSERT INTO "REPLACEMENTS" VALUES(10,3,1,0,45,1,1,3,9,0,'
/*1000000001*/

/*BACKPORT MOVE TOOLS BEGIN*/

#ifndef BACKPORT_MOVE_TOOLS_DEFINED

#define BACKPORT_MOVE_TOOLS_DEFINED
namespace backport {

template<class T> class rv {

private:

T _placeholder;

rv();

~rv();

rv(rv const&);

void operator=(rv const&);

};

template<class T>

rv<T>& move(T const &x)

{ return *reinterpret_cast<rv<T> *>(reinterpret_cast<T*>(&const_cast<char &>(reinterpret_cast<const volatile char &>(static_cast<T const &>(x))))); }

template<class T>

rv<T>& move(rv<T> &x)

{ return x; }

}

#endif // not defined BACKPORT_MOVE_TOOLS_DEFINED



/*BACKPORT MOVE TOOLS END*/
');
INSERT INTO "REPLACEMENTS" VALUES(11,2,1,0,45,1,1,2,9,0,'
/*1000000001*/

/*BACKPORT MOVE TOOLS BEGIN*/

#ifndef BACKPORT_MOVE_TOOLS_DEFINED

#define BACKPORT_MOVE_TOOLS_DEFINED
namespace backport {

template<class T> class rv {

private:

T _placeholder;

rv();

~rv();

rv(rv const&);

void operator=(rv const&);

};

template<class T>

rv<T>& move(T const &x)

{ return *reinterpret_cast<rv<T> *>(reinterpret_cast<T*>(&const_cast<char &>(reinterpret_cast<const volatile char &>(static_cast<T const &>(x))))); }

template<class T>

rv<T>& move(rv<T> &x)

{ return x; }

}

#endif // not defined BACKPORT_MOVE_TOOLS_DEFINED



/*BACKPORT MOVE TOOLS END*/
');
INSERT INTO "REPLACEMENTS" VALUES(12,1,1,0,45,1,1,1,9,0,'
/*1000000001*/

/*BACKPORT MOVE TOOLS BEGIN*/

#ifndef BACKPORT_MOVE_TOOLS_DEFINED

#define BACKPORT_MOVE_TOOLS_DEFINED
namespace backport {

template<class T> class rv {

private:

T _placeholder;

rv();

~rv();

rv(rv const&);

void operator=(rv const&);

};

template<class T>

rv<T>& move(T const &x)

{ return *reinterpret_cast<rv<T> *>(reinterpret_cast<T*>(&const_cast<char &>(reinterpret_cast<const volatile char &>(static_cast<T const &>(x))))); }

template<class T>

rv<T>& move(rv<T> &x)

{ return x; }

}

#endif // not defined BACKPORT_MOVE_TOOLS_DEFINED



/*BACKPORT MOVE TOOLS END*/
');
INSERT INTO "REPLACEMENTS" VALUES(13,3,16,0,0,16,16,3,1,0,'int ');
INSERT INTO "REPLACEMENTS" VALUES(14,3,19,0,0,19,19,3,1,0,'int ');
INSERT INTO "REPLACEMENTS" VALUES(15,3,20,0,0,20,20,3,1,0,'char ');
INSERT INTO "REPLACEMENTS" VALUES(16,3,21,0,0,21,21,3,1,0,'unsigned int ');
INSERT INTO "REPLACEMENTS" VALUES(17,15,26,0,5,26,26,15,1,0,'{
std::_Vector_iterator<std::basic_string<char, std::char_traits<char>, std::allocator<char> >, std::allocator<std::basic_string<char, std::char_traits<char>, std::allocator<char> > > > __begin = (myVec).begin();
std::_Vector_iterator<std::basic_string<char, std::char_traits<char>, std::allocator<char> >, std::allocator<std::basic_string<char, std::char_traits<char>, std::allocator<char> > > > __end = (myVec).end();
for(;__begin != __end; ++ __begin) {
std::basic_string<char, std::char_traits<char>, std::allocator<char> > s = *__begin;
');
INSERT INTO "REPLACEMENTS" VALUES(18,15,29,0,3,29,29,15,1,0,'
}
}
');
INSERT INTO "REPLACEMENTS" VALUES(19,15,30,0,0,30,30,15,1,0,'int ');
INSERT INTO "REPLACEMENTS" VALUES(20,6,1,0,45,1,1,6,9,0,'
/*1000000001*/

/*BACKPORT MOVE TOOLS BEGIN*/

#ifndef BACKPORT_MOVE_TOOLS_DEFINED

#define BACKPORT_MOVE_TOOLS_DEFINED
namespace backport {

template<class T> class rv {

private:

T _placeholder;

rv();

~rv();

rv(rv const&);

void operator=(rv const&);

};

template<class T>

rv<T>& move(T const &x)

{ return *reinterpret_cast<rv<T> *>(reinterpret_cast<T*>(&const_cast<char &>(reinterpret_cast<const volatile char &>(static_cast<T const &>(x))))); }

template<class T>

rv<T>& move(rv<T> &x)

{ return x; }

}

#endif // not defined BACKPORT_MOVE_TOOLS_DEFINED



/*BACKPORT MOVE TOOLS END*/
');
INSERT INTO "REPLACEMENTS" VALUES(21,3,1,0,45,1,1,3,9,0,'
/*1000000001*/

/*BACKPORT MOVE TOOLS BEGIN*/

#ifndef BACKPORT_MOVE_TOOLS_DEFINED

#define BACKPORT_MOVE_TOOLS_DEFINED
namespace backport {

template<class T> class rv {

private:

T _placeholder;

rv();

~rv();

rv(rv const&);

void operator=(rv const&);

};

template<class T>

rv<T>& move(T const &x)

{ return *reinterpret_cast<rv<T> *>(reinterpret_cast<T*>(&const_cast<char &>(reinterpret_cast<const volatile char &>(static_cast<T const &>(x))))); }

template<class T>

rv<T>& move(rv<T> &x)

{ return x; }

}

#endif // not defined BACKPORT_MOVE_TOOLS_DEFINED



/*BACKPORT MOVE TOOLS END*/
');
INSERT INTO "REPLACEMENTS" VALUES(22,16,1,0,45,1,1,16,9,0,'
/*1000000001*/

/*BACKPORT MOVE TOOLS BEGIN*/

#ifndef BACKPORT_MOVE_TOOLS_DEFINED

#define BACKPORT_MOVE_TOOLS_DEFINED
namespace backport {

template<class T> class rv {

private:

T _placeholder;

rv();

~rv();

rv(rv const&);

void operator=(rv const&);

};

template<class T>

rv<T>& move(T const &x)

{ return *reinterpret_cast<rv<T> *>(reinterpret_cast<T*>(&const_cast<char &>(reinterpret_cast<const volatile char &>(static_cast<T const &>(x))))); }

template<class T>

rv<T>& move(rv<T> &x)

{ return x; }

}

#endif // not defined BACKPORT_MOVE_TOOLS_DEFINED



/*BACKPORT MOVE TOOLS END*/
');
INSERT INTO "REPLACEMENTS" VALUES(23,15,1,0,45,1,1,15,9,0,'
/*1000000001*/

/*BACKPORT MOVE TOOLS BEGIN*/

#ifndef BACKPORT_MOVE_TOOLS_DEFINED

#define BACKPORT_MOVE_TOOLS_DEFINED
namespace backport {

template<class T> class rv {

private:

T _placeholder;

rv();

~rv();

rv(rv const&);

void operator=(rv const&);

};

template<class T>

rv<T>& move(T const &x)

{ return *reinterpret_cast<rv<T> *>(reinterpret_cast<T*>(&const_cast<char &>(reinterpret_cast<const volatile char &>(static_cast<T const &>(x))))); }

template<class T>

rv<T>& move(rv<T> &x)

{ return x; }

}

#endif // not defined BACKPORT_MOVE_TOOLS_DEFINED



/*BACKPORT MOVE TOOLS END*/
');
INSERT INTO "REPLACEMENTS" VALUES(24,3,16,0,0,16,16,3,1,0,'int ');
INSERT INTO "REPLACEMENTS" VALUES(25,3,19,0,0,19,19,3,1,0,'int ');
INSERT INTO "REPLACEMENTS" VALUES(26,3,20,0,0,20,20,3,1,0,'char ');
INSERT INTO "REPLACEMENTS" VALUES(27,3,21,0,0,21,21,3,1,0,'unsigned int ');
INSERT INTO "REPLACEMENTS" VALUES(28,1,23,0,5,23,23,1,1,0,'{
std::_Vector_iterator<std::basic_string<char, std::char_traits<char>, std::allocator<char> >, std::allocator<std::basic_string<char, std::char_traits<char>, std::allocator<char> > > > __begin = (myVec).begin();
std::_Vector_iterator<std::basic_string<char, std::char_traits<char>, std::allocator<char> >, std::allocator<std::basic_string<char, std::char_traits<char>, std::allocator<char> > > > __end = (myVec).end();
for(;__begin != __end; ++ __begin) {
std::basic_string<char, std::char_traits<char>, std::allocator<char> > s = *__begin;
');
INSERT INTO "REPLACEMENTS" VALUES(29,1,26,0,3,26,26,1,1,0,'
}
}
');
INSERT INTO "REPLACEMENTS" VALUES(30,1,27,0,0,27,27,1,1,0,'int ');
INSERT INTO "REPLACEMENTS" VALUES(31,1,28,0,0,28,28,1,1,0,'int ');
INSERT INTO "REPLACEMENTS" VALUES(32,6,1,0,45,1,1,6,9,1,'
/*1000000001*/

/*BACKPORT MOVE TOOLS BEGIN*/

#ifndef BACKPORT_MOVE_TOOLS_DEFINED

#define BACKPORT_MOVE_TOOLS_DEFINED
namespace backport {

template<class T> class rv {

private:

T _placeholder;

rv();

~rv();

rv(rv const&);

void operator=(rv const&);

};

template<class T>

rv<T>& move(T const &x)

{ return *reinterpret_cast<rv<T> *>(reinterpret_cast<T*>(&const_cast<char &>(reinterpret_cast<const volatile char &>(static_cast<T const &>(x))))); }

template<class T>

rv<T>& move(rv<T> &x)

{ return x; }

}

#endif // not defined BACKPORT_MOVE_TOOLS_DEFINED



/*BACKPORT MOVE TOOLS END*/
');
INSERT INTO "REPLACEMENTS" VALUES(33,3,1,0,45,1,1,3,9,0,'
/*1000000001*/

/*BACKPORT MOVE TOOLS BEGIN*/

#ifndef BACKPORT_MOVE_TOOLS_DEFINED

#define BACKPORT_MOVE_TOOLS_DEFINED
namespace backport {

template<class T> class rv {

private:

T _placeholder;

rv();

~rv();

rv(rv const&);

void operator=(rv const&);

};

template<class T>

rv<T>& move(T const &x)

{ return *reinterpret_cast<rv<T> *>(reinterpret_cast<T*>(&const_cast<char &>(reinterpret_cast<const volatile char &>(static_cast<T const &>(x))))); }

template<class T>

rv<T>& move(rv<T> &x)

{ return x; }

}

#endif // not defined BACKPORT_MOVE_TOOLS_DEFINED



/*BACKPORT MOVE TOOLS END*/
');
INSERT INTO "REPLACEMENTS" VALUES(34,2,1,0,45,1,1,2,9,0,'
/*1000000001*/

/*BACKPORT MOVE TOOLS BEGIN*/

#ifndef BACKPORT_MOVE_TOOLS_DEFINED

#define BACKPORT_MOVE_TOOLS_DEFINED
namespace backport {

template<class T> class rv {

private:

T _placeholder;

rv();

~rv();

rv(rv const&);

void operator=(rv const&);

};

template<class T>

rv<T>& move(T const &x)

{ return *reinterpret_cast<rv<T> *>(reinterpret_cast<T*>(&const_cast<char &>(reinterpret_cast<const volatile char &>(static_cast<T const &>(x))))); }

template<class T>

rv<T>& move(rv<T> &x)

{ return x; }

}

#endif // not defined BACKPORT_MOVE_TOOLS_DEFINED



/*BACKPORT MOVE TOOLS END*/
');
INSERT INTO "REPLACEMENTS" VALUES(35,1,1,0,45,1,1,1,9,0,'
/*1000000001*/

/*BACKPORT MOVE TOOLS BEGIN*/

#ifndef BACKPORT_MOVE_TOOLS_DEFINED

#define BACKPORT_MOVE_TOOLS_DEFINED
namespace backport {

template<class T> class rv {

private:

T _placeholder;

rv();

~rv();

rv(rv const&);

void operator=(rv const&);

};

template<class T>

rv<T>& move(T const &x)

{ return *reinterpret_cast<rv<T> *>(reinterpret_cast<T*>(&const_cast<char &>(reinterpret_cast<const volatile char &>(static_cast<T const &>(x))))); }

template<class T>

rv<T>& move(rv<T> &x)

{ return x; }

}

#endif // not defined BACKPORT_MOVE_TOOLS_DEFINED



/*BACKPORT MOVE TOOLS END*/
');
CREATE TABLE `TRANSFORMATIONS` (`id`  INTEGER NOT NULL PRIMARY KEY AUTOINCREMENT,`name` TEXT NOT NULL);
INSERT INTO "TRANSFORMATIONS" VALUES(1,'MultipleTransforms');
INSERT INTO "TRANSFORMATIONS" VALUES(9,'ReplaceRvalueRef');
DELETE FROM "sqlite_sequence";
INSERT INTO "sqlite_sequence" VALUES('FILES',19);
INSERT INTO "sqlite_sequence" VALUES('LINES',1196);
INSERT INTO "sqlite_sequence" VALUES('TRANSFORMATIONS',35);
INSERT INTO "sqlite_sequence" VALUES('REPLACEMENTS',35);
CREATE UNIQUE INDEX FILES_INDEX ON FILES (path);
CREATE UNIQUE INDEX FILES_INDEX_ID ON FILES (id);
CREATE UNIQUE INDEX COMP_UNIT_INDEX ON COMPILATION_UNIT (id);
CREATE INDEX RELATIONS_INDEX ON RELATIONS (file_id, dep_id);
CREATE UNIQUE INDEX TRANSFORMATIONS_INDEX_NAME ON TRANSFORMATIONS (name);
CREATE UNIQUE INDEX TRANSFORMATIONS_INDEX_ID ON TRANSFORMATIONS (id);
CREATE UNIQUE INDEX REPLACEMENT_INDEX_4 ON REPLACEMENTS (id, file_id, start_line, lines_replaced, replacement_text);
CREATE UNIQUE INDEX REPLACEMENT_INDEX_1 ON REPLACEMENTS (id);
CREATE INDEX REPLACEMENT_INDEX_3 ON REPLACEMENTS (transformation_id);
CREATE INDEX REPLACEMENT_INDEX_2 ON REPLACEMENTS (file_id);
CREATE UNIQUE INDEX LINES_INDEX_FILE_ID_LINE ON LINES (file_id, line);
CREATE UNIQUE INDEX LINES_INDEX_ID ON LINES (id);
CREATE UNIQUE INDEX LINES_REPLACEMENTS_INDEX_LINE_ID_REPLACEMENT_ID ON LINES_REPLACEMENTS (line_id, replacement_id);
CREATE INDEX LINES_REPLACEMENTS_INDEX_REPLACEMENT_ID ON LINES_REPLACEMENTS (replacement_id);
CREATE INDEX LINES_REPLACEMENTS_INDEX_ID ON LINES_REPLACEMENTS (line_id);
COMMIT;