BEGIN TRANSACTION;
CREATE TABLE `COMPILATION_UNIT` ( `id`   INTEGER NOT NULL PRIMARY KEY,`timestamp`    DATETIME NOT NULL, `cmd_args` TEXT NOT NULL, FOREIGN KEY(`id`) REFERENCES FILES(id) );
INSERT INTO "COMPILATION_UNIT" VALUES(7,1427387312,' cl.exe -c work/A.cpp -o2');
INSERT INTO "COMPILATION_UNIT" VALUES(10,1427215320,' cl.exe -c work/B.cpp -o2');
INSERT INTO "COMPILATION_UNIT" VALUES(17,1427461578,' cl.exe -c work/C.cpp -o2');
CREATE TABLE `FILES` ( `id`   INTEGER NOT NULL PRIMARY KEY AUTOINCREMENT,`number_of_lines` INTEGER,`path` TEXT NOT NULL);
INSERT INTO "FILES" VALUES(1,42,'work/temp/A.cpp');
INSERT INTO "FILES" VALUES(2,21,'work/temp/A.h');
INSERT INTO "FILES" VALUES(3,37,'work/temp/All.h');
INSERT INTO "FILES" VALUES(4,NULL,'work/temp/B.cpp');
INSERT INTO "FILES" VALUES(5,NULL,'work/temp/B.h');
INSERT INTO "FILES" VALUES(6,10,'work/temp/IncAll.h');
INSERT INTO "FILES" VALUES(7,NULL,'work/A.cpp');
INSERT INTO "FILES" VALUES(8,NULL,'work/A.h');
INSERT INTO "FILES" VALUES(9,NULL,'work/All.h');
INSERT INTO "FILES" VALUES(10,NULL,'work/B.cpp');
INSERT INTO "FILES" VALUES(11,NULL,'work/B.h');
INSERT INTO "FILES" VALUES(12,NULL,'work/IncAll.h');
INSERT INTO "FILES" VALUES(13,NULL,'work/OnlyA.h');
INSERT INTO "FILES" VALUES(14,NULL,'work/OnlyB.h');
INSERT INTO "FILES" VALUES(15,42,'work/temp/C.cpp');
INSERT INTO "FILES" VALUES(16,24,'work/temp/C.h');
INSERT INTO "FILES" VALUES(17,NULL,'work/C.cpp');
INSERT INTO "FILES" VALUES(18,NULL,'work/C.h');
INSERT INTO "FILES" VALUES(19,NULL,'work/OnlyC.h');
INSERT INTO "FILES" VALUES(20,12,'work/temp/AllNew.h');
INSERT INTO "FILES" VALUES(21,NULL,'work/AllNew.h');
CREATE TABLE `LINES` (`id`   INTEGER NOT NULL PRIMARY KEY AUTOINCREMENT,`file_id`  INTEGER NOT NULL,`line`  INTEGER NOT NULL,`original_line`  INTEGER NOT NULL,FOREIGN KEY(`file_id`) REFERENCES FILES(id) );
INSERT INTO "LINES" VALUES(6640,6,55,1);
INSERT INTO "LINES" VALUES(6641,6,54,1);
INSERT INTO "LINES" VALUES(6642,6,53,1);
INSERT INTO "LINES" VALUES(6643,6,52,1);
INSERT INTO "LINES" VALUES(6644,6,51,1);
INSERT INTO "LINES" VALUES(6645,6,50,1);
INSERT INTO "LINES" VALUES(6646,6,49,1);
INSERT INTO "LINES" VALUES(6647,6,48,1);
INSERT INTO "LINES" VALUES(6648,6,47,1);
INSERT INTO "LINES" VALUES(6649,6,46,1);
INSERT INTO "LINES" VALUES(6650,6,1,1);
INSERT INTO "LINES" VALUES(6651,6,2,1);
INSERT INTO "LINES" VALUES(6652,6,3,1);
INSERT INTO "LINES" VALUES(6653,6,4,1);
INSERT INTO "LINES" VALUES(6654,6,5,1);
INSERT INTO "LINES" VALUES(6655,6,6,1);
INSERT INTO "LINES" VALUES(6656,6,7,1);
INSERT INTO "LINES" VALUES(6657,6,8,1);
INSERT INTO "LINES" VALUES(6658,6,9,1);
INSERT INTO "LINES" VALUES(6659,6,10,1);
INSERT INTO "LINES" VALUES(6660,6,11,1);
INSERT INTO "LINES" VALUES(6661,6,12,1);
INSERT INTO "LINES" VALUES(6662,6,13,1);
INSERT INTO "LINES" VALUES(6663,6,14,1);
INSERT INTO "LINES" VALUES(6664,6,15,1);
INSERT INTO "LINES" VALUES(6665,6,16,1);
INSERT INTO "LINES" VALUES(6666,6,17,1);
INSERT INTO "LINES" VALUES(6667,6,18,1);
INSERT INTO "LINES" VALUES(6668,6,19,1);
INSERT INTO "LINES" VALUES(6669,6,20,1);
INSERT INTO "LINES" VALUES(6670,6,21,1);
INSERT INTO "LINES" VALUES(6671,6,22,1);
INSERT INTO "LINES" VALUES(6672,6,23,1);
INSERT INTO "LINES" VALUES(6673,6,24,1);
INSERT INTO "LINES" VALUES(6674,6,25,1);
INSERT INTO "LINES" VALUES(6675,6,26,1);
INSERT INTO "LINES" VALUES(6676,6,27,1);
INSERT INTO "LINES" VALUES(6677,6,28,1);
INSERT INTO "LINES" VALUES(6678,6,29,1);
INSERT INTO "LINES" VALUES(6679,6,30,1);
INSERT INTO "LINES" VALUES(6680,6,31,1);
INSERT INTO "LINES" VALUES(6681,6,32,1);
INSERT INTO "LINES" VALUES(6682,6,33,1);
INSERT INTO "LINES" VALUES(6683,6,34,1);
INSERT INTO "LINES" VALUES(6684,6,35,1);
INSERT INTO "LINES" VALUES(6685,6,36,1);
INSERT INTO "LINES" VALUES(6686,6,37,1);
INSERT INTO "LINES" VALUES(6687,6,38,1);
INSERT INTO "LINES" VALUES(6688,6,39,1);
INSERT INTO "LINES" VALUES(6689,6,40,1);
INSERT INTO "LINES" VALUES(6690,6,41,1);
INSERT INTO "LINES" VALUES(6691,6,42,1);
INSERT INTO "LINES" VALUES(6692,6,43,1);
INSERT INTO "LINES" VALUES(6693,6,44,1);
INSERT INTO "LINES" VALUES(6694,6,45,1);
INSERT INTO "LINES" VALUES(7351,15,87,33);
INSERT INTO "LINES" VALUES(7352,15,86,32);
INSERT INTO "LINES" VALUES(7353,15,85,31);
INSERT INTO "LINES" VALUES(7354,15,84,30);
INSERT INTO "LINES" VALUES(7355,15,83,31);
INSERT INTO "LINES" VALUES(7356,15,82,31);
INSERT INTO "LINES" VALUES(7357,15,81,31);
INSERT INTO "LINES" VALUES(7358,15,80,29);
INSERT INTO "LINES" VALUES(7359,15,79,28);
INSERT INTO "LINES" VALUES(7360,15,78,27);
INSERT INTO "LINES" VALUES(7361,15,77,28);
INSERT INTO "LINES" VALUES(7362,15,76,28);
INSERT INTO "LINES" VALUES(7363,15,75,28);
INSERT INTO "LINES" VALUES(7364,15,74,28);
INSERT INTO "LINES" VALUES(7365,15,73,28);
INSERT INTO "LINES" VALUES(7366,15,72,26);
INSERT INTO "LINES" VALUES(7367,15,71,25);
INSERT INTO "LINES" VALUES(7368,15,70,24);
INSERT INTO "LINES" VALUES(7369,15,69,23);
INSERT INTO "LINES" VALUES(7370,15,68,22);
INSERT INTO "LINES" VALUES(7371,15,67,21);
INSERT INTO "LINES" VALUES(7372,15,66,20);
INSERT INTO "LINES" VALUES(7373,15,65,19);
INSERT INTO "LINES" VALUES(7374,15,64,18);
INSERT INTO "LINES" VALUES(7375,15,63,17);
INSERT INTO "LINES" VALUES(7376,15,62,16);
INSERT INTO "LINES" VALUES(7377,15,61,15);
INSERT INTO "LINES" VALUES(7378,15,60,14);
INSERT INTO "LINES" VALUES(7379,15,59,13);
INSERT INTO "LINES" VALUES(7380,15,58,12);
INSERT INTO "LINES" VALUES(7381,15,57,11);
INSERT INTO "LINES" VALUES(7382,15,56,10);
INSERT INTO "LINES" VALUES(7383,15,55,9);
INSERT INTO "LINES" VALUES(7384,15,54,8);
INSERT INTO "LINES" VALUES(7385,15,53,7);
INSERT INTO "LINES" VALUES(7386,15,52,6);
INSERT INTO "LINES" VALUES(7387,15,51,5);
INSERT INTO "LINES" VALUES(7388,15,50,4);
INSERT INTO "LINES" VALUES(7389,15,49,3);
INSERT INTO "LINES" VALUES(7390,15,48,2);
INSERT INTO "LINES" VALUES(7391,15,47,1);
INSERT INTO "LINES" VALUES(7392,15,46,1);
INSERT INTO "LINES" VALUES(7393,15,1,1);
INSERT INTO "LINES" VALUES(7394,15,2,1);
INSERT INTO "LINES" VALUES(7395,15,3,1);
INSERT INTO "LINES" VALUES(7396,15,4,1);
INSERT INTO "LINES" VALUES(7397,15,5,1);
INSERT INTO "LINES" VALUES(7398,15,6,1);
INSERT INTO "LINES" VALUES(7399,15,7,1);
INSERT INTO "LINES" VALUES(7400,15,8,1);
INSERT INTO "LINES" VALUES(7401,15,9,1);
INSERT INTO "LINES" VALUES(7402,15,10,1);
INSERT INTO "LINES" VALUES(7403,15,11,1);
INSERT INTO "LINES" VALUES(7404,15,12,1);
INSERT INTO "LINES" VALUES(7405,15,13,1);
INSERT INTO "LINES" VALUES(7406,15,14,1);
INSERT INTO "LINES" VALUES(7407,15,15,1);
INSERT INTO "LINES" VALUES(7408,15,16,1);
INSERT INTO "LINES" VALUES(7409,15,17,1);
INSERT INTO "LINES" VALUES(7410,15,18,1);
INSERT INTO "LINES" VALUES(7411,15,19,1);
INSERT INTO "LINES" VALUES(7412,15,20,1);
INSERT INTO "LINES" VALUES(7413,15,21,1);
INSERT INTO "LINES" VALUES(7414,15,22,1);
INSERT INTO "LINES" VALUES(7415,15,23,1);
INSERT INTO "LINES" VALUES(7416,15,24,1);
INSERT INTO "LINES" VALUES(7417,15,25,1);
INSERT INTO "LINES" VALUES(7418,15,26,1);
INSERT INTO "LINES" VALUES(7419,15,27,1);
INSERT INTO "LINES" VALUES(7420,15,28,1);
INSERT INTO "LINES" VALUES(7421,15,29,1);
INSERT INTO "LINES" VALUES(7422,15,30,1);
INSERT INTO "LINES" VALUES(7423,15,31,1);
INSERT INTO "LINES" VALUES(7424,15,32,1);
INSERT INTO "LINES" VALUES(7425,15,33,1);
INSERT INTO "LINES" VALUES(7426,15,34,1);
INSERT INTO "LINES" VALUES(7427,15,35,1);
INSERT INTO "LINES" VALUES(7428,15,36,1);
INSERT INTO "LINES" VALUES(7429,15,37,1);
INSERT INTO "LINES" VALUES(7430,15,38,1);
INSERT INTO "LINES" VALUES(7431,15,39,1);
INSERT INTO "LINES" VALUES(7432,15,40,1);
INSERT INTO "LINES" VALUES(7433,15,41,1);
INSERT INTO "LINES" VALUES(7434,15,42,1);
INSERT INTO "LINES" VALUES(7435,15,43,1);
INSERT INTO "LINES" VALUES(7436,15,44,1);
INSERT INTO "LINES" VALUES(7437,15,45,1);
INSERT INTO "LINES" VALUES(7520,4,18,17);
INSERT INTO "LINES" VALUES(7521,4,17,16);
INSERT INTO "LINES" VALUES(7522,4,16,15);
INSERT INTO "LINES" VALUES(7523,4,15,14);
INSERT INTO "LINES" VALUES(7524,4,14,13);
INSERT INTO "LINES" VALUES(7525,4,13,12);
INSERT INTO "LINES" VALUES(7526,4,12,11);
INSERT INTO "LINES" VALUES(7527,4,11,10);
INSERT INTO "LINES" VALUES(7528,4,10,9);
INSERT INTO "LINES" VALUES(7529,4,9,8);
INSERT INTO "LINES" VALUES(7530,4,8,7);
INSERT INTO "LINES" VALUES(7531,4,7,6);
INSERT INTO "LINES" VALUES(7532,4,6,5);
INSERT INTO "LINES" VALUES(7533,4,5,4);
INSERT INTO "LINES" VALUES(7534,4,4,3);
INSERT INTO "LINES" VALUES(7535,4,3,2);
INSERT INTO "LINES" VALUES(7536,4,2,1);
INSERT INTO "LINES" VALUES(7537,5,26,25);
INSERT INTO "LINES" VALUES(7538,5,25,24);
INSERT INTO "LINES" VALUES(7539,5,24,23);
INSERT INTO "LINES" VALUES(7540,5,23,22);
INSERT INTO "LINES" VALUES(7541,5,22,21);
INSERT INTO "LINES" VALUES(7542,5,21,20);
INSERT INTO "LINES" VALUES(7543,5,20,19);
INSERT INTO "LINES" VALUES(7544,5,19,18);
INSERT INTO "LINES" VALUES(7545,5,18,17);
INSERT INTO "LINES" VALUES(7546,5,17,16);
INSERT INTO "LINES" VALUES(7547,5,16,15);
INSERT INTO "LINES" VALUES(7548,5,15,14);
INSERT INTO "LINES" VALUES(7549,5,14,13);
INSERT INTO "LINES" VALUES(7550,5,13,12);
INSERT INTO "LINES" VALUES(7551,5,12,11);
INSERT INTO "LINES" VALUES(7552,5,11,10);
INSERT INTO "LINES" VALUES(7553,5,10,9);
INSERT INTO "LINES" VALUES(7554,5,9,8);
INSERT INTO "LINES" VALUES(7555,5,8,7);
INSERT INTO "LINES" VALUES(7556,5,7,6);
INSERT INTO "LINES" VALUES(7557,5,6,5);
INSERT INTO "LINES" VALUES(7558,5,5,4);
INSERT INTO "LINES" VALUES(7563,16,69,23);
INSERT INTO "LINES" VALUES(7564,16,68,22);
INSERT INTO "LINES" VALUES(7565,16,67,21);
INSERT INTO "LINES" VALUES(7566,16,66,20);
INSERT INTO "LINES" VALUES(7567,16,65,19);
INSERT INTO "LINES" VALUES(7568,16,64,18);
INSERT INTO "LINES" VALUES(7569,16,63,17);
INSERT INTO "LINES" VALUES(7570,16,62,16);
INSERT INTO "LINES" VALUES(7571,16,61,15);
INSERT INTO "LINES" VALUES(7572,16,60,14);
INSERT INTO "LINES" VALUES(7573,16,59,13);
INSERT INTO "LINES" VALUES(7574,16,58,12);
INSERT INTO "LINES" VALUES(7575,16,57,11);
INSERT INTO "LINES" VALUES(7576,16,56,10);
INSERT INTO "LINES" VALUES(7577,16,55,9);
INSERT INTO "LINES" VALUES(7578,16,54,8);
INSERT INTO "LINES" VALUES(7579,16,53,7);
INSERT INTO "LINES" VALUES(7580,16,52,6);
INSERT INTO "LINES" VALUES(7581,16,51,5);
INSERT INTO "LINES" VALUES(7582,16,50,4);
INSERT INTO "LINES" VALUES(7583,16,49,4);
INSERT INTO "LINES" VALUES(7584,16,48,3);
INSERT INTO "LINES" VALUES(7585,16,47,2);
INSERT INTO "LINES" VALUES(7586,16,46,1);
INSERT INTO "LINES" VALUES(7587,16,1,1);
INSERT INTO "LINES" VALUES(7588,16,2,1);
INSERT INTO "LINES" VALUES(7589,16,3,1);
INSERT INTO "LINES" VALUES(7590,16,4,1);
INSERT INTO "LINES" VALUES(7591,16,5,1);
INSERT INTO "LINES" VALUES(7592,16,6,1);
INSERT INTO "LINES" VALUES(7593,16,7,1);
INSERT INTO "LINES" VALUES(7594,16,8,1);
INSERT INTO "LINES" VALUES(7595,16,9,1);
INSERT INTO "LINES" VALUES(7596,16,10,1);
INSERT INTO "LINES" VALUES(7597,16,11,1);
INSERT INTO "LINES" VALUES(7598,16,12,1);
INSERT INTO "LINES" VALUES(7599,16,13,1);
INSERT INTO "LINES" VALUES(7600,16,14,1);
INSERT INTO "LINES" VALUES(7601,16,15,1);
INSERT INTO "LINES" VALUES(7602,16,16,1);
INSERT INTO "LINES" VALUES(7603,16,17,1);
INSERT INTO "LINES" VALUES(7604,16,18,1);
INSERT INTO "LINES" VALUES(7605,16,19,1);
INSERT INTO "LINES" VALUES(7606,16,20,1);
INSERT INTO "LINES" VALUES(7607,16,21,1);
INSERT INTO "LINES" VALUES(7608,16,22,1);
INSERT INTO "LINES" VALUES(7609,16,23,1);
INSERT INTO "LINES" VALUES(7610,16,24,1);
INSERT INTO "LINES" VALUES(7611,16,25,1);
INSERT INTO "LINES" VALUES(7612,16,26,1);
INSERT INTO "LINES" VALUES(7613,16,27,1);
INSERT INTO "LINES" VALUES(7614,16,28,1);
INSERT INTO "LINES" VALUES(7615,16,29,1);
INSERT INTO "LINES" VALUES(7616,16,30,1);
INSERT INTO "LINES" VALUES(7617,16,31,1);
INSERT INTO "LINES" VALUES(7618,16,32,1);
INSERT INTO "LINES" VALUES(7619,16,33,1);
INSERT INTO "LINES" VALUES(7620,16,34,1);
INSERT INTO "LINES" VALUES(7621,16,35,1);
INSERT INTO "LINES" VALUES(7622,16,36,1);
INSERT INTO "LINES" VALUES(7623,16,37,1);
INSERT INTO "LINES" VALUES(7624,16,38,1);
INSERT INTO "LINES" VALUES(7625,16,39,1);
INSERT INTO "LINES" VALUES(7626,16,40,1);
INSERT INTO "LINES" VALUES(7627,16,41,1);
INSERT INTO "LINES" VALUES(7628,16,42,1);
INSERT INTO "LINES" VALUES(7629,16,43,1);
INSERT INTO "LINES" VALUES(7630,16,44,1);
INSERT INTO "LINES" VALUES(7631,16,45,1);
INSERT INTO "LINES" VALUES(7666,1,87,33);
INSERT INTO "LINES" VALUES(7667,1,86,32);
INSERT INTO "LINES" VALUES(7668,1,85,31);
INSERT INTO "LINES" VALUES(7669,1,84,30);
INSERT INTO "LINES" VALUES(7670,1,83,29);
INSERT INTO "LINES" VALUES(7671,1,82,28);
INSERT INTO "LINES" VALUES(7672,1,81,27);
INSERT INTO "LINES" VALUES(7673,1,80,26);
INSERT INTO "LINES" VALUES(7674,1,79,25);
INSERT INTO "LINES" VALUES(7675,1,78,26);
INSERT INTO "LINES" VALUES(7676,1,77,26);
INSERT INTO "LINES" VALUES(7677,1,76,26);
INSERT INTO "LINES" VALUES(7678,1,75,24);
INSERT INTO "LINES" VALUES(7679,1,74,23);
INSERT INTO "LINES" VALUES(7680,1,73,22);
INSERT INTO "LINES" VALUES(7681,1,72,23);
INSERT INTO "LINES" VALUES(7682,1,71,23);
INSERT INTO "LINES" VALUES(7683,1,70,23);
INSERT INTO "LINES" VALUES(7684,1,69,23);
INSERT INTO "LINES" VALUES(7685,1,68,23);
INSERT INTO "LINES" VALUES(7686,1,67,21);
INSERT INTO "LINES" VALUES(7687,1,66,20);
INSERT INTO "LINES" VALUES(7688,1,65,19);
INSERT INTO "LINES" VALUES(7689,1,64,18);
INSERT INTO "LINES" VALUES(7690,1,63,17);
INSERT INTO "LINES" VALUES(7691,1,62,16);
INSERT INTO "LINES" VALUES(7692,1,61,15);
INSERT INTO "LINES" VALUES(7693,1,60,14);
INSERT INTO "LINES" VALUES(7694,1,59,13);
INSERT INTO "LINES" VALUES(7695,1,58,12);
INSERT INTO "LINES" VALUES(7696,1,57,11);
INSERT INTO "LINES" VALUES(7697,1,56,10);
INSERT INTO "LINES" VALUES(7698,1,55,9);
INSERT INTO "LINES" VALUES(7699,1,54,8);
INSERT INTO "LINES" VALUES(7700,1,53,7);
INSERT INTO "LINES" VALUES(7701,1,52,6);
INSERT INTO "LINES" VALUES(7702,1,51,5);
INSERT INTO "LINES" VALUES(7703,1,50,4);
INSERT INTO "LINES" VALUES(7704,1,49,3);
INSERT INTO "LINES" VALUES(7705,1,48,2);
INSERT INTO "LINES" VALUES(7706,1,47,1);
INSERT INTO "LINES" VALUES(7707,1,46,1);
INSERT INTO "LINES" VALUES(7708,1,1,1);
INSERT INTO "LINES" VALUES(7709,1,2,1);
INSERT INTO "LINES" VALUES(7710,1,3,1);
INSERT INTO "LINES" VALUES(7711,1,4,1);
INSERT INTO "LINES" VALUES(7712,1,5,1);
INSERT INTO "LINES" VALUES(7713,1,6,1);
INSERT INTO "LINES" VALUES(7714,1,7,1);
INSERT INTO "LINES" VALUES(7715,1,8,1);
INSERT INTO "LINES" VALUES(7716,1,9,1);
INSERT INTO "LINES" VALUES(7717,1,10,1);
INSERT INTO "LINES" VALUES(7718,1,11,1);
INSERT INTO "LINES" VALUES(7719,1,12,1);
INSERT INTO "LINES" VALUES(7720,1,13,1);
INSERT INTO "LINES" VALUES(7721,1,14,1);
INSERT INTO "LINES" VALUES(7722,1,15,1);
INSERT INTO "LINES" VALUES(7723,1,16,1);
INSERT INTO "LINES" VALUES(7724,1,17,1);
INSERT INTO "LINES" VALUES(7725,1,18,1);
INSERT INTO "LINES" VALUES(7726,1,19,1);
INSERT INTO "LINES" VALUES(7727,1,20,1);
INSERT INTO "LINES" VALUES(7728,1,21,1);
INSERT INTO "LINES" VALUES(7729,1,22,1);
INSERT INTO "LINES" VALUES(7730,1,23,1);
INSERT INTO "LINES" VALUES(7731,1,24,1);
INSERT INTO "LINES" VALUES(7732,1,25,1);
INSERT INTO "LINES" VALUES(7733,1,26,1);
INSERT INTO "LINES" VALUES(7734,1,27,1);
INSERT INTO "LINES" VALUES(7735,1,28,1);
INSERT INTO "LINES" VALUES(7736,1,29,1);
INSERT INTO "LINES" VALUES(7737,1,30,1);
INSERT INTO "LINES" VALUES(7738,1,31,1);
INSERT INTO "LINES" VALUES(7739,1,32,1);
INSERT INTO "LINES" VALUES(7740,1,33,1);
INSERT INTO "LINES" VALUES(7741,1,34,1);
INSERT INTO "LINES" VALUES(7742,1,35,1);
INSERT INTO "LINES" VALUES(7743,1,36,1);
INSERT INTO "LINES" VALUES(7744,1,37,1);
INSERT INTO "LINES" VALUES(7745,1,38,1);
INSERT INTO "LINES" VALUES(7746,1,39,1);
INSERT INTO "LINES" VALUES(7747,1,40,1);
INSERT INTO "LINES" VALUES(7748,1,41,1);
INSERT INTO "LINES" VALUES(7749,1,42,1);
INSERT INTO "LINES" VALUES(7750,1,43,1);
INSERT INTO "LINES" VALUES(7751,1,44,1);
INSERT INTO "LINES" VALUES(7752,1,45,1);
INSERT INTO "LINES" VALUES(7753,3,82,36);
INSERT INTO "LINES" VALUES(7754,3,81,35);
INSERT INTO "LINES" VALUES(7755,3,80,34);
INSERT INTO "LINES" VALUES(7756,3,79,33);
INSERT INTO "LINES" VALUES(7757,3,78,32);
INSERT INTO "LINES" VALUES(7758,3,77,31);
INSERT INTO "LINES" VALUES(7759,3,76,30);
INSERT INTO "LINES" VALUES(7760,3,75,29);
INSERT INTO "LINES" VALUES(7761,3,74,28);
INSERT INTO "LINES" VALUES(7762,3,73,27);
INSERT INTO "LINES" VALUES(7763,3,72,26);
INSERT INTO "LINES" VALUES(7764,3,71,25);
INSERT INTO "LINES" VALUES(7765,3,70,24);
INSERT INTO "LINES" VALUES(7766,3,69,23);
INSERT INTO "LINES" VALUES(7767,3,68,22);
INSERT INTO "LINES" VALUES(7768,3,67,21);
INSERT INTO "LINES" VALUES(7769,3,66,20);
INSERT INTO "LINES" VALUES(7770,3,65,19);
INSERT INTO "LINES" VALUES(7771,3,64,18);
INSERT INTO "LINES" VALUES(7772,3,63,17);
INSERT INTO "LINES" VALUES(7773,3,62,16);
INSERT INTO "LINES" VALUES(7774,3,61,15);
INSERT INTO "LINES" VALUES(7775,3,60,14);
INSERT INTO "LINES" VALUES(7776,3,59,13);
INSERT INTO "LINES" VALUES(7777,3,58,12);
INSERT INTO "LINES" VALUES(7778,3,57,11);
INSERT INTO "LINES" VALUES(7779,3,56,10);
INSERT INTO "LINES" VALUES(7780,3,55,9);
INSERT INTO "LINES" VALUES(7781,3,54,8);
INSERT INTO "LINES" VALUES(7782,3,53,7);
INSERT INTO "LINES" VALUES(7783,3,52,6);
INSERT INTO "LINES" VALUES(7784,3,51,5);
INSERT INTO "LINES" VALUES(7785,3,50,4);
INSERT INTO "LINES" VALUES(7786,3,49,4);
INSERT INTO "LINES" VALUES(7787,3,48,3);
INSERT INTO "LINES" VALUES(7788,3,47,2);
INSERT INTO "LINES" VALUES(7789,3,46,1);
INSERT INTO "LINES" VALUES(7790,3,1,1);
INSERT INTO "LINES" VALUES(7791,3,2,1);
INSERT INTO "LINES" VALUES(7792,3,3,1);
INSERT INTO "LINES" VALUES(7793,3,4,1);
INSERT INTO "LINES" VALUES(7794,3,5,1);
INSERT INTO "LINES" VALUES(7795,3,6,1);
INSERT INTO "LINES" VALUES(7796,3,7,1);
INSERT INTO "LINES" VALUES(7797,3,8,1);
INSERT INTO "LINES" VALUES(7798,3,9,1);
INSERT INTO "LINES" VALUES(7799,3,10,1);
INSERT INTO "LINES" VALUES(7800,3,11,1);
INSERT INTO "LINES" VALUES(7801,3,12,1);
INSERT INTO "LINES" VALUES(7802,3,13,1);
INSERT INTO "LINES" VALUES(7803,3,14,1);
INSERT INTO "LINES" VALUES(7804,3,15,1);
INSERT INTO "LINES" VALUES(7805,3,16,1);
INSERT INTO "LINES" VALUES(7806,3,17,1);
INSERT INTO "LINES" VALUES(7807,3,18,1);
INSERT INTO "LINES" VALUES(7808,3,19,1);
INSERT INTO "LINES" VALUES(7809,3,20,1);
INSERT INTO "LINES" VALUES(7810,3,21,1);
INSERT INTO "LINES" VALUES(7811,3,22,1);
INSERT INTO "LINES" VALUES(7812,3,23,1);
INSERT INTO "LINES" VALUES(7813,3,24,1);
INSERT INTO "LINES" VALUES(7814,3,25,1);
INSERT INTO "LINES" VALUES(7815,3,26,1);
INSERT INTO "LINES" VALUES(7816,3,27,1);
INSERT INTO "LINES" VALUES(7817,3,28,1);
INSERT INTO "LINES" VALUES(7818,3,29,1);
INSERT INTO "LINES" VALUES(7819,3,30,1);
INSERT INTO "LINES" VALUES(7820,3,31,1);
INSERT INTO "LINES" VALUES(7821,3,32,1);
INSERT INTO "LINES" VALUES(7822,3,33,1);
INSERT INTO "LINES" VALUES(7823,3,34,1);
INSERT INTO "LINES" VALUES(7824,3,35,1);
INSERT INTO "LINES" VALUES(7825,3,36,1);
INSERT INTO "LINES" VALUES(7826,3,37,1);
INSERT INTO "LINES" VALUES(7827,3,38,1);
INSERT INTO "LINES" VALUES(7828,3,39,1);
INSERT INTO "LINES" VALUES(7829,3,40,1);
INSERT INTO "LINES" VALUES(7830,3,41,1);
INSERT INTO "LINES" VALUES(7831,3,42,1);
INSERT INTO "LINES" VALUES(7832,3,43,1);
INSERT INTO "LINES" VALUES(7833,3,44,1);
INSERT INTO "LINES" VALUES(7834,3,45,1);
INSERT INTO "LINES" VALUES(7840,2,66,20);
INSERT INTO "LINES" VALUES(7841,2,65,19);
INSERT INTO "LINES" VALUES(7842,2,64,18);
INSERT INTO "LINES" VALUES(7843,2,63,17);
INSERT INTO "LINES" VALUES(7844,2,62,16);
INSERT INTO "LINES" VALUES(7845,2,61,15);
INSERT INTO "LINES" VALUES(7846,2,60,14);
INSERT INTO "LINES" VALUES(7847,2,59,13);
INSERT INTO "LINES" VALUES(7848,2,58,12);
INSERT INTO "LINES" VALUES(7849,2,57,11);
INSERT INTO "LINES" VALUES(7850,2,56,10);
INSERT INTO "LINES" VALUES(7851,2,55,9);
INSERT INTO "LINES" VALUES(7852,2,54,8);
INSERT INTO "LINES" VALUES(7853,2,53,7);
INSERT INTO "LINES" VALUES(7854,2,52,6);
INSERT INTO "LINES" VALUES(7855,2,51,5);
INSERT INTO "LINES" VALUES(7856,2,50,5);
INSERT INTO "LINES" VALUES(7857,2,49,4);
INSERT INTO "LINES" VALUES(7858,2,48,3);
INSERT INTO "LINES" VALUES(7859,2,47,2);
INSERT INTO "LINES" VALUES(7860,2,46,1);
INSERT INTO "LINES" VALUES(7861,2,1,1);
INSERT INTO "LINES" VALUES(7862,2,2,1);
INSERT INTO "LINES" VALUES(7863,2,3,1);
INSERT INTO "LINES" VALUES(7864,2,4,1);
INSERT INTO "LINES" VALUES(7865,2,5,1);
INSERT INTO "LINES" VALUES(7866,2,6,1);
INSERT INTO "LINES" VALUES(7867,2,7,1);
INSERT INTO "LINES" VALUES(7868,2,8,1);
INSERT INTO "LINES" VALUES(7869,2,9,1);
INSERT INTO "LINES" VALUES(7870,2,10,1);
INSERT INTO "LINES" VALUES(7871,2,11,1);
INSERT INTO "LINES" VALUES(7872,2,12,1);
INSERT INTO "LINES" VALUES(7873,2,13,1);
INSERT INTO "LINES" VALUES(7874,2,14,1);
INSERT INTO "LINES" VALUES(7875,2,15,1);
INSERT INTO "LINES" VALUES(7876,2,16,1);
INSERT INTO "LINES" VALUES(7877,2,17,1);
INSERT INTO "LINES" VALUES(7878,2,18,1);
INSERT INTO "LINES" VALUES(7879,2,19,1);
INSERT INTO "LINES" VALUES(7880,2,20,1);
INSERT INTO "LINES" VALUES(7881,2,21,1);
INSERT INTO "LINES" VALUES(7882,2,22,1);
INSERT INTO "LINES" VALUES(7883,2,23,1);
INSERT INTO "LINES" VALUES(7884,2,24,1);
INSERT INTO "LINES" VALUES(7885,2,25,1);
INSERT INTO "LINES" VALUES(7886,2,26,1);
INSERT INTO "LINES" VALUES(7887,2,27,1);
INSERT INTO "LINES" VALUES(7888,2,28,1);
INSERT INTO "LINES" VALUES(7889,2,29,1);
INSERT INTO "LINES" VALUES(7890,2,30,1);
INSERT INTO "LINES" VALUES(7891,2,31,1);
INSERT INTO "LINES" VALUES(7892,2,32,1);
INSERT INTO "LINES" VALUES(7893,2,33,1);
INSERT INTO "LINES" VALUES(7894,2,34,1);
INSERT INTO "LINES" VALUES(7895,2,35,1);
INSERT INTO "LINES" VALUES(7896,2,36,1);
INSERT INTO "LINES" VALUES(7897,2,37,1);
INSERT INTO "LINES" VALUES(7898,2,38,1);
INSERT INTO "LINES" VALUES(7899,2,39,1);
INSERT INTO "LINES" VALUES(7900,2,40,1);
INSERT INTO "LINES" VALUES(7901,2,41,1);
INSERT INTO "LINES" VALUES(7902,2,42,1);
INSERT INTO "LINES" VALUES(7903,2,43,1);
INSERT INTO "LINES" VALUES(7904,2,44,1);
INSERT INTO "LINES" VALUES(7905,2,45,1);
CREATE TABLE `LINES_REPLACEMENTS` (`line_id`  INTEGER NOT NULL,`replacement_id`  INTEGER NOT NULL,PRIMARY KEY(line_id, replacement_id), FOREIGN KEY(`line_id`) REFERENCES LINES(id), FOREIGN KEY(`replacement_id`) REFERENCES REPLACEMENTS(id) );
CREATE TABLE `RELATIONS` (`file_id`  INTEGER NOT NULL,`dep_id`   INTEGER NOT NULL,`dependency_timestamp` DATETIME NOT NULL,PRIMARY KEY(file_id, dep_id), FOREIGN KEY(`file_id`) REFERENCES FILES(id), FOREIGN KEY(`dep_id`) REFERENCES FILES(id) );
INSERT INTO "RELATIONS" VALUES(7,8,1427813252);
INSERT INTO "RELATIONS" VALUES(7,9,1427981730);
INSERT INTO "RELATIONS" VALUES(7,12,1427220376);
INSERT INTO "RELATIONS" VALUES(7,13,1427397043);
INSERT INTO "RELATIONS" VALUES(10,9,1427981730);
INSERT INTO "RELATIONS" VALUES(10,11,1427218446);
INSERT INTO "RELATIONS" VALUES(10,12,1427220376);
INSERT INTO "RELATIONS" VALUES(10,14,1427214610);
INSERT INTO "RELATIONS" VALUES(17,9,1427899693);
INSERT INTO "RELATIONS" VALUES(17,18,1427813274);
INSERT INTO "RELATIONS" VALUES(17,12,1427220376);
INSERT INTO "RELATIONS" VALUES(17,19,1427212284);
CREATE TABLE `REPLACEMENTS` (`id`  INTEGER NOT NULL PRIMARY KEY AUTOINCREMENT,`file_id`   INTEGER NOT NULL,`start_line` INTEGER NOT NULL,`lines_replaced` INTEGER NOT NULL,`lines_in_replacement` INTEGER NOT NULL,`comes_from_start_line` INTEGER NOT NULL,`comes_from_end_line` INTEGER NOT NULL,`comes_from_file_id` INTEGER NOT NULL,`transformation_id` INTEGER NOT NULL,`unhandled` INTEGER DEFAULT(1),`replacement_text` TEXT NOT NULL,FOREIGN KEY(`file_id`) REFERENCES FILES(id), FOREIGN KEY(`comes_from_file_id`) REFERENCES FILES(id), FOREIGN KEY(`transformation_id`) REFERENCES TRANSFORMATIONS(id) );
INSERT INTO "REPLACEMENTS" VALUES(1,3,16,0,0,16,16,3,1,0,'int ');
INSERT INTO "REPLACEMENTS" VALUES(2,3,19,0,0,19,19,3,1,0,'int ');
INSERT INTO "REPLACEMENTS" VALUES(3,3,20,0,0,20,20,3,1,0,'char ');
INSERT INTO "REPLACEMENTS" VALUES(4,3,21,0,0,21,21,3,1,0,'unsigned int ');
INSERT INTO "REPLACEMENTS" VALUES(5,1,23,0,5,23,23,1,1,0,'{
std::_Vector_iterator<std::basic_string<char, std::char_traits<char>, std::allocator<char> >, std::allocator<std::basic_string<char, std::char_traits<char>, std::allocator<char> > > > __begin = (myVec).begin();
std::_Vector_iterator<std::basic_string<char, std::char_traits<char>, std::allocator<char> >, std::allocator<std::basic_string<char, std::char_traits<char>, std::allocator<char> > > > __end = (myVec).end();
for(;__begin != __end; ++ __begin) {
std::basic_string<char, std::char_traits<char>, std::allocator<char> > s = *__begin;
');
INSERT INTO "REPLACEMENTS" VALUES(6,1,26,0,3,26,26,1,1,0,'
}
}
');
INSERT INTO "REPLACEMENTS" VALUES(7,1,27,0,0,27,27,1,1,0,'int ');
INSERT INTO "REPLACEMENTS" VALUES(8,1,28,0,0,28,28,1,1,0,'int ');
INSERT INTO "REPLACEMENTS" VALUES(9,6,1,0,45,1,1,6,9,0,'
/*1000000001*/

/*BACKPORT MOVE TOOLS BEGIN*/

#ifndef BACKPORT_MOVE_TOOLS_DEFINED

#define BACKPORT_MOVE_TOOLS_DEFINED
namespace backport {

template<class T> class rv {

private:

T _placeholder;

rv();

~rv();

rv(rv const&);

void operator=(rv const&);

};

template<class T>

rv<T>& move(T const &x)

{ return *reinterpret_cast<rv<T> *>(reinterpret_cast<T*>(&const_cast<char &>(reinterpret_cast<const volatile char &>(static_cast<T const &>(x))))); }

template<class T>

rv<T>& move(rv<T> &x)

{ return x; }

}

#endif // not defined BACKPORT_MOVE_TOOLS_DEFINED



/*BACKPORT MOVE TOOLS END*/
');
INSERT INTO "REPLACEMENTS" VALUES(10,3,1,0,45,1,1,3,9,0,'
/*1000000001*/

/*BACKPORT MOVE TOOLS BEGIN*/

#ifndef BACKPORT_MOVE_TOOLS_DEFINED

#define BACKPORT_MOVE_TOOLS_DEFINED
namespace backport {

template<class T> class rv {

private:

T _placeholder;

rv();

~rv();

rv(rv const&);

void operator=(rv const&);

};

template<class T>

rv<T>& move(T const &x)

{ return *reinterpret_cast<rv<T> *>(reinterpret_cast<T*>(&const_cast<char &>(reinterpret_cast<const volatile char &>(static_cast<T const &>(x))))); }

template<class T>

rv<T>& move(rv<T> &x)

{ return x; }

}

#endif // not defined BACKPORT_MOVE_TOOLS_DEFINED



/*BACKPORT MOVE TOOLS END*/
');
INSERT INTO "REPLACEMENTS" VALUES(11,2,1,0,45,1,1,2,9,0,'
/*1000000001*/

/*BACKPORT MOVE TOOLS BEGIN*/

#ifndef BACKPORT_MOVE_TOOLS_DEFINED

#define BACKPORT_MOVE_TOOLS_DEFINED
namespace backport {

template<class T> class rv {

private:

T _placeholder;

rv();

~rv();

rv(rv const&);

void operator=(rv const&);

};

template<class T>

rv<T>& move(T const &x)

{ return *reinterpret_cast<rv<T> *>(reinterpret_cast<T*>(&const_cast<char &>(reinterpret_cast<const volatile char &>(static_cast<T const &>(x))))); }

template<class T>

rv<T>& move(rv<T> &x)

{ return x; }

}

#endif // not defined BACKPORT_MOVE_TOOLS_DEFINED



/*BACKPORT MOVE TOOLS END*/
');
INSERT INTO "REPLACEMENTS" VALUES(12,1,1,0,45,1,1,1,9,0,'
/*1000000001*/

/*BACKPORT MOVE TOOLS BEGIN*/

#ifndef BACKPORT_MOVE_TOOLS_DEFINED

#define BACKPORT_MOVE_TOOLS_DEFINED
namespace backport {

template<class T> class rv {

private:

T _placeholder;

rv();

~rv();

rv(rv const&);

void operator=(rv const&);

};

template<class T>

rv<T>& move(T const &x)

{ return *reinterpret_cast<rv<T> *>(reinterpret_cast<T*>(&const_cast<char &>(reinterpret_cast<const volatile char &>(static_cast<T const &>(x))))); }

template<class T>

rv<T>& move(rv<T> &x)

{ return x; }

}

#endif // not defined BACKPORT_MOVE_TOOLS_DEFINED



/*BACKPORT MOVE TOOLS END*/
');
INSERT INTO "REPLACEMENTS" VALUES(13,3,16,0,0,16,16,3,1,0,'int ');
INSERT INTO "REPLACEMENTS" VALUES(14,3,19,0,0,19,19,3,1,0,'int ');
INSERT INTO "REPLACEMENTS" VALUES(15,3,20,0,0,20,20,3,1,0,'char ');
INSERT INTO "REPLACEMENTS" VALUES(16,3,21,0,0,21,21,3,1,0,'unsigned int ');
INSERT INTO "REPLACEMENTS" VALUES(17,15,26,0,5,26,26,15,1,0,'{
std::_Vector_iterator<std::basic_string<char, std::char_traits<char>, std::allocator<char> >, std::allocator<std::basic_string<char, std::char_traits<char>, std::allocator<char> > > > __begin = (myVec).begin();
std::_Vector_iterator<std::basic_string<char, std::char_traits<char>, std::allocator<char> >, std::allocator<std::basic_string<char, std::char_traits<char>, std::allocator<char> > > > __end = (myVec).end();
for(;__begin != __end; ++ __begin) {
std::basic_string<char, std::char_traits<char>, std::allocator<char> > s = *__begin;
');
INSERT INTO "REPLACEMENTS" VALUES(18,15,29,0,3,29,29,15,1,0,'
}
}
');
INSERT INTO "REPLACEMENTS" VALUES(19,15,30,0,0,30,30,15,1,0,'int ');
INSERT INTO "REPLACEMENTS" VALUES(20,6,1,0,45,1,1,6,9,0,'
/*1000000001*/

/*BACKPORT MOVE TOOLS BEGIN*/

#ifndef BACKPORT_MOVE_TOOLS_DEFINED

#define BACKPORT_MOVE_TOOLS_DEFINED
namespace backport {

template<class T> class rv {

private:

T _placeholder;

rv();

~rv();

rv(rv const&);

void operator=(rv const&);

};

template<class T>

rv<T>& move(T const &x)

{ return *reinterpret_cast<rv<T> *>(reinterpret_cast<T*>(&const_cast<char &>(reinterpret_cast<const volatile char &>(static_cast<T const &>(x))))); }

template<class T>

rv<T>& move(rv<T> &x)

{ return x; }

}

#endif // not defined BACKPORT_MOVE_TOOLS_DEFINED



/*BACKPORT MOVE TOOLS END*/
');
INSERT INTO "REPLACEMENTS" VALUES(21,3,1,0,45,1,1,3,9,0,'
/*1000000001*/

/*BACKPORT MOVE TOOLS BEGIN*/

#ifndef BACKPORT_MOVE_TOOLS_DEFINED

#define BACKPORT_MOVE_TOOLS_DEFINED
namespace backport {

template<class T> class rv {

private:

T _placeholder;

rv();

~rv();

rv(rv const&);

void operator=(rv const&);

};

template<class T>

rv<T>& move(T const &x)

{ return *reinterpret_cast<rv<T> *>(reinterpret_cast<T*>(&const_cast<char &>(reinterpret_cast<const volatile char &>(static_cast<T const &>(x))))); }

template<class T>

rv<T>& move(rv<T> &x)

{ return x; }

}

#endif // not defined BACKPORT_MOVE_TOOLS_DEFINED



/*BACKPORT MOVE TOOLS END*/
');
INSERT INTO "REPLACEMENTS" VALUES(22,16,1,0,45,1,1,16,9,0,'
/*1000000001*/

/*BACKPORT MOVE TOOLS BEGIN*/

#ifndef BACKPORT_MOVE_TOOLS_DEFINED

#define BACKPORT_MOVE_TOOLS_DEFINED
namespace backport {

template<class T> class rv {

private:

T _placeholder;

rv();

~rv();

rv(rv const&);

void operator=(rv const&);

};

template<class T>

rv<T>& move(T const &x)

{ return *reinterpret_cast<rv<T> *>(reinterpret_cast<T*>(&const_cast<char &>(reinterpret_cast<const volatile char &>(static_cast<T const &>(x))))); }

template<class T>

rv<T>& move(rv<T> &x)

{ return x; }

}

#endif // not defined BACKPORT_MOVE_TOOLS_DEFINED



/*BACKPORT MOVE TOOLS END*/
');
INSERT INTO "REPLACEMENTS" VALUES(23,15,1,0,45,1,1,15,9,0,'
/*1000000001*/

/*BACKPORT MOVE TOOLS BEGIN*/

#ifndef BACKPORT_MOVE_TOOLS_DEFINED

#define BACKPORT_MOVE_TOOLS_DEFINED
namespace backport {

template<class T> class rv {

private:

T _placeholder;

rv();

~rv();

rv(rv const&);

void operator=(rv const&);

};

template<class T>

rv<T>& move(T const &x)

{ return *reinterpret_cast<rv<T> *>(reinterpret_cast<T*>(&const_cast<char &>(reinterpret_cast<const volatile char &>(static_cast<T const &>(x))))); }

template<class T>

rv<T>& move(rv<T> &x)

{ return x; }

}

#endif // not defined BACKPORT_MOVE_TOOLS_DEFINED



/*BACKPORT MOVE TOOLS END*/
');
INSERT INTO "REPLACEMENTS" VALUES(24,3,16,0,0,16,16,3,1,0,'int ');
INSERT INTO "REPLACEMENTS" VALUES(25,3,19,0,0,19,19,3,1,0,'int ');
INSERT INTO "REPLACEMENTS" VALUES(26,3,20,0,0,20,20,3,1,0,'char ');
INSERT INTO "REPLACEMENTS" VALUES(27,3,21,0,0,21,21,3,1,0,'unsigned int ');
INSERT INTO "REPLACEMENTS" VALUES(28,1,23,0,5,23,23,1,1,0,'{
std::_Vector_iterator<std::basic_string<char, std::char_traits<char>, std::allocator<char> >, std::allocator<std::basic_string<char, std::char_traits<char>, std::allocator<char> > > > __begin = (myVec).begin();
std::_Vector_iterator<std::basic_string<char, std::char_traits<char>, std::allocator<char> >, std::allocator<std::basic_string<char, std::char_traits<char>, std::allocator<char> > > > __end = (myVec).end();
for(;__begin != __end; ++ __begin) {
std::basic_string<char, std::char_traits<char>, std::allocator<char> > s = *__begin;
');
INSERT INTO "REPLACEMENTS" VALUES(29,1,26,0,3,26,26,1,1,0,'
}
}
');
INSERT INTO "REPLACEMENTS" VALUES(30,1,27,0,0,27,27,1,1,0,'int ');
INSERT INTO "REPLACEMENTS" VALUES(31,1,28,0,0,28,28,1,1,0,'int ');
INSERT INTO "REPLACEMENTS" VALUES(32,6,1,0,45,1,1,6,9,0,'
/*1000000001*/

/*BACKPORT MOVE TOOLS BEGIN*/

#ifndef BACKPORT_MOVE_TOOLS_DEFINED

#define BACKPORT_MOVE_TOOLS_DEFINED
namespace backport {

template<class T> class rv {

private:

T _placeholder;

rv();

~rv();

rv(rv const&);

void operator=(rv const&);

};

template<class T>

rv<T>& move(T const &x)

{ return *reinterpret_cast<rv<T> *>(reinterpret_cast<T*>(&const_cast<char &>(reinterpret_cast<const volatile char &>(static_cast<T const &>(x))))); }

template<class T>

rv<T>& move(rv<T> &x)

{ return x; }

}

#endif // not defined BACKPORT_MOVE_TOOLS_DEFINED



/*BACKPORT MOVE TOOLS END*/
');
INSERT INTO "REPLACEMENTS" VALUES(33,3,1,0,45,1,1,3,9,0,'
/*1000000001*/

/*BACKPORT MOVE TOOLS BEGIN*/

#ifndef BACKPORT_MOVE_TOOLS_DEFINED

#define BACKPORT_MOVE_TOOLS_DEFINED
namespace backport {

template<class T> class rv {

private:

T _placeholder;

rv();

~rv();

rv(rv const&);

void operator=(rv const&);

};

template<class T>

rv<T>& move(T const &x)

{ return *reinterpret_cast<rv<T> *>(reinterpret_cast<T*>(&const_cast<char &>(reinterpret_cast<const volatile char &>(static_cast<T const &>(x))))); }

template<class T>

rv<T>& move(rv<T> &x)

{ return x; }

}

#endif // not defined BACKPORT_MOVE_TOOLS_DEFINED



/*BACKPORT MOVE TOOLS END*/
');
INSERT INTO "REPLACEMENTS" VALUES(34,2,1,0,45,1,1,2,9,0,'
/*1000000001*/

/*BACKPORT MOVE TOOLS BEGIN*/

#ifndef BACKPORT_MOVE_TOOLS_DEFINED

#define BACKPORT_MOVE_TOOLS_DEFINED
namespace backport {

template<class T> class rv {

private:

T _placeholder;

rv();

~rv();

rv(rv const&);

void operator=(rv const&);

};

template<class T>

rv<T>& move(T const &x)

{ return *reinterpret_cast<rv<T> *>(reinterpret_cast<T*>(&const_cast<char &>(reinterpret_cast<const volatile char &>(static_cast<T const &>(x))))); }

template<class T>

rv<T>& move(rv<T> &x)

{ return x; }

}

#endif // not defined BACKPORT_MOVE_TOOLS_DEFINED



/*BACKPORT MOVE TOOLS END*/
');
INSERT INTO "REPLACEMENTS" VALUES(35,1,1,0,45,1,1,1,9,0,'
/*1000000001*/

/*BACKPORT MOVE TOOLS BEGIN*/

#ifndef BACKPORT_MOVE_TOOLS_DEFINED

#define BACKPORT_MOVE_TOOLS_DEFINED
namespace backport {

template<class T> class rv {

private:

T _placeholder;

rv();

~rv();

rv(rv const&);

void operator=(rv const&);

};

template<class T>

rv<T>& move(T const &x)

{ return *reinterpret_cast<rv<T> *>(reinterpret_cast<T*>(&const_cast<char &>(reinterpret_cast<const volatile char &>(static_cast<T const &>(x))))); }

template<class T>

rv<T>& move(rv<T> &x)

{ return x; }

}

#endif // not defined BACKPORT_MOVE_TOOLS_DEFINED



/*BACKPORT MOVE TOOLS END*/
');
INSERT INTO "REPLACEMENTS" VALUES(36,3,16,0,0,16,16,3,1,0,'int ');
INSERT INTO "REPLACEMENTS" VALUES(37,3,19,0,0,19,19,3,1,0,'int ');
INSERT INTO "REPLACEMENTS" VALUES(38,3,20,0,0,20,20,3,1,0,'char ');
INSERT INTO "REPLACEMENTS" VALUES(39,3,21,0,0,21,21,3,1,0,'unsigned int ');
INSERT INTO "REPLACEMENTS" VALUES(40,15,24,0,0,24,24,15,1,0,'int ');
INSERT INTO "REPLACEMENTS" VALUES(41,15,28,0,5,28,28,15,1,0,'{
std::_Vector_iterator<std::basic_string<char, std::char_traits<char>, std::allocator<char> >, std::allocator<std::basic_string<char, std::char_traits<char>, std::allocator<char> > > > __begin = (myVec).begin();
std::_Vector_iterator<std::basic_string<char, std::char_traits<char>, std::allocator<char> >, std::allocator<std::basic_string<char, std::char_traits<char>, std::allocator<char> > > > __end = (myVec).end();
for(;__begin != __end; ++ __begin) {
std::basic_string<char, std::char_traits<char>, std::allocator<char> > s = *__begin;
');
INSERT INTO "REPLACEMENTS" VALUES(42,15,31,0,3,31,31,15,1,0,'
}
}
');
INSERT INTO "REPLACEMENTS" VALUES(43,6,1,0,45,1,1,6,9,0,'
/*1000000001*/

/*BACKPORT MOVE TOOLS BEGIN*/

#ifndef BACKPORT_MOVE_TOOLS_DEFINED

#define BACKPORT_MOVE_TOOLS_DEFINED
namespace backport {

template<class T> class rv {

private:

T _placeholder;

rv();

~rv();

rv(rv const&);

void operator=(rv const&);

};

template<class T>

rv<T>& move(T const &x)

{ return *reinterpret_cast<rv<T> *>(reinterpret_cast<T*>(&const_cast<char &>(reinterpret_cast<const volatile char &>(static_cast<T const &>(x))))); }

template<class T>

rv<T>& move(rv<T> &x)

{ return x; }

}

#endif // not defined BACKPORT_MOVE_TOOLS_DEFINED



/*BACKPORT MOVE TOOLS END*/
');
INSERT INTO "REPLACEMENTS" VALUES(44,3,1,0,45,1,1,3,9,0,'
/*1000000001*/

/*BACKPORT MOVE TOOLS BEGIN*/

#ifndef BACKPORT_MOVE_TOOLS_DEFINED

#define BACKPORT_MOVE_TOOLS_DEFINED
namespace backport {

template<class T> class rv {

private:

T _placeholder;

rv();

~rv();

rv(rv const&);

void operator=(rv const&);

};

template<class T>

rv<T>& move(T const &x)

{ return *reinterpret_cast<rv<T> *>(reinterpret_cast<T*>(&const_cast<char &>(reinterpret_cast<const volatile char &>(static_cast<T const &>(x))))); }

template<class T>

rv<T>& move(rv<T> &x)

{ return x; }

}

#endif // not defined BACKPORT_MOVE_TOOLS_DEFINED



/*BACKPORT MOVE TOOLS END*/
');
INSERT INTO "REPLACEMENTS" VALUES(45,16,1,0,45,1,1,16,9,0,'
/*1000000001*/

/*BACKPORT MOVE TOOLS BEGIN*/

#ifndef BACKPORT_MOVE_TOOLS_DEFINED

#define BACKPORT_MOVE_TOOLS_DEFINED
namespace backport {

template<class T> class rv {

private:

T _placeholder;

rv();

~rv();

rv(rv const&);

void operator=(rv const&);

};

template<class T>

rv<T>& move(T const &x)

{ return *reinterpret_cast<rv<T> *>(reinterpret_cast<T*>(&const_cast<char &>(reinterpret_cast<const volatile char &>(static_cast<T const &>(x))))); }

template<class T>

rv<T>& move(rv<T> &x)

{ return x; }

}

#endif // not defined BACKPORT_MOVE_TOOLS_DEFINED



/*BACKPORT MOVE TOOLS END*/
');
INSERT INTO "REPLACEMENTS" VALUES(46,15,1,0,45,1,1,15,9,0,'
/*1000000001*/

/*BACKPORT MOVE TOOLS BEGIN*/

#ifndef BACKPORT_MOVE_TOOLS_DEFINED

#define BACKPORT_MOVE_TOOLS_DEFINED
namespace backport {

template<class T> class rv {

private:

T _placeholder;

rv();

~rv();

rv(rv const&);

void operator=(rv const&);

};

template<class T>

rv<T>& move(T const &x)

{ return *reinterpret_cast<rv<T> *>(reinterpret_cast<T*>(&const_cast<char &>(reinterpret_cast<const volatile char &>(static_cast<T const &>(x))))); }

template<class T>

rv<T>& move(rv<T> &x)

{ return x; }

}

#endif // not defined BACKPORT_MOVE_TOOLS_DEFINED



/*BACKPORT MOVE TOOLS END*/
');
INSERT INTO "REPLACEMENTS" VALUES(47,3,16,0,0,16,16,3,1,0,'int ');
INSERT INTO "REPLACEMENTS" VALUES(48,3,19,0,0,19,19,3,1,0,'int ');
INSERT INTO "REPLACEMENTS" VALUES(49,3,20,0,0,20,20,3,1,0,'char ');
INSERT INTO "REPLACEMENTS" VALUES(50,3,21,0,0,21,21,3,1,0,'unsigned int ');
INSERT INTO "REPLACEMENTS" VALUES(51,1,23,0,5,23,23,1,1,0,'{
std::_Vector_iterator<std::basic_string<char, std::char_traits<char>, std::allocator<char> >, std::allocator<std::basic_string<char, std::char_traits<char>, std::allocator<char> > > > __begin = (myVec).begin();
std::_Vector_iterator<std::basic_string<char, std::char_traits<char>, std::allocator<char> >, std::allocator<std::basic_string<char, std::char_traits<char>, std::allocator<char> > > > __end = (myVec).end();
for(;__begin != __end; ++ __begin) {
std::basic_string<char, std::char_traits<char>, std::allocator<char> > s = *__begin;
');
INSERT INTO "REPLACEMENTS" VALUES(52,1,26,0,3,26,26,1,1,0,'
}
}
');
INSERT INTO "REPLACEMENTS" VALUES(53,1,27,0,0,27,27,1,1,0,'int ');
INSERT INTO "REPLACEMENTS" VALUES(54,1,28,0,0,28,28,1,1,0,'int ');
INSERT INTO "REPLACEMENTS" VALUES(55,6,1,0,45,1,1,6,9,0,'
/*1000000001*/

/*BACKPORT MOVE TOOLS BEGIN*/

#ifndef BACKPORT_MOVE_TOOLS_DEFINED

#define BACKPORT_MOVE_TOOLS_DEFINED
namespace backport {

template<class T> class rv {

private:

T _placeholder;

rv();

~rv();

rv(rv const&);

void operator=(rv const&);

};

template<class T>

rv<T>& move(T const &x)

{ return *reinterpret_cast<rv<T> *>(reinterpret_cast<T*>(&const_cast<char &>(reinterpret_cast<const volatile char &>(static_cast<T const &>(x))))); }

template<class T>

rv<T>& move(rv<T> &x)

{ return x; }

}

#endif // not defined BACKPORT_MOVE_TOOLS_DEFINED



/*BACKPORT MOVE TOOLS END*/
');
INSERT INTO "REPLACEMENTS" VALUES(56,3,1,0,45,1,1,3,9,0,'
/*1000000001*/

/*BACKPORT MOVE TOOLS BEGIN*/

#ifndef BACKPORT_MOVE_TOOLS_DEFINED

#define BACKPORT_MOVE_TOOLS_DEFINED
namespace backport {

template<class T> class rv {

private:

T _placeholder;

rv();

~rv();

rv(rv const&);

void operator=(rv const&);

};

template<class T>

rv<T>& move(T const &x)

{ return *reinterpret_cast<rv<T> *>(reinterpret_cast<T*>(&const_cast<char &>(reinterpret_cast<const volatile char &>(static_cast<T const &>(x))))); }

template<class T>

rv<T>& move(rv<T> &x)

{ return x; }

}

#endif // not defined BACKPORT_MOVE_TOOLS_DEFINED



/*BACKPORT MOVE TOOLS END*/
');
INSERT INTO "REPLACEMENTS" VALUES(57,2,1,0,45,1,1,2,9,0,'
/*1000000001*/

/*BACKPORT MOVE TOOLS BEGIN*/

#ifndef BACKPORT_MOVE_TOOLS_DEFINED

#define BACKPORT_MOVE_TOOLS_DEFINED
namespace backport {

template<class T> class rv {

private:

T _placeholder;

rv();

~rv();

rv(rv const&);

void operator=(rv const&);

};

template<class T>

rv<T>& move(T const &x)

{ return *reinterpret_cast<rv<T> *>(reinterpret_cast<T*>(&const_cast<char &>(reinterpret_cast<const volatile char &>(static_cast<T const &>(x))))); }

template<class T>

rv<T>& move(rv<T> &x)

{ return x; }

}

#endif // not defined BACKPORT_MOVE_TOOLS_DEFINED



/*BACKPORT MOVE TOOLS END*/
');
INSERT INTO "REPLACEMENTS" VALUES(58,1,1,0,45,1,1,1,9,0,'
/*1000000001*/

/*BACKPORT MOVE TOOLS BEGIN*/

#ifndef BACKPORT_MOVE_TOOLS_DEFINED

#define BACKPORT_MOVE_TOOLS_DEFINED
namespace backport {

template<class T> class rv {

private:

T _placeholder;

rv();

~rv();

rv(rv const&);

void operator=(rv const&);

};

template<class T>

rv<T>& move(T const &x)

{ return *reinterpret_cast<rv<T> *>(reinterpret_cast<T*>(&const_cast<char &>(reinterpret_cast<const volatile char &>(static_cast<T const &>(x))))); }

template<class T>

rv<T>& move(rv<T> &x)

{ return x; }

}

#endif // not defined BACKPORT_MOVE_TOOLS_DEFINED



/*BACKPORT MOVE TOOLS END*/
');
INSERT INTO "REPLACEMENTS" VALUES(59,3,16,0,0,16,16,3,1,0,'int ');
INSERT INTO "REPLACEMENTS" VALUES(60,3,19,0,0,19,19,3,1,0,'int ');
INSERT INTO "REPLACEMENTS" VALUES(61,3,20,0,0,20,20,3,1,0,'char ');
INSERT INTO "REPLACEMENTS" VALUES(62,3,21,0,0,21,21,3,1,0,'unsigned int ');
INSERT INTO "REPLACEMENTS" VALUES(63,15,24,0,0,24,24,15,1,0,'int ');
INSERT INTO "REPLACEMENTS" VALUES(64,15,28,0,5,28,28,15,1,0,'{
std::_Vector_iterator<std::basic_string<char, std::char_traits<char>, std::allocator<char> >, std::allocator<std::basic_string<char, std::char_traits<char>, std::allocator<char> > > > __begin = (myVec).begin();
std::_Vector_iterator<std::basic_string<char, std::char_traits<char>, std::allocator<char> >, std::allocator<std::basic_string<char, std::char_traits<char>, std::allocator<char> > > > __end = (myVec).end();
for(;__begin != __end; ++ __begin) {
std::basic_string<char, std::char_traits<char>, std::allocator<char> > s = *__begin;
');
INSERT INTO "REPLACEMENTS" VALUES(65,15,31,0,3,31,31,15,1,0,'
}
}
');
INSERT INTO "REPLACEMENTS" VALUES(66,6,1,0,45,1,1,6,9,0,'
/*1000000001*/

/*BACKPORT MOVE TOOLS BEGIN*/

#ifndef BACKPORT_MOVE_TOOLS_DEFINED

#define BACKPORT_MOVE_TOOLS_DEFINED
namespace backport {

template<class T> class rv {

private:

T _placeholder;

rv();

~rv();

rv(rv const&);

void operator=(rv const&);

};

template<class T>

rv<T>& move(T const &x)

{ return *reinterpret_cast<rv<T> *>(reinterpret_cast<T*>(&const_cast<char &>(reinterpret_cast<const volatile char &>(static_cast<T const &>(x))))); }

template<class T>

rv<T>& move(rv<T> &x)

{ return x; }

}

#endif // not defined BACKPORT_MOVE_TOOLS_DEFINED



/*BACKPORT MOVE TOOLS END*/
');
INSERT INTO "REPLACEMENTS" VALUES(67,3,1,0,45,1,1,3,9,0,'
/*1000000001*/

/*BACKPORT MOVE TOOLS BEGIN*/

#ifndef BACKPORT_MOVE_TOOLS_DEFINED

#define BACKPORT_MOVE_TOOLS_DEFINED
namespace backport {

template<class T> class rv {

private:

T _placeholder;

rv();

~rv();

rv(rv const&);

void operator=(rv const&);

};

template<class T>

rv<T>& move(T const &x)

{ return *reinterpret_cast<rv<T> *>(reinterpret_cast<T*>(&const_cast<char &>(reinterpret_cast<const volatile char &>(static_cast<T const &>(x))))); }

template<class T>

rv<T>& move(rv<T> &x)

{ return x; }

}

#endif // not defined BACKPORT_MOVE_TOOLS_DEFINED



/*BACKPORT MOVE TOOLS END*/
');
INSERT INTO "REPLACEMENTS" VALUES(68,16,1,0,45,1,1,16,9,0,'
/*1000000001*/

/*BACKPORT MOVE TOOLS BEGIN*/

#ifndef BACKPORT_MOVE_TOOLS_DEFINED

#define BACKPORT_MOVE_TOOLS_DEFINED
namespace backport {

template<class T> class rv {

private:

T _placeholder;

rv();

~rv();

rv(rv const&);

void operator=(rv const&);

};

template<class T>

rv<T>& move(T const &x)

{ return *reinterpret_cast<rv<T> *>(reinterpret_cast<T*>(&const_cast<char &>(reinterpret_cast<const volatile char &>(static_cast<T const &>(x))))); }

template<class T>

rv<T>& move(rv<T> &x)

{ return x; }

}

#endif // not defined BACKPORT_MOVE_TOOLS_DEFINED



/*BACKPORT MOVE TOOLS END*/
');
INSERT INTO "REPLACEMENTS" VALUES(69,15,1,0,45,1,1,15,9,0,'
/*1000000001*/

/*BACKPORT MOVE TOOLS BEGIN*/

#ifndef BACKPORT_MOVE_TOOLS_DEFINED

#define BACKPORT_MOVE_TOOLS_DEFINED
namespace backport {

template<class T> class rv {

private:

T _placeholder;

rv();

~rv();

rv(rv const&);

void operator=(rv const&);

};

template<class T>

rv<T>& move(T const &x)

{ return *reinterpret_cast<rv<T> *>(reinterpret_cast<T*>(&const_cast<char &>(reinterpret_cast<const volatile char &>(static_cast<T const &>(x))))); }

template<class T>

rv<T>& move(rv<T> &x)

{ return x; }

}

#endif // not defined BACKPORT_MOVE_TOOLS_DEFINED



/*BACKPORT MOVE TOOLS END*/
');
INSERT INTO "REPLACEMENTS" VALUES(70,3,16,0,0,16,16,3,1,0,'int ');
INSERT INTO "REPLACEMENTS" VALUES(71,3,19,0,0,19,19,3,1,0,'int ');
INSERT INTO "REPLACEMENTS" VALUES(72,3,20,0,0,20,20,3,1,0,'char ');
INSERT INTO "REPLACEMENTS" VALUES(73,3,21,0,0,21,21,3,1,0,'unsigned int ');
INSERT INTO "REPLACEMENTS" VALUES(74,15,24,0,0,24,24,15,1,0,'int ');
INSERT INTO "REPLACEMENTS" VALUES(75,15,28,0,5,28,28,15,1,0,'{
std::_Vector_iterator<std::basic_string<char, std::char_traits<char>, std::allocator<char> >, std::allocator<std::basic_string<char, std::char_traits<char>, std::allocator<char> > > > __begin = (myVec).begin();
std::_Vector_iterator<std::basic_string<char, std::char_traits<char>, std::allocator<char> >, std::allocator<std::basic_string<char, std::char_traits<char>, std::allocator<char> > > > __end = (myVec).end();
for(;__begin != __end; ++ __begin) {
std::basic_string<char, std::char_traits<char>, std::allocator<char> > s = *__begin;
');
INSERT INTO "REPLACEMENTS" VALUES(76,15,31,0,3,31,31,15,1,0,'
}
}
');
INSERT INTO "REPLACEMENTS" VALUES(77,6,1,0,45,1,1,6,9,0,'
/*1000000001*/

/*BACKPORT MOVE TOOLS BEGIN*/

#ifndef BACKPORT_MOVE_TOOLS_DEFINED

#define BACKPORT_MOVE_TOOLS_DEFINED
namespace backport {

template<class T> class rv {

private:

T _placeholder;

rv();

~rv();

rv(rv const&);

void operator=(rv const&);

};

template<class T>

rv<T>& move(T const &x)

{ return *reinterpret_cast<rv<T> *>(reinterpret_cast<T*>(&const_cast<char &>(reinterpret_cast<const volatile char &>(static_cast<T const &>(x))))); }

template<class T>

rv<T>& move(rv<T> &x)

{ return x; }

}

#endif // not defined BACKPORT_MOVE_TOOLS_DEFINED



/*BACKPORT MOVE TOOLS END*/
');
INSERT INTO "REPLACEMENTS" VALUES(78,3,1,0,45,1,1,3,9,0,'
/*1000000001*/

/*BACKPORT MOVE TOOLS BEGIN*/

#ifndef BACKPORT_MOVE_TOOLS_DEFINED

#define BACKPORT_MOVE_TOOLS_DEFINED
namespace backport {

template<class T> class rv {

private:

T _placeholder;

rv();

~rv();

rv(rv const&);

void operator=(rv const&);

};

template<class T>

rv<T>& move(T const &x)

{ return *reinterpret_cast<rv<T> *>(reinterpret_cast<T*>(&const_cast<char &>(reinterpret_cast<const volatile char &>(static_cast<T const &>(x))))); }

template<class T>

rv<T>& move(rv<T> &x)

{ return x; }

}

#endif // not defined BACKPORT_MOVE_TOOLS_DEFINED



/*BACKPORT MOVE TOOLS END*/
');
INSERT INTO "REPLACEMENTS" VALUES(79,16,1,0,45,1,1,16,9,0,'
/*1000000001*/

/*BACKPORT MOVE TOOLS BEGIN*/

#ifndef BACKPORT_MOVE_TOOLS_DEFINED

#define BACKPORT_MOVE_TOOLS_DEFINED
namespace backport {

template<class T> class rv {

private:

T _placeholder;

rv();

~rv();

rv(rv const&);

void operator=(rv const&);

};

template<class T>

rv<T>& move(T const &x)

{ return *reinterpret_cast<rv<T> *>(reinterpret_cast<T*>(&const_cast<char &>(reinterpret_cast<const volatile char &>(static_cast<T const &>(x))))); }

template<class T>

rv<T>& move(rv<T> &x)

{ return x; }

}

#endif // not defined BACKPORT_MOVE_TOOLS_DEFINED



/*BACKPORT MOVE TOOLS END*/
');
INSERT INTO "REPLACEMENTS" VALUES(80,15,1,0,45,1,1,15,9,0,'
/*1000000001*/

/*BACKPORT MOVE TOOLS BEGIN*/

#ifndef BACKPORT_MOVE_TOOLS_DEFINED

#define BACKPORT_MOVE_TOOLS_DEFINED
namespace backport {

template<class T> class rv {

private:

T _placeholder;

rv();

~rv();

rv(rv const&);

void operator=(rv const&);

};

template<class T>

rv<T>& move(T const &x)

{ return *reinterpret_cast<rv<T> *>(reinterpret_cast<T*>(&const_cast<char &>(reinterpret_cast<const volatile char &>(static_cast<T const &>(x))))); }

template<class T>

rv<T>& move(rv<T> &x)

{ return x; }

}

#endif // not defined BACKPORT_MOVE_TOOLS_DEFINED



/*BACKPORT MOVE TOOLS END*/
');
INSERT INTO "REPLACEMENTS" VALUES(81,3,16,0,0,16,16,3,1,0,'int ');
INSERT INTO "REPLACEMENTS" VALUES(82,3,19,0,0,19,19,3,1,0,'int ');
INSERT INTO "REPLACEMENTS" VALUES(83,3,20,0,0,20,20,3,1,0,'char ');
INSERT INTO "REPLACEMENTS" VALUES(84,3,21,0,0,21,21,3,1,0,'unsigned int ');
INSERT INTO "REPLACEMENTS" VALUES(85,1,23,0,5,23,23,1,1,0,'{
std::_Vector_iterator<std::basic_string<char, std::char_traits<char>, std::allocator<char> >, std::allocator<std::basic_string<char, std::char_traits<char>, std::allocator<char> > > > __begin = (myVec).begin();
std::_Vector_iterator<std::basic_string<char, std::char_traits<char>, std::allocator<char> >, std::allocator<std::basic_string<char, std::char_traits<char>, std::allocator<char> > > > __end = (myVec).end();
for(;__begin != __end; ++ __begin) {
std::basic_string<char, std::char_traits<char>, std::allocator<char> > s = *__begin;
');
INSERT INTO "REPLACEMENTS" VALUES(86,1,26,0,3,26,26,1,1,0,'
}
}
');
INSERT INTO "REPLACEMENTS" VALUES(87,1,27,0,0,27,27,1,1,0,'int ');
INSERT INTO "REPLACEMENTS" VALUES(88,1,28,0,0,28,28,1,1,0,'int ');
INSERT INTO "REPLACEMENTS" VALUES(89,6,1,0,45,1,1,6,9,0,'
/*1000000001*/

/*BACKPORT MOVE TOOLS BEGIN*/

#ifndef BACKPORT_MOVE_TOOLS_DEFINED

#define BACKPORT_MOVE_TOOLS_DEFINED
namespace backport {

template<class T> class rv {

private:

T _placeholder;

rv();

~rv();

rv(rv const&);

void operator=(rv const&);

};

template<class T>

rv<T>& move(T const &x)

{ return *reinterpret_cast<rv<T> *>(reinterpret_cast<T*>(&const_cast<char &>(reinterpret_cast<const volatile char &>(static_cast<T const &>(x))))); }

template<class T>

rv<T>& move(rv<T> &x)

{ return x; }

}

#endif // not defined BACKPORT_MOVE_TOOLS_DEFINED



/*BACKPORT MOVE TOOLS END*/
');
INSERT INTO "REPLACEMENTS" VALUES(90,3,1,0,45,1,1,3,9,0,'
/*1000000001*/

/*BACKPORT MOVE TOOLS BEGIN*/

#ifndef BACKPORT_MOVE_TOOLS_DEFINED

#define BACKPORT_MOVE_TOOLS_DEFINED
namespace backport {

template<class T> class rv {

private:

T _placeholder;

rv();

~rv();

rv(rv const&);

void operator=(rv const&);

};

template<class T>

rv<T>& move(T const &x)

{ return *reinterpret_cast<rv<T> *>(reinterpret_cast<T*>(&const_cast<char &>(reinterpret_cast<const volatile char &>(static_cast<T const &>(x))))); }

template<class T>

rv<T>& move(rv<T> &x)

{ return x; }

}

#endif // not defined BACKPORT_MOVE_TOOLS_DEFINED



/*BACKPORT MOVE TOOLS END*/
');
INSERT INTO "REPLACEMENTS" VALUES(91,2,1,0,45,1,1,2,9,0,'
/*1000000001*/

/*BACKPORT MOVE TOOLS BEGIN*/

#ifndef BACKPORT_MOVE_TOOLS_DEFINED

#define BACKPORT_MOVE_TOOLS_DEFINED
namespace backport {

template<class T> class rv {

private:

T _placeholder;

rv();

~rv();

rv(rv const&);

void operator=(rv const&);

};

template<class T>

rv<T>& move(T const &x)

{ return *reinterpret_cast<rv<T> *>(reinterpret_cast<T*>(&const_cast<char &>(reinterpret_cast<const volatile char &>(static_cast<T const &>(x))))); }

template<class T>

rv<T>& move(rv<T> &x)

{ return x; }

}

#endif // not defined BACKPORT_MOVE_TOOLS_DEFINED



/*BACKPORT MOVE TOOLS END*/
');
INSERT INTO "REPLACEMENTS" VALUES(92,1,1,0,45,1,1,1,9,0,'
/*1000000001*/

/*BACKPORT MOVE TOOLS BEGIN*/

#ifndef BACKPORT_MOVE_TOOLS_DEFINED

#define BACKPORT_MOVE_TOOLS_DEFINED
namespace backport {

template<class T> class rv {

private:

T _placeholder;

rv();

~rv();

rv(rv const&);

void operator=(rv const&);

};

template<class T>

rv<T>& move(T const &x)

{ return *reinterpret_cast<rv<T> *>(reinterpret_cast<T*>(&const_cast<char &>(reinterpret_cast<const volatile char &>(static_cast<T const &>(x))))); }

template<class T>

rv<T>& move(rv<T> &x)

{ return x; }

}

#endif // not defined BACKPORT_MOVE_TOOLS_DEFINED



/*BACKPORT MOVE TOOLS END*/
');
INSERT INTO "REPLACEMENTS" VALUES(93,3,16,0,0,16,16,3,1,0,'int ');
INSERT INTO "REPLACEMENTS" VALUES(94,3,19,0,0,19,19,3,1,0,'int ');
INSERT INTO "REPLACEMENTS" VALUES(95,3,20,0,0,20,20,3,1,0,'char ');
INSERT INTO "REPLACEMENTS" VALUES(96,3,21,0,0,21,21,3,1,0,'unsigned int ');
INSERT INTO "REPLACEMENTS" VALUES(97,1,23,0,5,23,23,1,1,0,'{
std::_Vector_iterator<std::basic_string<char, std::char_traits<char>, std::allocator<char> >, std::allocator<std::basic_string<char, std::char_traits<char>, std::allocator<char> > > > __begin = (myVec).begin();
std::_Vector_iterator<std::basic_string<char, std::char_traits<char>, std::allocator<char> >, std::allocator<std::basic_string<char, std::char_traits<char>, std::allocator<char> > > > __end = (myVec).end();
for(;__begin != __end; ++ __begin) {
std::basic_string<char, std::char_traits<char>, std::allocator<char> > s = *__begin;
');
INSERT INTO "REPLACEMENTS" VALUES(98,1,26,0,3,26,26,1,1,0,'
}
}
');
INSERT INTO "REPLACEMENTS" VALUES(99,1,27,0,0,27,27,1,1,0,'int ');
INSERT INTO "REPLACEMENTS" VALUES(100,1,28,0,0,28,28,1,1,0,'int ');
INSERT INTO "REPLACEMENTS" VALUES(101,6,1,0,45,1,1,6,9,0,'
/*1000000001*/

/*BACKPORT MOVE TOOLS BEGIN*/

#ifndef BACKPORT_MOVE_TOOLS_DEFINED

#define BACKPORT_MOVE_TOOLS_DEFINED
namespace backport {

template<class T> class rv {

private:

T _placeholder;

rv();

~rv();

rv(rv const&);

void operator=(rv const&);

};

template<class T>

rv<T>& move(T const &x)

{ return *reinterpret_cast<rv<T> *>(reinterpret_cast<T*>(&const_cast<char &>(reinterpret_cast<const volatile char &>(static_cast<T const &>(x))))); }

template<class T>

rv<T>& move(rv<T> &x)

{ return x; }

}

#endif // not defined BACKPORT_MOVE_TOOLS_DEFINED



/*BACKPORT MOVE TOOLS END*/
');
INSERT INTO "REPLACEMENTS" VALUES(102,3,1,0,45,1,1,3,9,0,'
/*1000000001*/

/*BACKPORT MOVE TOOLS BEGIN*/

#ifndef BACKPORT_MOVE_TOOLS_DEFINED

#define BACKPORT_MOVE_TOOLS_DEFINED
namespace backport {

template<class T> class rv {

private:

T _placeholder;

rv();

~rv();

rv(rv const&);

void operator=(rv const&);

};

template<class T>

rv<T>& move(T const &x)

{ return *reinterpret_cast<rv<T> *>(reinterpret_cast<T*>(&const_cast<char &>(reinterpret_cast<const volatile char &>(static_cast<T const &>(x))))); }

template<class T>

rv<T>& move(rv<T> &x)

{ return x; }

}

#endif // not defined BACKPORT_MOVE_TOOLS_DEFINED



/*BACKPORT MOVE TOOLS END*/
');
INSERT INTO "REPLACEMENTS" VALUES(103,2,1,0,45,1,1,2,9,0,'
/*1000000001*/

/*BACKPORT MOVE TOOLS BEGIN*/

#ifndef BACKPORT_MOVE_TOOLS_DEFINED

#define BACKPORT_MOVE_TOOLS_DEFINED
namespace backport {

template<class T> class rv {

private:

T _placeholder;

rv();

~rv();

rv(rv const&);

void operator=(rv const&);

};

template<class T>

rv<T>& move(T const &x)

{ return *reinterpret_cast<rv<T> *>(reinterpret_cast<T*>(&const_cast<char &>(reinterpret_cast<const volatile char &>(static_cast<T const &>(x))))); }

template<class T>

rv<T>& move(rv<T> &x)

{ return x; }

}

#endif // not defined BACKPORT_MOVE_TOOLS_DEFINED



/*BACKPORT MOVE TOOLS END*/
');
INSERT INTO "REPLACEMENTS" VALUES(104,1,1,0,45,1,1,1,9,0,'
/*1000000001*/

/*BACKPORT MOVE TOOLS BEGIN*/

#ifndef BACKPORT_MOVE_TOOLS_DEFINED

#define BACKPORT_MOVE_TOOLS_DEFINED
namespace backport {

template<class T> class rv {

private:

T _placeholder;

rv();

~rv();

rv(rv const&);

void operator=(rv const&);

};

template<class T>

rv<T>& move(T const &x)

{ return *reinterpret_cast<rv<T> *>(reinterpret_cast<T*>(&const_cast<char &>(reinterpret_cast<const volatile char &>(static_cast<T const &>(x))))); }

template<class T>

rv<T>& move(rv<T> &x)

{ return x; }

}

#endif // not defined BACKPORT_MOVE_TOOLS_DEFINED



/*BACKPORT MOVE TOOLS END*/
');
INSERT INTO "REPLACEMENTS" VALUES(105,3,16,0,0,16,16,3,1,0,'int ');
INSERT INTO "REPLACEMENTS" VALUES(106,3,19,0,0,19,19,3,1,0,'int ');
INSERT INTO "REPLACEMENTS" VALUES(107,3,20,0,0,20,20,3,1,0,'char ');
INSERT INTO "REPLACEMENTS" VALUES(108,3,21,0,0,21,21,3,1,0,'unsigned int ');
INSERT INTO "REPLACEMENTS" VALUES(109,15,24,0,0,24,24,15,1,0,'int ');
INSERT INTO "REPLACEMENTS" VALUES(110,15,28,0,5,28,28,15,1,0,'{
std::_Vector_iterator<std::basic_string<char, std::char_traits<char>, std::allocator<char> >, std::allocator<std::basic_string<char, std::char_traits<char>, std::allocator<char> > > > __begin = (myVec).begin();
std::_Vector_iterator<std::basic_string<char, std::char_traits<char>, std::allocator<char> >, std::allocator<std::basic_string<char, std::char_traits<char>, std::allocator<char> > > > __end = (myVec).end();
for(;__begin != __end; ++ __begin) {
std::basic_string<char, std::char_traits<char>, std::allocator<char> > s = *__begin;
');
INSERT INTO "REPLACEMENTS" VALUES(111,15,31,0,3,31,31,15,1,0,'
}
}
');
INSERT INTO "REPLACEMENTS" VALUES(112,6,1,0,45,1,1,6,9,0,'
/*1000000001*/

/*BACKPORT MOVE TOOLS BEGIN*/

#ifndef BACKPORT_MOVE_TOOLS_DEFINED

#define BACKPORT_MOVE_TOOLS_DEFINED
namespace backport {

template<class T> class rv {

private:

T _placeholder;

rv();

~rv();

rv(rv const&);

void operator=(rv const&);

};

template<class T>

rv<T>& move(T const &x)

{ return *reinterpret_cast<rv<T> *>(reinterpret_cast<T*>(&const_cast<char &>(reinterpret_cast<const volatile char &>(static_cast<T const &>(x))))); }

template<class T>

rv<T>& move(rv<T> &x)

{ return x; }

}

#endif // not defined BACKPORT_MOVE_TOOLS_DEFINED



/*BACKPORT MOVE TOOLS END*/
');
INSERT INTO "REPLACEMENTS" VALUES(113,3,1,0,45,1,1,3,9,0,'
/*1000000001*/

/*BACKPORT MOVE TOOLS BEGIN*/

#ifndef BACKPORT_MOVE_TOOLS_DEFINED

#define BACKPORT_MOVE_TOOLS_DEFINED
namespace backport {

template<class T> class rv {

private:

T _placeholder;

rv();

~rv();

rv(rv const&);

void operator=(rv const&);

};

template<class T>

rv<T>& move(T const &x)

{ return *reinterpret_cast<rv<T> *>(reinterpret_cast<T*>(&const_cast<char &>(reinterpret_cast<const volatile char &>(static_cast<T const &>(x))))); }

template<class T>

rv<T>& move(rv<T> &x)

{ return x; }

}

#endif // not defined BACKPORT_MOVE_TOOLS_DEFINED



/*BACKPORT MOVE TOOLS END*/
');
INSERT INTO "REPLACEMENTS" VALUES(114,16,1,0,45,1,1,16,9,0,'
/*1000000001*/

/*BACKPORT MOVE TOOLS BEGIN*/

#ifndef BACKPORT_MOVE_TOOLS_DEFINED

#define BACKPORT_MOVE_TOOLS_DEFINED
namespace backport {

template<class T> class rv {

private:

T _placeholder;

rv();

~rv();

rv(rv const&);

void operator=(rv const&);

};

template<class T>

rv<T>& move(T const &x)

{ return *reinterpret_cast<rv<T> *>(reinterpret_cast<T*>(&const_cast<char &>(reinterpret_cast<const volatile char &>(static_cast<T const &>(x))))); }

template<class T>

rv<T>& move(rv<T> &x)

{ return x; }

}

#endif // not defined BACKPORT_MOVE_TOOLS_DEFINED



/*BACKPORT MOVE TOOLS END*/
');
INSERT INTO "REPLACEMENTS" VALUES(115,15,1,0,45,1,1,15,9,0,'
/*1000000001*/

/*BACKPORT MOVE TOOLS BEGIN*/

#ifndef BACKPORT_MOVE_TOOLS_DEFINED

#define BACKPORT_MOVE_TOOLS_DEFINED
namespace backport {

template<class T> class rv {

private:

T _placeholder;

rv();

~rv();

rv(rv const&);

void operator=(rv const&);

};

template<class T>

rv<T>& move(T const &x)

{ return *reinterpret_cast<rv<T> *>(reinterpret_cast<T*>(&const_cast<char &>(reinterpret_cast<const volatile char &>(static_cast<T const &>(x))))); }

template<class T>

rv<T>& move(rv<T> &x)

{ return x; }

}

#endif // not defined BACKPORT_MOVE_TOOLS_DEFINED



/*BACKPORT MOVE TOOLS END*/
');
INSERT INTO "REPLACEMENTS" VALUES(116,3,16,0,0,16,16,3,1,0,'int ');
INSERT INTO "REPLACEMENTS" VALUES(117,3,19,0,0,19,19,3,1,0,'int ');
INSERT INTO "REPLACEMENTS" VALUES(118,3,20,0,0,20,20,3,1,0,'char ');
INSERT INTO "REPLACEMENTS" VALUES(119,3,21,0,0,21,21,3,1,0,'unsigned int ');
INSERT INTO "REPLACEMENTS" VALUES(120,1,23,0,5,23,23,1,1,0,'{
std::_Vector_iterator<std::basic_string<char, std::char_traits<char>, std::allocator<char> >, std::allocator<std::basic_string<char, std::char_traits<char>, std::allocator<char> > > > __begin = (myVec).begin();
std::_Vector_iterator<std::basic_string<char, std::char_traits<char>, std::allocator<char> >, std::allocator<std::basic_string<char, std::char_traits<char>, std::allocator<char> > > > __end = (myVec).end();
for(;__begin != __end; ++ __begin) {
std::basic_string<char, std::char_traits<char>, std::allocator<char> > s = *__begin;
');
INSERT INTO "REPLACEMENTS" VALUES(121,1,26,0,3,26,26,1,1,0,'
}
}
');
INSERT INTO "REPLACEMENTS" VALUES(122,1,27,0,0,27,27,1,1,0,'int ');
INSERT INTO "REPLACEMENTS" VALUES(123,1,28,0,0,28,28,1,1,0,'int ');
INSERT INTO "REPLACEMENTS" VALUES(124,6,1,0,45,1,1,6,9,0,'
/*1000000001*/

/*BACKPORT MOVE TOOLS BEGIN*/

#ifndef BACKPORT_MOVE_TOOLS_DEFINED

#define BACKPORT_MOVE_TOOLS_DEFINED
namespace backport {

template<class T> class rv {

private:

T _placeholder;

rv();

~rv();

rv(rv const&);

void operator=(rv const&);

};

template<class T>

rv<T>& move(T const &x)

{ return *reinterpret_cast<rv<T> *>(reinterpret_cast<T*>(&const_cast<char &>(reinterpret_cast<const volatile char &>(static_cast<T const &>(x))))); }

template<class T>

rv<T>& move(rv<T> &x)

{ return x; }

}

#endif // not defined BACKPORT_MOVE_TOOLS_DEFINED



/*BACKPORT MOVE TOOLS END*/
');
INSERT INTO "REPLACEMENTS" VALUES(125,3,1,0,45,1,1,3,9,0,'
/*1000000001*/

/*BACKPORT MOVE TOOLS BEGIN*/

#ifndef BACKPORT_MOVE_TOOLS_DEFINED

#define BACKPORT_MOVE_TOOLS_DEFINED
namespace backport {

template<class T> class rv {

private:

T _placeholder;

rv();

~rv();

rv(rv const&);

void operator=(rv const&);

};

template<class T>

rv<T>& move(T const &x)

{ return *reinterpret_cast<rv<T> *>(reinterpret_cast<T*>(&const_cast<char &>(reinterpret_cast<const volatile char &>(static_cast<T const &>(x))))); }

template<class T>

rv<T>& move(rv<T> &x)

{ return x; }

}

#endif // not defined BACKPORT_MOVE_TOOLS_DEFINED



/*BACKPORT MOVE TOOLS END*/
');
INSERT INTO "REPLACEMENTS" VALUES(126,2,1,0,45,1,1,2,9,0,'
/*1000000001*/

/*BACKPORT MOVE TOOLS BEGIN*/

#ifndef BACKPORT_MOVE_TOOLS_DEFINED

#define BACKPORT_MOVE_TOOLS_DEFINED
namespace backport {

template<class T> class rv {

private:

T _placeholder;

rv();

~rv();

rv(rv const&);

void operator=(rv const&);

};

template<class T>

rv<T>& move(T const &x)

{ return *reinterpret_cast<rv<T> *>(reinterpret_cast<T*>(&const_cast<char &>(reinterpret_cast<const volatile char &>(static_cast<T const &>(x))))); }

template<class T>

rv<T>& move(rv<T> &x)

{ return x; }

}

#endif // not defined BACKPORT_MOVE_TOOLS_DEFINED



/*BACKPORT MOVE TOOLS END*/
');
INSERT INTO "REPLACEMENTS" VALUES(127,1,1,0,45,1,1,1,9,0,'
/*1000000001*/

/*BACKPORT MOVE TOOLS BEGIN*/

#ifndef BACKPORT_MOVE_TOOLS_DEFINED

#define BACKPORT_MOVE_TOOLS_DEFINED
namespace backport {

template<class T> class rv {

private:

T _placeholder;

rv();

~rv();

rv(rv const&);

void operator=(rv const&);

};

template<class T>

rv<T>& move(T const &x)

{ return *reinterpret_cast<rv<T> *>(reinterpret_cast<T*>(&const_cast<char &>(reinterpret_cast<const volatile char &>(static_cast<T const &>(x))))); }

template<class T>

rv<T>& move(rv<T> &x)

{ return x; }

}

#endif // not defined BACKPORT_MOVE_TOOLS_DEFINED



/*BACKPORT MOVE TOOLS END*/
');
INSERT INTO "REPLACEMENTS" VALUES(128,3,16,0,0,16,16,3,1,0,'int ');
INSERT INTO "REPLACEMENTS" VALUES(129,3,19,0,0,19,19,3,1,0,'int ');
INSERT INTO "REPLACEMENTS" VALUES(130,3,20,0,0,20,20,3,1,0,'char ');
INSERT INTO "REPLACEMENTS" VALUES(131,3,21,0,0,21,21,3,1,0,'unsigned int ');
INSERT INTO "REPLACEMENTS" VALUES(132,15,24,0,0,24,24,15,1,0,'int ');
INSERT INTO "REPLACEMENTS" VALUES(133,15,28,0,5,28,28,15,1,0,'{
std::_Vector_iterator<std::basic_string<char, std::char_traits<char>, std::allocator<char> >, std::allocator<std::basic_string<char, std::char_traits<char>, std::allocator<char> > > > __begin = (myVec).begin();
std::_Vector_iterator<std::basic_string<char, std::char_traits<char>, std::allocator<char> >, std::allocator<std::basic_string<char, std::char_traits<char>, std::allocator<char> > > > __end = (myVec).end();
for(;__begin != __end; ++ __begin) {
std::basic_string<char, std::char_traits<char>, std::allocator<char> > s = *__begin;
');
INSERT INTO "REPLACEMENTS" VALUES(134,15,31,0,3,31,31,15,1,0,'
}
}
');
INSERT INTO "REPLACEMENTS" VALUES(135,6,1,0,45,1,1,6,9,0,'
/*1000000001*/

/*BACKPORT MOVE TOOLS BEGIN*/

#ifndef BACKPORT_MOVE_TOOLS_DEFINED

#define BACKPORT_MOVE_TOOLS_DEFINED
namespace backport {

template<class T> class rv {

private:

T _placeholder;

rv();

~rv();

rv(rv const&);

void operator=(rv const&);

};

template<class T>

rv<T>& move(T const &x)

{ return *reinterpret_cast<rv<T> *>(reinterpret_cast<T*>(&const_cast<char &>(reinterpret_cast<const volatile char &>(static_cast<T const &>(x))))); }

template<class T>

rv<T>& move(rv<T> &x)

{ return x; }

}

#endif // not defined BACKPORT_MOVE_TOOLS_DEFINED



/*BACKPORT MOVE TOOLS END*/
');
INSERT INTO "REPLACEMENTS" VALUES(136,3,1,0,45,1,1,3,9,0,'
/*1000000001*/

/*BACKPORT MOVE TOOLS BEGIN*/

#ifndef BACKPORT_MOVE_TOOLS_DEFINED

#define BACKPORT_MOVE_TOOLS_DEFINED
namespace backport {

template<class T> class rv {

private:

T _placeholder;

rv();

~rv();

rv(rv const&);

void operator=(rv const&);

};

template<class T>

rv<T>& move(T const &x)

{ return *reinterpret_cast<rv<T> *>(reinterpret_cast<T*>(&const_cast<char &>(reinterpret_cast<const volatile char &>(static_cast<T const &>(x))))); }

template<class T>

rv<T>& move(rv<T> &x)

{ return x; }

}

#endif // not defined BACKPORT_MOVE_TOOLS_DEFINED



/*BACKPORT MOVE TOOLS END*/
');
INSERT INTO "REPLACEMENTS" VALUES(137,16,1,0,45,1,1,16,9,0,'
/*1000000001*/

/*BACKPORT MOVE TOOLS BEGIN*/

#ifndef BACKPORT_MOVE_TOOLS_DEFINED

#define BACKPORT_MOVE_TOOLS_DEFINED
namespace backport {

template<class T> class rv {

private:

T _placeholder;

rv();

~rv();

rv(rv const&);

void operator=(rv const&);

};

template<class T>

rv<T>& move(T const &x)

{ return *reinterpret_cast<rv<T> *>(reinterpret_cast<T*>(&const_cast<char &>(reinterpret_cast<const volatile char &>(static_cast<T const &>(x))))); }

template<class T>

rv<T>& move(rv<T> &x)

{ return x; }

}

#endif // not defined BACKPORT_MOVE_TOOLS_DEFINED



/*BACKPORT MOVE TOOLS END*/
');
INSERT INTO "REPLACEMENTS" VALUES(138,15,1,0,45,1,1,15,9,0,'
/*1000000001*/

/*BACKPORT MOVE TOOLS BEGIN*/

#ifndef BACKPORT_MOVE_TOOLS_DEFINED

#define BACKPORT_MOVE_TOOLS_DEFINED
namespace backport {

template<class T> class rv {

private:

T _placeholder;

rv();

~rv();

rv(rv const&);

void operator=(rv const&);

};

template<class T>

rv<T>& move(T const &x)

{ return *reinterpret_cast<rv<T> *>(reinterpret_cast<T*>(&const_cast<char &>(reinterpret_cast<const volatile char &>(static_cast<T const &>(x))))); }

template<class T>

rv<T>& move(rv<T> &x)

{ return x; }

}

#endif // not defined BACKPORT_MOVE_TOOLS_DEFINED



/*BACKPORT MOVE TOOLS END*/
');
INSERT INTO "REPLACEMENTS" VALUES(139,3,17,0,0,17,17,3,1,0,'int ');
INSERT INTO "REPLACEMENTS" VALUES(140,3,20,0,0,20,20,3,1,0,'int ');
INSERT INTO "REPLACEMENTS" VALUES(141,3,21,0,0,21,21,3,1,0,'char ');
INSERT INTO "REPLACEMENTS" VALUES(142,3,22,0,0,22,22,3,1,0,'unsigned int ');
INSERT INTO "REPLACEMENTS" VALUES(143,1,23,0,5,23,23,1,1,0,'{
std::_Vector_iterator<std::basic_string<char, std::char_traits<char>, std::allocator<char> >, std::allocator<std::basic_string<char, std::char_traits<char>, std::allocator<char> > > > __begin = (myVec).begin();
std::_Vector_iterator<std::basic_string<char, std::char_traits<char>, std::allocator<char> >, std::allocator<std::basic_string<char, std::char_traits<char>, std::allocator<char> > > > __end = (myVec).end();
for(;__begin != __end; ++ __begin) {
std::basic_string<char, std::char_traits<char>, std::allocator<char> > s = *__begin;
');
INSERT INTO "REPLACEMENTS" VALUES(144,1,26,0,3,26,26,1,1,0,'
}
}
');
INSERT INTO "REPLACEMENTS" VALUES(145,1,27,0,0,27,27,1,1,0,'int ');
INSERT INTO "REPLACEMENTS" VALUES(146,1,28,0,0,28,28,1,1,0,'int ');
INSERT INTO "REPLACEMENTS" VALUES(147,6,1,0,45,1,1,6,9,0,'
/*1000000001*/

/*BACKPORT MOVE TOOLS BEGIN*/

#ifndef BACKPORT_MOVE_TOOLS_DEFINED

#define BACKPORT_MOVE_TOOLS_DEFINED
namespace backport {

template<class T> class rv {

private:

T _placeholder;

rv();

~rv();

rv(rv const&);

void operator=(rv const&);

};

template<class T>

rv<T>& move(T const &x)

{ return *reinterpret_cast<rv<T> *>(reinterpret_cast<T*>(&const_cast<char &>(reinterpret_cast<const volatile char &>(static_cast<T const &>(x))))); }

template<class T>

rv<T>& move(rv<T> &x)

{ return x; }

}

#endif // not defined BACKPORT_MOVE_TOOLS_DEFINED



/*BACKPORT MOVE TOOLS END*/
');
INSERT INTO "REPLACEMENTS" VALUES(148,3,1,0,45,1,1,3,9,0,'
/*1000000001*/

/*BACKPORT MOVE TOOLS BEGIN*/

#ifndef BACKPORT_MOVE_TOOLS_DEFINED

#define BACKPORT_MOVE_TOOLS_DEFINED
namespace backport {

template<class T> class rv {

private:

T _placeholder;

rv();

~rv();

rv(rv const&);

void operator=(rv const&);

};

template<class T>

rv<T>& move(T const &x)

{ return *reinterpret_cast<rv<T> *>(reinterpret_cast<T*>(&const_cast<char &>(reinterpret_cast<const volatile char &>(static_cast<T const &>(x))))); }

template<class T>

rv<T>& move(rv<T> &x)

{ return x; }

}

#endif // not defined BACKPORT_MOVE_TOOLS_DEFINED



/*BACKPORT MOVE TOOLS END*/
');
INSERT INTO "REPLACEMENTS" VALUES(149,2,1,0,45,1,1,2,9,0,'
/*1000000001*/

/*BACKPORT MOVE TOOLS BEGIN*/

#ifndef BACKPORT_MOVE_TOOLS_DEFINED

#define BACKPORT_MOVE_TOOLS_DEFINED
namespace backport {

template<class T> class rv {

private:

T _placeholder;

rv();

~rv();

rv(rv const&);

void operator=(rv const&);

};

template<class T>

rv<T>& move(T const &x)

{ return *reinterpret_cast<rv<T> *>(reinterpret_cast<T*>(&const_cast<char &>(reinterpret_cast<const volatile char &>(static_cast<T const &>(x))))); }

template<class T>

rv<T>& move(rv<T> &x)

{ return x; }

}

#endif // not defined BACKPORT_MOVE_TOOLS_DEFINED



/*BACKPORT MOVE TOOLS END*/
');
INSERT INTO "REPLACEMENTS" VALUES(150,1,1,0,45,1,1,1,9,0,'
/*1000000001*/

/*BACKPORT MOVE TOOLS BEGIN*/

#ifndef BACKPORT_MOVE_TOOLS_DEFINED

#define BACKPORT_MOVE_TOOLS_DEFINED
namespace backport {

template<class T> class rv {

private:

T _placeholder;

rv();

~rv();

rv(rv const&);

void operator=(rv const&);

};

template<class T>

rv<T>& move(T const &x)

{ return *reinterpret_cast<rv<T> *>(reinterpret_cast<T*>(&const_cast<char &>(reinterpret_cast<const volatile char &>(static_cast<T const &>(x))))); }

template<class T>

rv<T>& move(rv<T> &x)

{ return x; }

}

#endif // not defined BACKPORT_MOVE_TOOLS_DEFINED



/*BACKPORT MOVE TOOLS END*/
');
INSERT INTO "REPLACEMENTS" VALUES(151,3,17,0,0,17,17,3,1,0,'int ');
INSERT INTO "REPLACEMENTS" VALUES(152,3,20,0,0,20,20,3,1,0,'int ');
INSERT INTO "REPLACEMENTS" VALUES(153,3,21,0,0,21,21,3,1,0,'char ');
INSERT INTO "REPLACEMENTS" VALUES(154,3,22,0,0,22,22,3,1,0,'unsigned int ');
INSERT INTO "REPLACEMENTS" VALUES(155,15,24,0,0,24,24,15,1,0,'int ');
INSERT INTO "REPLACEMENTS" VALUES(156,15,28,0,5,28,28,15,1,0,'{
std::_Vector_iterator<std::basic_string<char, std::char_traits<char>, std::allocator<char> >, std::allocator<std::basic_string<char, std::char_traits<char>, std::allocator<char> > > > __begin = (myVec).begin();
std::_Vector_iterator<std::basic_string<char, std::char_traits<char>, std::allocator<char> >, std::allocator<std::basic_string<char, std::char_traits<char>, std::allocator<char> > > > __end = (myVec).end();
for(;__begin != __end; ++ __begin) {
std::basic_string<char, std::char_traits<char>, std::allocator<char> > s = *__begin;
');
INSERT INTO "REPLACEMENTS" VALUES(157,15,31,0,3,31,31,15,1,0,'
}
}
');
INSERT INTO "REPLACEMENTS" VALUES(158,6,1,0,45,1,1,6,9,0,'
/*1000000001*/

/*BACKPORT MOVE TOOLS BEGIN*/

#ifndef BACKPORT_MOVE_TOOLS_DEFINED

#define BACKPORT_MOVE_TOOLS_DEFINED
namespace backport {

template<class T> class rv {

private:

T _placeholder;

rv();

~rv();

rv(rv const&);

void operator=(rv const&);

};

template<class T>

rv<T>& move(T const &x)

{ return *reinterpret_cast<rv<T> *>(reinterpret_cast<T*>(&const_cast<char &>(reinterpret_cast<const volatile char &>(static_cast<T const &>(x))))); }

template<class T>

rv<T>& move(rv<T> &x)

{ return x; }

}

#endif // not defined BACKPORT_MOVE_TOOLS_DEFINED



/*BACKPORT MOVE TOOLS END*/
');
INSERT INTO "REPLACEMENTS" VALUES(159,3,1,0,45,1,1,3,9,0,'
/*1000000001*/

/*BACKPORT MOVE TOOLS BEGIN*/

#ifndef BACKPORT_MOVE_TOOLS_DEFINED

#define BACKPORT_MOVE_TOOLS_DEFINED
namespace backport {

template<class T> class rv {

private:

T _placeholder;

rv();

~rv();

rv(rv const&);

void operator=(rv const&);

};

template<class T>

rv<T>& move(T const &x)

{ return *reinterpret_cast<rv<T> *>(reinterpret_cast<T*>(&const_cast<char &>(reinterpret_cast<const volatile char &>(static_cast<T const &>(x))))); }

template<class T>

rv<T>& move(rv<T> &x)

{ return x; }

}

#endif // not defined BACKPORT_MOVE_TOOLS_DEFINED



/*BACKPORT MOVE TOOLS END*/
');
INSERT INTO "REPLACEMENTS" VALUES(160,16,1,0,45,1,1,16,9,0,'
/*1000000001*/

/*BACKPORT MOVE TOOLS BEGIN*/

#ifndef BACKPORT_MOVE_TOOLS_DEFINED

#define BACKPORT_MOVE_TOOLS_DEFINED
namespace backport {

template<class T> class rv {

private:

T _placeholder;

rv();

~rv();

rv(rv const&);

void operator=(rv const&);

};

template<class T>

rv<T>& move(T const &x)

{ return *reinterpret_cast<rv<T> *>(reinterpret_cast<T*>(&const_cast<char &>(reinterpret_cast<const volatile char &>(static_cast<T const &>(x))))); }

template<class T>

rv<T>& move(rv<T> &x)

{ return x; }

}

#endif // not defined BACKPORT_MOVE_TOOLS_DEFINED



/*BACKPORT MOVE TOOLS END*/
');
INSERT INTO "REPLACEMENTS" VALUES(161,15,1,0,45,1,1,15,9,0,'
/*1000000001*/

/*BACKPORT MOVE TOOLS BEGIN*/

#ifndef BACKPORT_MOVE_TOOLS_DEFINED

#define BACKPORT_MOVE_TOOLS_DEFINED
namespace backport {

template<class T> class rv {

private:

T _placeholder;

rv();

~rv();

rv(rv const&);

void operator=(rv const&);

};

template<class T>

rv<T>& move(T const &x)

{ return *reinterpret_cast<rv<T> *>(reinterpret_cast<T*>(&const_cast<char &>(reinterpret_cast<const volatile char &>(static_cast<T const &>(x))))); }

template<class T>

rv<T>& move(rv<T> &x)

{ return x; }

}

#endif // not defined BACKPORT_MOVE_TOOLS_DEFINED



/*BACKPORT MOVE TOOLS END*/
');
INSERT INTO "REPLACEMENTS" VALUES(162,3,17,0,0,17,17,3,1,0,'int ');
INSERT INTO "REPLACEMENTS" VALUES(163,3,20,0,0,20,20,3,1,0,'int ');
INSERT INTO "REPLACEMENTS" VALUES(164,3,21,0,0,21,21,3,1,0,'char ');
INSERT INTO "REPLACEMENTS" VALUES(165,3,22,0,0,22,22,3,1,0,'unsigned int ');
INSERT INTO "REPLACEMENTS" VALUES(166,1,23,0,5,23,23,1,1,0,'{
std::_Vector_iterator<std::basic_string<char, std::char_traits<char>, std::allocator<char> >, std::allocator<std::basic_string<char, std::char_traits<char>, std::allocator<char> > > > __begin = (myVec).begin();
std::_Vector_iterator<std::basic_string<char, std::char_traits<char>, std::allocator<char> >, std::allocator<std::basic_string<char, std::char_traits<char>, std::allocator<char> > > > __end = (myVec).end();
for(;__begin != __end; ++ __begin) {
std::basic_string<char, std::char_traits<char>, std::allocator<char> > s = *__begin;
');
INSERT INTO "REPLACEMENTS" VALUES(167,1,26,0,3,26,26,1,1,0,'
}
}
');
INSERT INTO "REPLACEMENTS" VALUES(168,1,27,0,0,27,27,1,1,0,'int ');
INSERT INTO "REPLACEMENTS" VALUES(169,1,28,0,0,28,28,1,1,0,'int ');
INSERT INTO "REPLACEMENTS" VALUES(170,6,1,0,45,1,1,6,9,0,'
/*1000000001*/

/*BACKPORT MOVE TOOLS BEGIN*/

#ifndef BACKPORT_MOVE_TOOLS_DEFINED

#define BACKPORT_MOVE_TOOLS_DEFINED
namespace backport {

template<class T> class rv {

private:

T _placeholder;

rv();

~rv();

rv(rv const&);

void operator=(rv const&);

};

template<class T>

rv<T>& move(T const &x)

{ return *reinterpret_cast<rv<T> *>(reinterpret_cast<T*>(&const_cast<char &>(reinterpret_cast<const volatile char &>(static_cast<T const &>(x))))); }

template<class T>

rv<T>& move(rv<T> &x)

{ return x; }

}

#endif // not defined BACKPORT_MOVE_TOOLS_DEFINED



/*BACKPORT MOVE TOOLS END*/
');
INSERT INTO "REPLACEMENTS" VALUES(171,3,1,0,45,1,1,3,9,0,'
/*1000000001*/

/*BACKPORT MOVE TOOLS BEGIN*/

#ifndef BACKPORT_MOVE_TOOLS_DEFINED

#define BACKPORT_MOVE_TOOLS_DEFINED
namespace backport {

template<class T> class rv {

private:

T _placeholder;

rv();

~rv();

rv(rv const&);

void operator=(rv const&);

};

template<class T>

rv<T>& move(T const &x)

{ return *reinterpret_cast<rv<T> *>(reinterpret_cast<T*>(&const_cast<char &>(reinterpret_cast<const volatile char &>(static_cast<T const &>(x))))); }

template<class T>

rv<T>& move(rv<T> &x)

{ return x; }

}

#endif // not defined BACKPORT_MOVE_TOOLS_DEFINED



/*BACKPORT MOVE TOOLS END*/
');
INSERT INTO "REPLACEMENTS" VALUES(172,2,1,0,45,1,1,2,9,0,'
/*1000000001*/

/*BACKPORT MOVE TOOLS BEGIN*/

#ifndef BACKPORT_MOVE_TOOLS_DEFINED

#define BACKPORT_MOVE_TOOLS_DEFINED
namespace backport {

template<class T> class rv {

private:

T _placeholder;

rv();

~rv();

rv(rv const&);

void operator=(rv const&);

};

template<class T>

rv<T>& move(T const &x)

{ return *reinterpret_cast<rv<T> *>(reinterpret_cast<T*>(&const_cast<char &>(reinterpret_cast<const volatile char &>(static_cast<T const &>(x))))); }

template<class T>

rv<T>& move(rv<T> &x)

{ return x; }

}

#endif // not defined BACKPORT_MOVE_TOOLS_DEFINED



/*BACKPORT MOVE TOOLS END*/
');
INSERT INTO "REPLACEMENTS" VALUES(173,1,1,0,45,1,1,1,9,0,'
/*1000000001*/

/*BACKPORT MOVE TOOLS BEGIN*/

#ifndef BACKPORT_MOVE_TOOLS_DEFINED

#define BACKPORT_MOVE_TOOLS_DEFINED
namespace backport {

template<class T> class rv {

private:

T _placeholder;

rv();

~rv();

rv(rv const&);

void operator=(rv const&);

};

template<class T>

rv<T>& move(T const &x)

{ return *reinterpret_cast<rv<T> *>(reinterpret_cast<T*>(&const_cast<char &>(reinterpret_cast<const volatile char &>(static_cast<T const &>(x))))); }

template<class T>

rv<T>& move(rv<T> &x)

{ return x; }

}

#endif // not defined BACKPORT_MOVE_TOOLS_DEFINED



/*BACKPORT MOVE TOOLS END*/
');
INSERT INTO "REPLACEMENTS" VALUES(174,3,17,0,0,17,17,3,1,0,'int ');
INSERT INTO "REPLACEMENTS" VALUES(175,3,20,0,0,20,20,3,1,0,'int ');
INSERT INTO "REPLACEMENTS" VALUES(176,3,21,0,0,21,21,3,1,0,'char ');
INSERT INTO "REPLACEMENTS" VALUES(177,3,22,0,0,22,22,3,1,0,'unsigned int ');
INSERT INTO "REPLACEMENTS" VALUES(178,15,24,0,0,24,24,15,1,0,'int ');
INSERT INTO "REPLACEMENTS" VALUES(179,15,28,0,5,28,28,15,1,0,'{
std::_Vector_iterator<std::basic_string<char, std::char_traits<char>, std::allocator<char> >, std::allocator<std::basic_string<char, std::char_traits<char>, std::allocator<char> > > > __begin = (myVec).begin();
std::_Vector_iterator<std::basic_string<char, std::char_traits<char>, std::allocator<char> >, std::allocator<std::basic_string<char, std::char_traits<char>, std::allocator<char> > > > __end = (myVec).end();
for(;__begin != __end; ++ __begin) {
std::basic_string<char, std::char_traits<char>, std::allocator<char> > s = *__begin;
');
INSERT INTO "REPLACEMENTS" VALUES(180,15,31,0,3,31,31,15,1,0,'
}
}
');
INSERT INTO "REPLACEMENTS" VALUES(181,6,1,0,45,1,1,6,9,0,'
/*1000000001*/

/*BACKPORT MOVE TOOLS BEGIN*/

#ifndef BACKPORT_MOVE_TOOLS_DEFINED

#define BACKPORT_MOVE_TOOLS_DEFINED
namespace backport {

template<class T> class rv {

private:

T _placeholder;

rv();

~rv();

rv(rv const&);

void operator=(rv const&);

};

template<class T>

rv<T>& move(T const &x)

{ return *reinterpret_cast<rv<T> *>(reinterpret_cast<T*>(&const_cast<char &>(reinterpret_cast<const volatile char &>(static_cast<T const &>(x))))); }

template<class T>

rv<T>& move(rv<T> &x)

{ return x; }

}

#endif // not defined BACKPORT_MOVE_TOOLS_DEFINED



/*BACKPORT MOVE TOOLS END*/
');
INSERT INTO "REPLACEMENTS" VALUES(182,3,1,0,45,1,1,3,9,0,'
/*1000000001*/

/*BACKPORT MOVE TOOLS BEGIN*/

#ifndef BACKPORT_MOVE_TOOLS_DEFINED

#define BACKPORT_MOVE_TOOLS_DEFINED
namespace backport {

template<class T> class rv {

private:

T _placeholder;

rv();

~rv();

rv(rv const&);

void operator=(rv const&);

};

template<class T>

rv<T>& move(T const &x)

{ return *reinterpret_cast<rv<T> *>(reinterpret_cast<T*>(&const_cast<char &>(reinterpret_cast<const volatile char &>(static_cast<T const &>(x))))); }

template<class T>

rv<T>& move(rv<T> &x)

{ return x; }

}

#endif // not defined BACKPORT_MOVE_TOOLS_DEFINED



/*BACKPORT MOVE TOOLS END*/
');
INSERT INTO "REPLACEMENTS" VALUES(183,16,1,0,45,1,1,16,9,0,'
/*1000000001*/

/*BACKPORT MOVE TOOLS BEGIN*/

#ifndef BACKPORT_MOVE_TOOLS_DEFINED

#define BACKPORT_MOVE_TOOLS_DEFINED
namespace backport {

template<class T> class rv {

private:

T _placeholder;

rv();

~rv();

rv(rv const&);

void operator=(rv const&);

};

template<class T>

rv<T>& move(T const &x)

{ return *reinterpret_cast<rv<T> *>(reinterpret_cast<T*>(&const_cast<char &>(reinterpret_cast<const volatile char &>(static_cast<T const &>(x))))); }

template<class T>

rv<T>& move(rv<T> &x)

{ return x; }

}

#endif // not defined BACKPORT_MOVE_TOOLS_DEFINED



/*BACKPORT MOVE TOOLS END*/
');
INSERT INTO "REPLACEMENTS" VALUES(184,15,1,0,45,1,1,15,9,0,'
/*1000000001*/

/*BACKPORT MOVE TOOLS BEGIN*/

#ifndef BACKPORT_MOVE_TOOLS_DEFINED

#define BACKPORT_MOVE_TOOLS_DEFINED
namespace backport {

template<class T> class rv {

private:

T _placeholder;

rv();

~rv();

rv(rv const&);

void operator=(rv const&);

};

template<class T>

rv<T>& move(T const &x)

{ return *reinterpret_cast<rv<T> *>(reinterpret_cast<T*>(&const_cast<char &>(reinterpret_cast<const volatile char &>(static_cast<T const &>(x))))); }

template<class T>

rv<T>& move(rv<T> &x)

{ return x; }

}

#endif // not defined BACKPORT_MOVE_TOOLS_DEFINED



/*BACKPORT MOVE TOOLS END*/
');
INSERT INTO "REPLACEMENTS" VALUES(185,3,16,0,0,16,16,3,1,0,'int ');
INSERT INTO "REPLACEMENTS" VALUES(186,3,19,0,0,19,19,3,1,0,'int ');
INSERT INTO "REPLACEMENTS" VALUES(187,3,20,0,0,20,20,3,1,0,'char ');
INSERT INTO "REPLACEMENTS" VALUES(188,3,21,0,0,21,21,3,1,0,'unsigned int ');
INSERT INTO "REPLACEMENTS" VALUES(189,1,23,0,5,23,23,1,1,0,'{
std::_Vector_iterator<std::basic_string<char, std::char_traits<char>, std::allocator<char> >, std::allocator<std::basic_string<char, std::char_traits<char>, std::allocator<char> > > > __begin = (myVec).begin();
std::_Vector_iterator<std::basic_string<char, std::char_traits<char>, std::allocator<char> >, std::allocator<std::basic_string<char, std::char_traits<char>, std::allocator<char> > > > __end = (myVec).end();
for(;__begin != __end; ++ __begin) {
std::basic_string<char, std::char_traits<char>, std::allocator<char> > s = *__begin;
');
INSERT INTO "REPLACEMENTS" VALUES(190,1,26,0,3,26,26,1,1,0,'
}
}
');
INSERT INTO "REPLACEMENTS" VALUES(191,1,27,0,0,27,27,1,1,0,'int ');
INSERT INTO "REPLACEMENTS" VALUES(192,1,28,0,0,28,28,1,1,0,'int ');
INSERT INTO "REPLACEMENTS" VALUES(193,3,16,0,0,16,16,3,1,0,'int ');
INSERT INTO "REPLACEMENTS" VALUES(194,3,19,0,0,19,19,3,1,0,'int ');
INSERT INTO "REPLACEMENTS" VALUES(195,3,20,0,0,20,20,3,1,0,'char ');
INSERT INTO "REPLACEMENTS" VALUES(196,3,21,0,0,21,21,3,1,0,'unsigned int ');
INSERT INTO "REPLACEMENTS" VALUES(197,3,1,0,45,1,1,3,9,0,'
/*1000000001*/

/*BACKPORT MOVE TOOLS BEGIN*/

#ifndef BACKPORT_MOVE_TOOLS_DEFINED

#define BACKPORT_MOVE_TOOLS_DEFINED
namespace backport {

template<class T> class rv {

private:

T _placeholder;

rv();

~rv();

rv(rv const&);

void operator=(rv const&);

};

template<class T>

rv<T>& move(T const &x)

{ return *reinterpret_cast<rv<T> *>(reinterpret_cast<T*>(&const_cast<char &>(reinterpret_cast<const volatile char &>(static_cast<T const &>(x))))); }

template<class T>

rv<T>& move(rv<T> &x)

{ return x; }

}

#endif // not defined BACKPORT_MOVE_TOOLS_DEFINED



/*BACKPORT MOVE TOOLS END*/
');
INSERT INTO "REPLACEMENTS" VALUES(198,2,1,0,45,1,1,2,9,0,'
/*1000000001*/

/*BACKPORT MOVE TOOLS BEGIN*/

#ifndef BACKPORT_MOVE_TOOLS_DEFINED

#define BACKPORT_MOVE_TOOLS_DEFINED
namespace backport {

template<class T> class rv {

private:

T _placeholder;

rv();

~rv();

rv(rv const&);

void operator=(rv const&);

};

template<class T>

rv<T>& move(T const &x)

{ return *reinterpret_cast<rv<T> *>(reinterpret_cast<T*>(&const_cast<char &>(reinterpret_cast<const volatile char &>(static_cast<T const &>(x))))); }

template<class T>

rv<T>& move(rv<T> &x)

{ return x; }

}

#endif // not defined BACKPORT_MOVE_TOOLS_DEFINED



/*BACKPORT MOVE TOOLS END*/
');
INSERT INTO "REPLACEMENTS" VALUES(199,1,1,0,45,1,1,1,9,0,'
/*1000000001*/

/*BACKPORT MOVE TOOLS BEGIN*/

#ifndef BACKPORT_MOVE_TOOLS_DEFINED

#define BACKPORT_MOVE_TOOLS_DEFINED
namespace backport {

template<class T> class rv {

private:

T _placeholder;

rv();

~rv();

rv(rv const&);

void operator=(rv const&);

};

template<class T>

rv<T>& move(T const &x)

{ return *reinterpret_cast<rv<T> *>(reinterpret_cast<T*>(&const_cast<char &>(reinterpret_cast<const volatile char &>(static_cast<T const &>(x))))); }

template<class T>

rv<T>& move(rv<T> &x)

{ return x; }

}

#endif // not defined BACKPORT_MOVE_TOOLS_DEFINED



/*BACKPORT MOVE TOOLS END*/
');
INSERT INTO "REPLACEMENTS" VALUES(200,3,16,0,0,16,16,3,1,0,'int ');
INSERT INTO "REPLACEMENTS" VALUES(201,3,19,0,0,19,19,3,1,0,'int ');
INSERT INTO "REPLACEMENTS" VALUES(202,3,20,0,0,20,20,3,1,0,'char ');
INSERT INTO "REPLACEMENTS" VALUES(203,3,21,0,0,21,21,3,1,0,'unsigned int ');
INSERT INTO "REPLACEMENTS" VALUES(204,15,24,0,0,24,24,15,1,0,'int ');
INSERT INTO "REPLACEMENTS" VALUES(205,15,28,0,5,28,28,15,1,0,'{
std::_Vector_iterator<std::basic_string<char, std::char_traits<char>, std::allocator<char> >, std::allocator<std::basic_string<char, std::char_traits<char>, std::allocator<char> > > > __begin = (myVec).begin();
std::_Vector_iterator<std::basic_string<char, std::char_traits<char>, std::allocator<char> >, std::allocator<std::basic_string<char, std::char_traits<char>, std::allocator<char> > > > __end = (myVec).end();
for(;__begin != __end; ++ __begin) {
std::basic_string<char, std::char_traits<char>, std::allocator<char> > s = *__begin;
');
INSERT INTO "REPLACEMENTS" VALUES(206,15,31,0,3,31,31,15,1,0,'
}
}
');
INSERT INTO "REPLACEMENTS" VALUES(207,3,1,0,45,1,1,3,9,0,'
/*1000000001*/

/*BACKPORT MOVE TOOLS BEGIN*/

#ifndef BACKPORT_MOVE_TOOLS_DEFINED

#define BACKPORT_MOVE_TOOLS_DEFINED
namespace backport {

template<class T> class rv {

private:

T _placeholder;

rv();

~rv();

rv(rv const&);

void operator=(rv const&);

};

template<class T>

rv<T>& move(T const &x)

{ return *reinterpret_cast<rv<T> *>(reinterpret_cast<T*>(&const_cast<char &>(reinterpret_cast<const volatile char &>(static_cast<T const &>(x))))); }

template<class T>

rv<T>& move(rv<T> &x)

{ return x; }

}

#endif // not defined BACKPORT_MOVE_TOOLS_DEFINED



/*BACKPORT MOVE TOOLS END*/
');
INSERT INTO "REPLACEMENTS" VALUES(208,16,1,0,45,1,1,16,9,0,'
/*1000000001*/

/*BACKPORT MOVE TOOLS BEGIN*/

#ifndef BACKPORT_MOVE_TOOLS_DEFINED

#define BACKPORT_MOVE_TOOLS_DEFINED
namespace backport {

template<class T> class rv {

private:

T _placeholder;

rv();

~rv();

rv(rv const&);

void operator=(rv const&);

};

template<class T>

rv<T>& move(T const &x)

{ return *reinterpret_cast<rv<T> *>(reinterpret_cast<T*>(&const_cast<char &>(reinterpret_cast<const volatile char &>(static_cast<T const &>(x))))); }

template<class T>

rv<T>& move(rv<T> &x)

{ return x; }

}

#endif // not defined BACKPORT_MOVE_TOOLS_DEFINED



/*BACKPORT MOVE TOOLS END*/
');
INSERT INTO "REPLACEMENTS" VALUES(209,15,1,0,45,1,1,15,9,0,'
/*1000000001*/

/*BACKPORT MOVE TOOLS BEGIN*/

#ifndef BACKPORT_MOVE_TOOLS_DEFINED

#define BACKPORT_MOVE_TOOLS_DEFINED
namespace backport {

template<class T> class rv {

private:

T _placeholder;

rv();

~rv();

rv(rv const&);

void operator=(rv const&);

};

template<class T>

rv<T>& move(T const &x)

{ return *reinterpret_cast<rv<T> *>(reinterpret_cast<T*>(&const_cast<char &>(reinterpret_cast<const volatile char &>(static_cast<T const &>(x))))); }

template<class T>

rv<T>& move(rv<T> &x)

{ return x; }

}

#endif // not defined BACKPORT_MOVE_TOOLS_DEFINED



/*BACKPORT MOVE TOOLS END*/
');
INSERT INTO "REPLACEMENTS" VALUES(210,3,17,0,0,17,17,3,1,0,'int ');
INSERT INTO "REPLACEMENTS" VALUES(211,3,20,0,0,20,20,3,1,0,'int ');
INSERT INTO "REPLACEMENTS" VALUES(212,3,21,0,0,21,21,3,1,0,'char ');
INSERT INTO "REPLACEMENTS" VALUES(213,3,22,0,0,22,22,3,1,0,'unsigned int ');
INSERT INTO "REPLACEMENTS" VALUES(214,1,23,0,5,23,23,1,1,0,'{
std::_Vector_iterator<std::basic_string<char, std::char_traits<char>, std::allocator<char> >, std::allocator<std::basic_string<char, std::char_traits<char>, std::allocator<char> > > > __begin = (myVec).begin();
std::_Vector_iterator<std::basic_string<char, std::char_traits<char>, std::allocator<char> >, std::allocator<std::basic_string<char, std::char_traits<char>, std::allocator<char> > > > __end = (myVec).end();
for(;__begin != __end; ++ __begin) {
std::basic_string<char, std::char_traits<char>, std::allocator<char> > s = *__begin;
');
INSERT INTO "REPLACEMENTS" VALUES(215,1,26,0,3,26,26,1,1,0,'
}
}
');
INSERT INTO "REPLACEMENTS" VALUES(216,1,27,0,0,27,27,1,1,0,'int ');
INSERT INTO "REPLACEMENTS" VALUES(217,1,28,0,0,28,28,1,1,0,'int ');
INSERT INTO "REPLACEMENTS" VALUES(218,3,17,0,0,17,17,3,1,0,'int ');
INSERT INTO "REPLACEMENTS" VALUES(219,3,20,0,0,20,20,3,1,0,'int ');
INSERT INTO "REPLACEMENTS" VALUES(220,3,21,0,0,21,21,3,1,0,'char ');
INSERT INTO "REPLACEMENTS" VALUES(221,3,22,0,0,22,22,3,1,0,'unsigned int ');
INSERT INTO "REPLACEMENTS" VALUES(222,20,1,0,45,1,1,20,9,1,'
/*1000000001*/

/*BACKPORT MOVE TOOLS BEGIN*/

#ifndef BACKPORT_MOVE_TOOLS_DEFINED

#define BACKPORT_MOVE_TOOLS_DEFINED
namespace backport {

template<class T> class rv {

private:

T _placeholder;

rv();

~rv();

rv(rv const&);

void operator=(rv const&);

};

template<class T>

rv<T>& move(T const &x)

{ return *reinterpret_cast<rv<T> *>(reinterpret_cast<T*>(&const_cast<char &>(reinterpret_cast<const volatile char &>(static_cast<T const &>(x))))); }

template<class T>

rv<T>& move(rv<T> &x)

{ return x; }

}

#endif // not defined BACKPORT_MOVE_TOOLS_DEFINED



/*BACKPORT MOVE TOOLS END*/
');
INSERT INTO "REPLACEMENTS" VALUES(223,3,1,0,45,1,1,3,9,0,'
/*1000000001*/

/*BACKPORT MOVE TOOLS BEGIN*/

#ifndef BACKPORT_MOVE_TOOLS_DEFINED

#define BACKPORT_MOVE_TOOLS_DEFINED
namespace backport {

template<class T> class rv {

private:

T _placeholder;

rv();

~rv();

rv(rv const&);

void operator=(rv const&);

};

template<class T>

rv<T>& move(T const &x)

{ return *reinterpret_cast<rv<T> *>(reinterpret_cast<T*>(&const_cast<char &>(reinterpret_cast<const volatile char &>(static_cast<T const &>(x))))); }

template<class T>

rv<T>& move(rv<T> &x)

{ return x; }

}

#endif // not defined BACKPORT_MOVE_TOOLS_DEFINED



/*BACKPORT MOVE TOOLS END*/
');
INSERT INTO "REPLACEMENTS" VALUES(224,2,1,0,45,1,1,2,9,0,'
/*1000000001*/

/*BACKPORT MOVE TOOLS BEGIN*/

#ifndef BACKPORT_MOVE_TOOLS_DEFINED

#define BACKPORT_MOVE_TOOLS_DEFINED
namespace backport {

template<class T> class rv {

private:

T _placeholder;

rv();

~rv();

rv(rv const&);

void operator=(rv const&);

};

template<class T>

rv<T>& move(T const &x)

{ return *reinterpret_cast<rv<T> *>(reinterpret_cast<T*>(&const_cast<char &>(reinterpret_cast<const volatile char &>(static_cast<T const &>(x))))); }

template<class T>

rv<T>& move(rv<T> &x)

{ return x; }

}

#endif // not defined BACKPORT_MOVE_TOOLS_DEFINED



/*BACKPORT MOVE TOOLS END*/
');
INSERT INTO "REPLACEMENTS" VALUES(225,1,1,0,45,1,1,1,9,0,'
/*1000000001*/

/*BACKPORT MOVE TOOLS BEGIN*/

#ifndef BACKPORT_MOVE_TOOLS_DEFINED

#define BACKPORT_MOVE_TOOLS_DEFINED
namespace backport {

template<class T> class rv {

private:

T _placeholder;

rv();

~rv();

rv(rv const&);

void operator=(rv const&);

};

template<class T>

rv<T>& move(T const &x)

{ return *reinterpret_cast<rv<T> *>(reinterpret_cast<T*>(&const_cast<char &>(reinterpret_cast<const volatile char &>(static_cast<T const &>(x))))); }

template<class T>

rv<T>& move(rv<T> &x)

{ return x; }

}

#endif // not defined BACKPORT_MOVE_TOOLS_DEFINED



/*BACKPORT MOVE TOOLS END*/
');
CREATE TABLE `TRANSFORMATIONS` (`id`  INTEGER NOT NULL PRIMARY KEY AUTOINCREMENT,`name` TEXT NOT NULL);
INSERT INTO "TRANSFORMATIONS" VALUES(1,'MultipleTransforms');
INSERT INTO "TRANSFORMATIONS" VALUES(9,'ReplaceRvalueRef');
DELETE FROM "sqlite_sequence";
INSERT INTO "sqlite_sequence" VALUES('FILES',21);
INSERT INTO "sqlite_sequence" VALUES('LINES',7905);
INSERT INTO "sqlite_sequence" VALUES('TRANSFORMATIONS',225);
INSERT INTO "sqlite_sequence" VALUES('REPLACEMENTS',225);
CREATE UNIQUE INDEX FILES_INDEX ON FILES (path);
CREATE UNIQUE INDEX FILES_INDEX_ID ON FILES (id);
CREATE UNIQUE INDEX COMP_UNIT_INDEX ON COMPILATION_UNIT (id);
CREATE INDEX RELATIONS_INDEX ON RELATIONS (file_id, dep_id);
CREATE UNIQUE INDEX TRANSFORMATIONS_INDEX_NAME ON TRANSFORMATIONS (name);
CREATE UNIQUE INDEX TRANSFORMATIONS_INDEX_ID ON TRANSFORMATIONS (id);
CREATE UNIQUE INDEX REPLACEMENT_INDEX_4 ON REPLACEMENTS (id, file_id, start_line, lines_replaced, replacement_text);
CREATE UNIQUE INDEX REPLACEMENT_INDEX_1 ON REPLACEMENTS (id);
CREATE INDEX REPLACEMENT_INDEX_3 ON REPLACEMENTS (transformation_id);
CREATE INDEX REPLACEMENT_INDEX_2 ON REPLACEMENTS (file_id);
CREATE UNIQUE INDEX LINES_INDEX_FILE_ID_LINE ON LINES (file_id, line);
CREATE UNIQUE INDEX LINES_INDEX_ID ON LINES (id);
CREATE UNIQUE INDEX LINES_REPLACEMENTS_INDEX_LINE_ID_REPLACEMENT_ID ON LINES_REPLACEMENTS (line_id, replacement_id);
CREATE INDEX LINES_REPLACEMENTS_INDEX_REPLACEMENT_ID ON LINES_REPLACEMENTS (replacement_id);
CREATE INDEX LINES_REPLACEMENTS_INDEX_ID ON LINES_REPLACEMENTS (line_id);
COMMIT;