BEGIN TRANSACTION;
CREATE TABLE `COMPILATION_UNIT` ( `id`   INTEGER NOT NULL PRIMARY KEY,`timestamp`    DATETIME NOT NULL, `cmd_args` TEXT NOT NULL, FOREIGN KEY(`id`) REFERENCES FILES(id) );
INSERT INTO "COMPILATION_UNIT" VALUES(7,1427387312,' cl.exe -c work/A.cpp -o2');
INSERT INTO "COMPILATION_UNIT" VALUES(10,1427215320,' cl.exe -c work/B.cpp -o2');
INSERT INTO "COMPILATION_UNIT" VALUES(17,1427461578,' cl.exe -c work/C.cpp -o2');
CREATE TABLE `FILES` ( `id`   INTEGER NOT NULL PRIMARY KEY AUTOINCREMENT,`number_of_lines` INTEGER,`path` TEXT NOT NULL);
INSERT INTO "FILES" VALUES(1,42,'work/temp/A.cpp');
INSERT INTO "FILES" VALUES(2,17,'work/temp/A.h');
INSERT INTO "FILES" VALUES(3,33,'work/temp/All.h');
INSERT INTO "FILES" VALUES(4,NULL,'work/temp/B.cpp');
INSERT INTO "FILES" VALUES(5,NULL,'work/temp/B.h');
INSERT INTO "FILES" VALUES(6,10,'work/temp/IncAll.h');
INSERT INTO "FILES" VALUES(7,NULL,'work/A.cpp');
INSERT INTO "FILES" VALUES(8,NULL,'work/A.h');
INSERT INTO "FILES" VALUES(9,NULL,'work/All.h');
INSERT INTO "FILES" VALUES(10,NULL,'work/B.cpp');
INSERT INTO "FILES" VALUES(11,NULL,'work/B.h');
INSERT INTO "FILES" VALUES(12,NULL,'work/IncAll.h');
INSERT INTO "FILES" VALUES(13,NULL,'work/OnlyA.h');
INSERT INTO "FILES" VALUES(14,NULL,'work/OnlyB.h');
INSERT INTO "FILES" VALUES(15,42,'work/temp/C.cpp');
INSERT INTO "FILES" VALUES(16,21,'work/temp/C.h');
INSERT INTO "FILES" VALUES(17,NULL,'work/C.cpp');
INSERT INTO "FILES" VALUES(18,NULL,'work/C.h');
INSERT INTO "FILES" VALUES(19,NULL,'work/OnlyC.h');
CREATE TABLE `LINES` (`id`   INTEGER NOT NULL PRIMARY KEY AUTOINCREMENT,`file_id`  INTEGER NOT NULL,`line`  INTEGER NOT NULL,`original_line`  INTEGER NOT NULL,FOREIGN KEY(`file_id`) REFERENCES FILES(id) );
INSERT INTO "LINES" VALUES(1669,4,18,17);
INSERT INTO "LINES" VALUES(1670,4,17,16);
INSERT INTO "LINES" VALUES(1671,4,16,15);
INSERT INTO "LINES" VALUES(1672,4,15,14);
INSERT INTO "LINES" VALUES(1673,4,14,13);
INSERT INTO "LINES" VALUES(1674,4,13,12);
INSERT INTO "LINES" VALUES(1675,4,12,11);
INSERT INTO "LINES" VALUES(1676,4,11,10);
INSERT INTO "LINES" VALUES(1677,4,10,9);
INSERT INTO "LINES" VALUES(1678,4,9,8);
INSERT INTO "LINES" VALUES(1679,4,8,7);
INSERT INTO "LINES" VALUES(1680,4,7,6);
INSERT INTO "LINES" VALUES(1681,4,6,5);
INSERT INTO "LINES" VALUES(1682,4,5,4);
INSERT INTO "LINES" VALUES(1683,4,4,3);
INSERT INTO "LINES" VALUES(1684,4,3,2);
INSERT INTO "LINES" VALUES(1685,4,2,1);
INSERT INTO "LINES" VALUES(1686,5,26,25);
INSERT INTO "LINES" VALUES(1687,5,25,24);
INSERT INTO "LINES" VALUES(1688,5,24,23);
INSERT INTO "LINES" VALUES(1689,5,23,22);
INSERT INTO "LINES" VALUES(1690,5,22,21);
INSERT INTO "LINES" VALUES(1691,5,21,20);
INSERT INTO "LINES" VALUES(1692,5,20,19);
INSERT INTO "LINES" VALUES(1693,5,19,18);
INSERT INTO "LINES" VALUES(1694,5,18,17);
INSERT INTO "LINES" VALUES(1695,5,17,16);
INSERT INTO "LINES" VALUES(1696,5,16,15);
INSERT INTO "LINES" VALUES(1697,5,15,14);
INSERT INTO "LINES" VALUES(1698,5,14,13);
INSERT INTO "LINES" VALUES(1699,5,13,12);
INSERT INTO "LINES" VALUES(1700,5,12,11);
INSERT INTO "LINES" VALUES(1701,5,11,10);
INSERT INTO "LINES" VALUES(1702,5,10,9);
INSERT INTO "LINES" VALUES(1703,5,9,8);
INSERT INTO "LINES" VALUES(1704,5,8,7);
INSERT INTO "LINES" VALUES(1705,5,7,6);
INSERT INTO "LINES" VALUES(1706,5,6,5);
INSERT INTO "LINES" VALUES(1707,5,5,4);
INSERT INTO "LINES" VALUES(1812,1,87,33);
INSERT INTO "LINES" VALUES(1813,1,86,32);
INSERT INTO "LINES" VALUES(1814,1,85,31);
INSERT INTO "LINES" VALUES(1815,1,84,30);
INSERT INTO "LINES" VALUES(1816,1,83,29);
INSERT INTO "LINES" VALUES(1817,1,82,28);
INSERT INTO "LINES" VALUES(1818,1,81,27);
INSERT INTO "LINES" VALUES(1819,1,80,26);
INSERT INTO "LINES" VALUES(1820,1,79,25);
INSERT INTO "LINES" VALUES(1821,1,78,26);
INSERT INTO "LINES" VALUES(1822,1,77,26);
INSERT INTO "LINES" VALUES(1823,1,76,26);
INSERT INTO "LINES" VALUES(1824,1,75,24);
INSERT INTO "LINES" VALUES(1825,1,74,23);
INSERT INTO "LINES" VALUES(1826,1,73,22);
INSERT INTO "LINES" VALUES(1827,1,72,23);
INSERT INTO "LINES" VALUES(1828,1,71,23);
INSERT INTO "LINES" VALUES(1829,1,70,23);
INSERT INTO "LINES" VALUES(1830,1,69,23);
INSERT INTO "LINES" VALUES(1831,1,68,23);
INSERT INTO "LINES" VALUES(1832,1,67,21);
INSERT INTO "LINES" VALUES(1833,1,66,20);
INSERT INTO "LINES" VALUES(1834,1,65,19);
INSERT INTO "LINES" VALUES(1835,1,64,18);
INSERT INTO "LINES" VALUES(1836,1,63,17);
INSERT INTO "LINES" VALUES(1837,1,62,16);
INSERT INTO "LINES" VALUES(1838,1,61,15);
INSERT INTO "LINES" VALUES(1839,1,60,14);
INSERT INTO "LINES" VALUES(1840,1,59,13);
INSERT INTO "LINES" VALUES(1841,1,58,12);
INSERT INTO "LINES" VALUES(1842,1,57,11);
INSERT INTO "LINES" VALUES(1843,1,56,10);
INSERT INTO "LINES" VALUES(1844,1,55,9);
INSERT INTO "LINES" VALUES(1845,1,54,8);
INSERT INTO "LINES" VALUES(1846,1,53,7);
INSERT INTO "LINES" VALUES(1847,1,52,6);
INSERT INTO "LINES" VALUES(1848,1,51,5);
INSERT INTO "LINES" VALUES(1849,1,50,4);
INSERT INTO "LINES" VALUES(1850,1,49,3);
INSERT INTO "LINES" VALUES(1851,1,48,2);
INSERT INTO "LINES" VALUES(1852,1,47,1);
INSERT INTO "LINES" VALUES(1853,1,46,1);
INSERT INTO "LINES" VALUES(1854,1,1,1);
INSERT INTO "LINES" VALUES(1855,1,2,1);
INSERT INTO "LINES" VALUES(1856,1,3,1);
INSERT INTO "LINES" VALUES(1857,1,4,1);
INSERT INTO "LINES" VALUES(1858,1,5,1);
INSERT INTO "LINES" VALUES(1859,1,6,1);
INSERT INTO "LINES" VALUES(1860,1,7,1);
INSERT INTO "LINES" VALUES(1861,1,8,1);
INSERT INTO "LINES" VALUES(1862,1,9,1);
INSERT INTO "LINES" VALUES(1863,1,10,1);
INSERT INTO "LINES" VALUES(1864,1,11,1);
INSERT INTO "LINES" VALUES(1865,1,12,1);
INSERT INTO "LINES" VALUES(1866,1,13,1);
INSERT INTO "LINES" VALUES(1867,1,14,1);
INSERT INTO "LINES" VALUES(1868,1,15,1);
INSERT INTO "LINES" VALUES(1869,1,16,1);
INSERT INTO "LINES" VALUES(1870,1,17,1);
INSERT INTO "LINES" VALUES(1871,1,18,1);
INSERT INTO "LINES" VALUES(1872,1,19,1);
INSERT INTO "LINES" VALUES(1873,1,20,1);
INSERT INTO "LINES" VALUES(1874,1,21,1);
INSERT INTO "LINES" VALUES(1875,1,22,1);
INSERT INTO "LINES" VALUES(1876,1,23,1);
INSERT INTO "LINES" VALUES(1877,1,24,1);
INSERT INTO "LINES" VALUES(1878,1,25,1);
INSERT INTO "LINES" VALUES(1879,1,26,1);
INSERT INTO "LINES" VALUES(1880,1,27,1);
INSERT INTO "LINES" VALUES(1881,1,28,1);
INSERT INTO "LINES" VALUES(1882,1,29,1);
INSERT INTO "LINES" VALUES(1883,1,30,1);
INSERT INTO "LINES" VALUES(1884,1,31,1);
INSERT INTO "LINES" VALUES(1885,1,32,1);
INSERT INTO "LINES" VALUES(1886,1,33,1);
INSERT INTO "LINES" VALUES(1887,1,34,1);
INSERT INTO "LINES" VALUES(1888,1,35,1);
INSERT INTO "LINES" VALUES(1889,1,36,1);
INSERT INTO "LINES" VALUES(1890,1,37,1);
INSERT INTO "LINES" VALUES(1891,1,38,1);
INSERT INTO "LINES" VALUES(1892,1,39,1);
INSERT INTO "LINES" VALUES(1893,1,40,1);
INSERT INTO "LINES" VALUES(1894,1,41,1);
INSERT INTO "LINES" VALUES(1895,1,42,1);
INSERT INTO "LINES" VALUES(1896,1,43,1);
INSERT INTO "LINES" VALUES(1897,1,44,1);
INSERT INTO "LINES" VALUES(1898,1,45,1);
INSERT INTO "LINES" VALUES(1996,2,62,16);
INSERT INTO "LINES" VALUES(1997,2,61,15);
INSERT INTO "LINES" VALUES(1998,2,60,14);
INSERT INTO "LINES" VALUES(1999,2,59,13);
INSERT INTO "LINES" VALUES(2000,2,58,12);
INSERT INTO "LINES" VALUES(2001,2,57,11);
INSERT INTO "LINES" VALUES(2002,2,56,10);
INSERT INTO "LINES" VALUES(2003,2,55,9);
INSERT INTO "LINES" VALUES(2004,2,54,8);
INSERT INTO "LINES" VALUES(2005,2,53,7);
INSERT INTO "LINES" VALUES(2006,2,52,6);
INSERT INTO "LINES" VALUES(2007,2,51,6);
INSERT INTO "LINES" VALUES(2008,2,50,5);
INSERT INTO "LINES" VALUES(2009,2,49,4);
INSERT INTO "LINES" VALUES(2010,2,48,3);
INSERT INTO "LINES" VALUES(2011,2,47,2);
INSERT INTO "LINES" VALUES(2012,2,46,1);
INSERT INTO "LINES" VALUES(2013,2,1,1);
INSERT INTO "LINES" VALUES(2014,2,2,1);
INSERT INTO "LINES" VALUES(2015,2,3,1);
INSERT INTO "LINES" VALUES(2016,2,4,1);
INSERT INTO "LINES" VALUES(2017,2,5,1);
INSERT INTO "LINES" VALUES(2018,2,6,1);
INSERT INTO "LINES" VALUES(2019,2,7,1);
INSERT INTO "LINES" VALUES(2020,2,8,1);
INSERT INTO "LINES" VALUES(2021,2,9,1);
INSERT INTO "LINES" VALUES(2022,2,10,1);
INSERT INTO "LINES" VALUES(2023,2,11,1);
INSERT INTO "LINES" VALUES(2024,2,12,1);
INSERT INTO "LINES" VALUES(2025,2,13,1);
INSERT INTO "LINES" VALUES(2026,2,14,1);
INSERT INTO "LINES" VALUES(2027,2,15,1);
INSERT INTO "LINES" VALUES(2028,2,16,1);
INSERT INTO "LINES" VALUES(2029,2,17,1);
INSERT INTO "LINES" VALUES(2030,2,18,1);
INSERT INTO "LINES" VALUES(2031,2,19,1);
INSERT INTO "LINES" VALUES(2032,2,20,1);
INSERT INTO "LINES" VALUES(2033,2,21,1);
INSERT INTO "LINES" VALUES(2034,2,22,1);
INSERT INTO "LINES" VALUES(2035,2,23,1);
INSERT INTO "LINES" VALUES(2036,2,24,1);
INSERT INTO "LINES" VALUES(2037,2,25,1);
INSERT INTO "LINES" VALUES(2038,2,26,1);
INSERT INTO "LINES" VALUES(2039,2,27,1);
INSERT INTO "LINES" VALUES(2040,2,28,1);
INSERT INTO "LINES" VALUES(2041,2,29,1);
INSERT INTO "LINES" VALUES(2042,2,30,1);
INSERT INTO "LINES" VALUES(2043,2,31,1);
INSERT INTO "LINES" VALUES(2044,2,32,1);
INSERT INTO "LINES" VALUES(2045,2,33,1);
INSERT INTO "LINES" VALUES(2046,2,34,1);
INSERT INTO "LINES" VALUES(2047,2,35,1);
INSERT INTO "LINES" VALUES(2048,2,36,1);
INSERT INTO "LINES" VALUES(2049,2,37,1);
INSERT INTO "LINES" VALUES(2050,2,38,1);
INSERT INTO "LINES" VALUES(2051,2,39,1);
INSERT INTO "LINES" VALUES(2052,2,40,1);
INSERT INTO "LINES" VALUES(2053,2,41,1);
INSERT INTO "LINES" VALUES(2054,2,42,1);
INSERT INTO "LINES" VALUES(2055,2,43,1);
INSERT INTO "LINES" VALUES(2056,2,44,1);
INSERT INTO "LINES" VALUES(2057,2,45,1);
INSERT INTO "LINES" VALUES(2555,16,66,20);
INSERT INTO "LINES" VALUES(2556,16,65,19);
INSERT INTO "LINES" VALUES(2557,16,64,18);
INSERT INTO "LINES" VALUES(2558,16,63,17);
INSERT INTO "LINES" VALUES(2559,16,62,16);
INSERT INTO "LINES" VALUES(2560,16,61,15);
INSERT INTO "LINES" VALUES(2561,16,60,14);
INSERT INTO "LINES" VALUES(2562,16,59,13);
INSERT INTO "LINES" VALUES(2563,16,58,12);
INSERT INTO "LINES" VALUES(2564,16,57,11);
INSERT INTO "LINES" VALUES(2565,16,56,10);
INSERT INTO "LINES" VALUES(2566,16,55,9);
INSERT INTO "LINES" VALUES(2567,16,54,8);
INSERT INTO "LINES" VALUES(2568,16,53,7);
INSERT INTO "LINES" VALUES(2569,16,52,6);
INSERT INTO "LINES" VALUES(2570,16,51,5);
INSERT INTO "LINES" VALUES(2571,16,50,4);
INSERT INTO "LINES" VALUES(2572,16,49,4);
INSERT INTO "LINES" VALUES(2573,16,48,3);
INSERT INTO "LINES" VALUES(2574,16,47,2);
INSERT INTO "LINES" VALUES(2575,16,46,1);
INSERT INTO "LINES" VALUES(2576,16,1,1);
INSERT INTO "LINES" VALUES(2577,16,2,1);
INSERT INTO "LINES" VALUES(2578,16,3,1);
INSERT INTO "LINES" VALUES(2579,16,4,1);
INSERT INTO "LINES" VALUES(2580,16,5,1);
INSERT INTO "LINES" VALUES(2581,16,6,1);
INSERT INTO "LINES" VALUES(2582,16,7,1);
INSERT INTO "LINES" VALUES(2583,16,8,1);
INSERT INTO "LINES" VALUES(2584,16,9,1);
INSERT INTO "LINES" VALUES(2585,16,10,1);
INSERT INTO "LINES" VALUES(2586,16,11,1);
INSERT INTO "LINES" VALUES(2587,16,12,1);
INSERT INTO "LINES" VALUES(2588,16,13,1);
INSERT INTO "LINES" VALUES(2589,16,14,1);
INSERT INTO "LINES" VALUES(2590,16,15,1);
INSERT INTO "LINES" VALUES(2591,16,16,1);
INSERT INTO "LINES" VALUES(2592,16,17,1);
INSERT INTO "LINES" VALUES(2593,16,18,1);
INSERT INTO "LINES" VALUES(2594,16,19,1);
INSERT INTO "LINES" VALUES(2595,16,20,1);
INSERT INTO "LINES" VALUES(2596,16,21,1);
INSERT INTO "LINES" VALUES(2597,16,22,1);
INSERT INTO "LINES" VALUES(2598,16,23,1);
INSERT INTO "LINES" VALUES(2599,16,24,1);
INSERT INTO "LINES" VALUES(2600,16,25,1);
INSERT INTO "LINES" VALUES(2601,16,26,1);
INSERT INTO "LINES" VALUES(2602,16,27,1);
INSERT INTO "LINES" VALUES(2603,16,28,1);
INSERT INTO "LINES" VALUES(2604,16,29,1);
INSERT INTO "LINES" VALUES(2605,16,30,1);
INSERT INTO "LINES" VALUES(2606,16,31,1);
INSERT INTO "LINES" VALUES(2607,16,32,1);
INSERT INTO "LINES" VALUES(2608,16,33,1);
INSERT INTO "LINES" VALUES(2609,16,34,1);
INSERT INTO "LINES" VALUES(2610,16,35,1);
INSERT INTO "LINES" VALUES(2611,16,36,1);
INSERT INTO "LINES" VALUES(2612,16,37,1);
INSERT INTO "LINES" VALUES(2613,16,38,1);
INSERT INTO "LINES" VALUES(2614,16,39,1);
INSERT INTO "LINES" VALUES(2615,16,40,1);
INSERT INTO "LINES" VALUES(2616,16,41,1);
INSERT INTO "LINES" VALUES(2617,16,42,1);
INSERT INTO "LINES" VALUES(2618,16,43,1);
INSERT INTO "LINES" VALUES(2619,16,44,1);
INSERT INTO "LINES" VALUES(2620,16,45,1);
INSERT INTO "LINES" VALUES(2645,3,78,32);
INSERT INTO "LINES" VALUES(2646,3,77,31);
INSERT INTO "LINES" VALUES(2647,3,76,30);
INSERT INTO "LINES" VALUES(2648,3,75,29);
INSERT INTO "LINES" VALUES(2649,3,74,28);
INSERT INTO "LINES" VALUES(2650,3,73,27);
INSERT INTO "LINES" VALUES(2651,3,72,26);
INSERT INTO "LINES" VALUES(2652,3,71,25);
INSERT INTO "LINES" VALUES(2653,3,70,24);
INSERT INTO "LINES" VALUES(2654,3,69,23);
INSERT INTO "LINES" VALUES(2655,3,68,22);
INSERT INTO "LINES" VALUES(2656,3,67,21);
INSERT INTO "LINES" VALUES(2657,3,66,20);
INSERT INTO "LINES" VALUES(2658,3,65,19);
INSERT INTO "LINES" VALUES(2659,3,64,18);
INSERT INTO "LINES" VALUES(2660,3,63,17);
INSERT INTO "LINES" VALUES(2661,3,62,16);
INSERT INTO "LINES" VALUES(2662,3,61,15);
INSERT INTO "LINES" VALUES(2663,3,60,14);
INSERT INTO "LINES" VALUES(2664,3,59,13);
INSERT INTO "LINES" VALUES(2665,3,58,12);
INSERT INTO "LINES" VALUES(2666,3,57,11);
INSERT INTO "LINES" VALUES(2667,3,56,10);
INSERT INTO "LINES" VALUES(2668,3,55,9);
INSERT INTO "LINES" VALUES(2669,3,54,8);
INSERT INTO "LINES" VALUES(2670,3,53,7);
INSERT INTO "LINES" VALUES(2671,3,52,6);
INSERT INTO "LINES" VALUES(2672,3,51,5);
INSERT INTO "LINES" VALUES(2673,3,50,4);
INSERT INTO "LINES" VALUES(2674,3,49,4);
INSERT INTO "LINES" VALUES(2675,3,48,3);
INSERT INTO "LINES" VALUES(2676,3,47,2);
INSERT INTO "LINES" VALUES(2677,3,46,1);
INSERT INTO "LINES" VALUES(2678,3,1,1);
INSERT INTO "LINES" VALUES(2679,3,2,1);
INSERT INTO "LINES" VALUES(2680,3,3,1);
INSERT INTO "LINES" VALUES(2681,3,4,1);
INSERT INTO "LINES" VALUES(2682,3,5,1);
INSERT INTO "LINES" VALUES(2683,3,6,1);
INSERT INTO "LINES" VALUES(2684,3,7,1);
INSERT INTO "LINES" VALUES(2685,3,8,1);
INSERT INTO "LINES" VALUES(2686,3,9,1);
INSERT INTO "LINES" VALUES(2687,3,10,1);
INSERT INTO "LINES" VALUES(2688,3,11,1);
INSERT INTO "LINES" VALUES(2689,3,12,1);
INSERT INTO "LINES" VALUES(2690,3,13,1);
INSERT INTO "LINES" VALUES(2691,3,14,1);
INSERT INTO "LINES" VALUES(2692,3,15,1);
INSERT INTO "LINES" VALUES(2693,3,16,1);
INSERT INTO "LINES" VALUES(2694,3,17,1);
INSERT INTO "LINES" VALUES(2695,3,18,1);
INSERT INTO "LINES" VALUES(2696,3,19,1);
INSERT INTO "LINES" VALUES(2697,3,20,1);
INSERT INTO "LINES" VALUES(2698,3,21,1);
INSERT INTO "LINES" VALUES(2699,3,22,1);
INSERT INTO "LINES" VALUES(2700,3,23,1);
INSERT INTO "LINES" VALUES(2701,3,24,1);
INSERT INTO "LINES" VALUES(2702,3,25,1);
INSERT INTO "LINES" VALUES(2703,3,26,1);
INSERT INTO "LINES" VALUES(2704,3,27,1);
INSERT INTO "LINES" VALUES(2705,3,28,1);
INSERT INTO "LINES" VALUES(2706,3,29,1);
INSERT INTO "LINES" VALUES(2707,3,30,1);
INSERT INTO "LINES" VALUES(2708,3,31,1);
INSERT INTO "LINES" VALUES(2709,3,32,1);
INSERT INTO "LINES" VALUES(2710,3,33,1);
INSERT INTO "LINES" VALUES(2711,3,34,1);
INSERT INTO "LINES" VALUES(2712,3,35,1);
INSERT INTO "LINES" VALUES(2713,3,36,1);
INSERT INTO "LINES" VALUES(2714,3,37,1);
INSERT INTO "LINES" VALUES(2715,3,38,1);
INSERT INTO "LINES" VALUES(2716,3,39,1);
INSERT INTO "LINES" VALUES(2717,3,40,1);
INSERT INTO "LINES" VALUES(2718,3,41,1);
INSERT INTO "LINES" VALUES(2719,3,42,1);
INSERT INTO "LINES" VALUES(2720,3,43,1);
INSERT INTO "LINES" VALUES(2721,3,44,1);
INSERT INTO "LINES" VALUES(2722,3,45,1);
INSERT INTO "LINES" VALUES(2723,15,87,33);
INSERT INTO "LINES" VALUES(2724,15,86,32);
INSERT INTO "LINES" VALUES(2725,15,85,31);
INSERT INTO "LINES" VALUES(2726,15,84,30);
INSERT INTO "LINES" VALUES(2727,15,83,31);
INSERT INTO "LINES" VALUES(2728,15,82,31);
INSERT INTO "LINES" VALUES(2729,15,81,31);
INSERT INTO "LINES" VALUES(2730,15,80,29);
INSERT INTO "LINES" VALUES(2731,15,79,28);
INSERT INTO "LINES" VALUES(2732,15,78,27);
INSERT INTO "LINES" VALUES(2733,15,77,28);
INSERT INTO "LINES" VALUES(2734,15,76,28);
INSERT INTO "LINES" VALUES(2735,15,75,28);
INSERT INTO "LINES" VALUES(2736,15,74,28);
INSERT INTO "LINES" VALUES(2737,15,73,28);
INSERT INTO "LINES" VALUES(2738,15,72,26);
INSERT INTO "LINES" VALUES(2739,15,71,25);
INSERT INTO "LINES" VALUES(2740,15,70,24);
INSERT INTO "LINES" VALUES(2741,15,69,23);
INSERT INTO "LINES" VALUES(2742,15,68,22);
INSERT INTO "LINES" VALUES(2743,15,67,21);
INSERT INTO "LINES" VALUES(2744,15,66,20);
INSERT INTO "LINES" VALUES(2745,15,65,19);
INSERT INTO "LINES" VALUES(2746,15,64,18);
INSERT INTO "LINES" VALUES(2747,15,63,17);
INSERT INTO "LINES" VALUES(2748,15,62,16);
INSERT INTO "LINES" VALUES(2749,15,61,15);
INSERT INTO "LINES" VALUES(2750,15,60,14);
INSERT INTO "LINES" VALUES(2751,15,59,13);
INSERT INTO "LINES" VALUES(2752,15,58,12);
INSERT INTO "LINES" VALUES(2753,15,57,11);
INSERT INTO "LINES" VALUES(2754,15,56,10);
INSERT INTO "LINES" VALUES(2755,15,55,9);
INSERT INTO "LINES" VALUES(2756,15,54,8);
INSERT INTO "LINES" VALUES(2757,15,53,7);
INSERT INTO "LINES" VALUES(2758,15,52,6);
INSERT INTO "LINES" VALUES(2759,15,51,5);
INSERT INTO "LINES" VALUES(2760,15,50,4);
INSERT INTO "LINES" VALUES(2761,15,49,3);
INSERT INTO "LINES" VALUES(2762,15,48,2);
INSERT INTO "LINES" VALUES(2763,15,47,1);
INSERT INTO "LINES" VALUES(2764,15,46,1);
INSERT INTO "LINES" VALUES(2765,15,1,1);
INSERT INTO "LINES" VALUES(2766,15,2,1);
INSERT INTO "LINES" VALUES(2767,15,3,1);
INSERT INTO "LINES" VALUES(2768,15,4,1);
INSERT INTO "LINES" VALUES(2769,15,5,1);
INSERT INTO "LINES" VALUES(2770,15,6,1);
INSERT INTO "LINES" VALUES(2771,15,7,1);
INSERT INTO "LINES" VALUES(2772,15,8,1);
INSERT INTO "LINES" VALUES(2773,15,9,1);
INSERT INTO "LINES" VALUES(2774,15,10,1);
INSERT INTO "LINES" VALUES(2775,15,11,1);
INSERT INTO "LINES" VALUES(2776,15,12,1);
INSERT INTO "LINES" VALUES(2777,15,13,1);
INSERT INTO "LINES" VALUES(2778,15,14,1);
INSERT INTO "LINES" VALUES(2779,15,15,1);
INSERT INTO "LINES" VALUES(2780,15,16,1);
INSERT INTO "LINES" VALUES(2781,15,17,1);
INSERT INTO "LINES" VALUES(2782,15,18,1);
INSERT INTO "LINES" VALUES(2783,15,19,1);
INSERT INTO "LINES" VALUES(2784,15,20,1);
INSERT INTO "LINES" VALUES(2785,15,21,1);
INSERT INTO "LINES" VALUES(2786,15,22,1);
INSERT INTO "LINES" VALUES(2787,15,23,1);
INSERT INTO "LINES" VALUES(2788,15,24,1);
INSERT INTO "LINES" VALUES(2789,15,25,1);
INSERT INTO "LINES" VALUES(2790,15,26,1);
INSERT INTO "LINES" VALUES(2791,15,27,1);
INSERT INTO "LINES" VALUES(2792,15,28,1);
INSERT INTO "LINES" VALUES(2793,15,29,1);
INSERT INTO "LINES" VALUES(2794,15,30,1);
INSERT INTO "LINES" VALUES(2795,15,31,1);
INSERT INTO "LINES" VALUES(2796,15,32,1);
INSERT INTO "LINES" VALUES(2797,15,33,1);
INSERT INTO "LINES" VALUES(2798,15,34,1);
INSERT INTO "LINES" VALUES(2799,15,35,1);
INSERT INTO "LINES" VALUES(2800,15,36,1);
INSERT INTO "LINES" VALUES(2801,15,37,1);
INSERT INTO "LINES" VALUES(2802,15,38,1);
INSERT INTO "LINES" VALUES(2803,15,39,1);
INSERT INTO "LINES" VALUES(2804,15,40,1);
INSERT INTO "LINES" VALUES(2805,15,41,1);
INSERT INTO "LINES" VALUES(2806,15,42,1);
INSERT INTO "LINES" VALUES(2807,15,43,1);
INSERT INTO "LINES" VALUES(2808,15,44,1);
INSERT INTO "LINES" VALUES(2809,15,45,1);
INSERT INTO "LINES" VALUES(2820,6,55,10);
INSERT INTO "LINES" VALUES(2821,6,54,9);
INSERT INTO "LINES" VALUES(2822,6,53,8);
INSERT INTO "LINES" VALUES(2823,6,52,7);
INSERT INTO "LINES" VALUES(2824,6,51,6);
INSERT INTO "LINES" VALUES(2825,6,50,5);
INSERT INTO "LINES" VALUES(2826,6,49,4);
INSERT INTO "LINES" VALUES(2827,6,48,3);
INSERT INTO "LINES" VALUES(2828,6,47,2);
INSERT INTO "LINES" VALUES(2829,6,46,1);
INSERT INTO "LINES" VALUES(2830,6,1,1);
INSERT INTO "LINES" VALUES(2831,6,2,1);
INSERT INTO "LINES" VALUES(2832,6,3,1);
INSERT INTO "LINES" VALUES(2833,6,4,1);
INSERT INTO "LINES" VALUES(2834,6,5,1);
INSERT INTO "LINES" VALUES(2835,6,6,1);
INSERT INTO "LINES" VALUES(2836,6,7,1);
INSERT INTO "LINES" VALUES(2837,6,8,1);
INSERT INTO "LINES" VALUES(2838,6,9,1);
INSERT INTO "LINES" VALUES(2839,6,10,1);
INSERT INTO "LINES" VALUES(2840,6,11,1);
INSERT INTO "LINES" VALUES(2841,6,12,1);
INSERT INTO "LINES" VALUES(2842,6,13,1);
INSERT INTO "LINES" VALUES(2843,6,14,1);
INSERT INTO "LINES" VALUES(2844,6,15,1);
INSERT INTO "LINES" VALUES(2845,6,16,1);
INSERT INTO "LINES" VALUES(2846,6,17,1);
INSERT INTO "LINES" VALUES(2847,6,18,1);
INSERT INTO "LINES" VALUES(2848,6,19,1);
INSERT INTO "LINES" VALUES(2849,6,20,1);
INSERT INTO "LINES" VALUES(2850,6,21,1);
INSERT INTO "LINES" VALUES(2851,6,22,1);
INSERT INTO "LINES" VALUES(2852,6,23,1);
INSERT INTO "LINES" VALUES(2853,6,24,1);
INSERT INTO "LINES" VALUES(2854,6,25,1);
INSERT INTO "LINES" VALUES(2855,6,26,1);
INSERT INTO "LINES" VALUES(2856,6,27,1);
INSERT INTO "LINES" VALUES(2857,6,28,1);
INSERT INTO "LINES" VALUES(2858,6,29,1);
INSERT INTO "LINES" VALUES(2859,6,30,1);
INSERT INTO "LINES" VALUES(2860,6,31,1);
INSERT INTO "LINES" VALUES(2861,6,32,1);
INSERT INTO "LINES" VALUES(2862,6,33,1);
INSERT INTO "LINES" VALUES(2863,6,34,1);
INSERT INTO "LINES" VALUES(2864,6,35,1);
INSERT INTO "LINES" VALUES(2865,6,36,1);
INSERT INTO "LINES" VALUES(2866,6,37,1);
INSERT INTO "LINES" VALUES(2867,6,38,1);
INSERT INTO "LINES" VALUES(2868,6,39,1);
INSERT INTO "LINES" VALUES(2869,6,40,1);
INSERT INTO "LINES" VALUES(2870,6,41,1);
INSERT INTO "LINES" VALUES(2871,6,42,1);
INSERT INTO "LINES" VALUES(2872,6,43,1);
INSERT INTO "LINES" VALUES(2873,6,44,1);
INSERT INTO "LINES" VALUES(2874,6,45,1);
CREATE TABLE `LINES_REPLACEMENTS` (`line_id`  INTEGER NOT NULL,`replacement_id`  INTEGER NOT NULL,PRIMARY KEY(line_id, replacement_id), FOREIGN KEY(`line_id`) REFERENCES LINES(id), FOREIGN KEY(`replacement_id`) REFERENCES REPLACEMENTS(id) );
CREATE TABLE `RELATIONS` (`file_id`  INTEGER NOT NULL,`dep_id`   INTEGER NOT NULL,`dependency_timestamp` DATETIME NOT NULL,PRIMARY KEY(file_id, dep_id), FOREIGN KEY(`file_id`) REFERENCES FILES(id), FOREIGN KEY(`dep_id`) REFERENCES FILES(id) );
INSERT INTO "RELATIONS" VALUES(7,8,1427218226);
INSERT INTO "RELATIONS" VALUES(7,9,1427463481);
INSERT INTO "RELATIONS" VALUES(7,12,1427220376);
INSERT INTO "RELATIONS" VALUES(7,13,1427397043);
INSERT INTO "RELATIONS" VALUES(10,9,1427463481);
INSERT INTO "RELATIONS" VALUES(10,11,1427218446);
INSERT INTO "RELATIONS" VALUES(10,12,1427220376);
INSERT INTO "RELATIONS" VALUES(10,14,1427214610);
INSERT INTO "RELATIONS" VALUES(17,9,1427466505);
INSERT INTO "RELATIONS" VALUES(17,18,1427461573);
INSERT INTO "RELATIONS" VALUES(17,12,1427220376);
INSERT INTO "RELATIONS" VALUES(17,19,1427212284);
CREATE TABLE `REPLACEMENTS` (`id`  INTEGER NOT NULL PRIMARY KEY AUTOINCREMENT,`file_id`   INTEGER NOT NULL,`start_line` INTEGER NOT NULL,`lines_replaced` INTEGER NOT NULL,`lines_in_replacement` INTEGER NOT NULL,`comes_from_start_line` INTEGER NOT NULL,`comes_from_end_line` INTEGER NOT NULL,`comes_from_file_id` INTEGER NOT NULL,`transformation_id` INTEGER NOT NULL,`unhandled` INTEGER DEFAULT(1),`replacement_text` TEXT NOT NULL,FOREIGN KEY(`file_id`) REFERENCES FILES(id), FOREIGN KEY(`comes_from_file_id`) REFERENCES FILES(id), FOREIGN KEY(`transformation_id`) REFERENCES TRANSFORMATIONS(id) );
INSERT INTO "REPLACEMENTS" VALUES(1,3,16,0,0,16,16,3,1,0,'int ');
INSERT INTO "REPLACEMENTS" VALUES(2,3,19,0,0,19,19,3,1,0,'int ');
INSERT INTO "REPLACEMENTS" VALUES(3,3,20,0,0,20,20,3,1,0,'char ');
INSERT INTO "REPLACEMENTS" VALUES(4,3,21,0,0,21,21,3,1,0,'unsigned int ');
INSERT INTO "REPLACEMENTS" VALUES(5,1,23,0,5,23,23,1,1,0,'{
std::_Vector_iterator<std::basic_string<char, std::char_traits<char>, std::allocator<char> >, std::allocator<std::basic_string<char, std::char_traits<char>, std::allocator<char> > > > __begin = (myVec).begin();
std::_Vector_iterator<std::basic_string<char, std::char_traits<char>, std::allocator<char> >, std::allocator<std::basic_string<char, std::char_traits<char>, std::allocator<char> > > > __end = (myVec).end();
for(;__begin != __end; ++ __begin) {
std::basic_string<char, std::char_traits<char>, std::allocator<char> > s = *__begin;
');
INSERT INTO "REPLACEMENTS" VALUES(6,1,26,0,3,26,26,1,1,0,'
}
}
');
INSERT INTO "REPLACEMENTS" VALUES(7,1,27,0,0,27,27,1,1,0,'int ');
INSERT INTO "REPLACEMENTS" VALUES(8,1,28,0,0,28,28,1,1,0,'int ');
INSERT INTO "REPLACEMENTS" VALUES(9,6,1,0,45,1,1,6,9,0,'
/*1000000001*/

/*BACKPORT MOVE TOOLS BEGIN*/

#ifndef BACKPORT_MOVE_TOOLS_DEFINED

#define BACKPORT_MOVE_TOOLS_DEFINED
namespace backport {

template<class T> class rv {

private:

T _placeholder;

rv();

~rv();

rv(rv const&);

void operator=(rv const&);

};

template<class T>

rv<T>& move(T const &x)

{ return *reinterpret_cast<rv<T> *>(reinterpret_cast<T*>(&const_cast<char &>(reinterpret_cast<const volatile char &>(static_cast<T const &>(x))))); }

template<class T>

rv<T>& move(rv<T> &x)

{ return x; }

}

#endif // not defined BACKPORT_MOVE_TOOLS_DEFINED



/*BACKPORT MOVE TOOLS END*/
');
INSERT INTO "REPLACEMENTS" VALUES(10,3,1,0,45,1,1,3,9,0,'
/*1000000001*/

/*BACKPORT MOVE TOOLS BEGIN*/

#ifndef BACKPORT_MOVE_TOOLS_DEFINED

#define BACKPORT_MOVE_TOOLS_DEFINED
namespace backport {

template<class T> class rv {

private:

T _placeholder;

rv();

~rv();

rv(rv const&);

void operator=(rv const&);

};

template<class T>

rv<T>& move(T const &x)

{ return *reinterpret_cast<rv<T> *>(reinterpret_cast<T*>(&const_cast<char &>(reinterpret_cast<const volatile char &>(static_cast<T const &>(x))))); }

template<class T>

rv<T>& move(rv<T> &x)

{ return x; }

}

#endif // not defined BACKPORT_MOVE_TOOLS_DEFINED



/*BACKPORT MOVE TOOLS END*/
');
INSERT INTO "REPLACEMENTS" VALUES(11,2,1,0,45,1,1,2,9,0,'
/*1000000001*/

/*BACKPORT MOVE TOOLS BEGIN*/

#ifndef BACKPORT_MOVE_TOOLS_DEFINED

#define BACKPORT_MOVE_TOOLS_DEFINED
namespace backport {

template<class T> class rv {

private:

T _placeholder;

rv();

~rv();

rv(rv const&);

void operator=(rv const&);

};

template<class T>

rv<T>& move(T const &x)

{ return *reinterpret_cast<rv<T> *>(reinterpret_cast<T*>(&const_cast<char &>(reinterpret_cast<const volatile char &>(static_cast<T const &>(x))))); }

template<class T>

rv<T>& move(rv<T> &x)

{ return x; }

}

#endif // not defined BACKPORT_MOVE_TOOLS_DEFINED



/*BACKPORT MOVE TOOLS END*/
');
INSERT INTO "REPLACEMENTS" VALUES(12,1,1,0,45,1,1,1,9,0,'
/*1000000001*/

/*BACKPORT MOVE TOOLS BEGIN*/

#ifndef BACKPORT_MOVE_TOOLS_DEFINED

#define BACKPORT_MOVE_TOOLS_DEFINED
namespace backport {

template<class T> class rv {

private:

T _placeholder;

rv();

~rv();

rv(rv const&);

void operator=(rv const&);

};

template<class T>

rv<T>& move(T const &x)

{ return *reinterpret_cast<rv<T> *>(reinterpret_cast<T*>(&const_cast<char &>(reinterpret_cast<const volatile char &>(static_cast<T const &>(x))))); }

template<class T>

rv<T>& move(rv<T> &x)

{ return x; }

}

#endif // not defined BACKPORT_MOVE_TOOLS_DEFINED



/*BACKPORT MOVE TOOLS END*/
');
INSERT INTO "REPLACEMENTS" VALUES(13,3,16,0,0,16,16,3,1,0,'int ');
INSERT INTO "REPLACEMENTS" VALUES(14,3,19,0,0,19,19,3,1,0,'int ');
INSERT INTO "REPLACEMENTS" VALUES(15,3,20,0,0,20,20,3,1,0,'char ');
INSERT INTO "REPLACEMENTS" VALUES(16,3,21,0,0,21,21,3,1,0,'unsigned int ');
INSERT INTO "REPLACEMENTS" VALUES(17,15,26,0,5,26,26,15,1,0,'{
std::_Vector_iterator<std::basic_string<char, std::char_traits<char>, std::allocator<char> >, std::allocator<std::basic_string<char, std::char_traits<char>, std::allocator<char> > > > __begin = (myVec).begin();
std::_Vector_iterator<std::basic_string<char, std::char_traits<char>, std::allocator<char> >, std::allocator<std::basic_string<char, std::char_traits<char>, std::allocator<char> > > > __end = (myVec).end();
for(;__begin != __end; ++ __begin) {
std::basic_string<char, std::char_traits<char>, std::allocator<char> > s = *__begin;
');
INSERT INTO "REPLACEMENTS" VALUES(18,15,29,0,3,29,29,15,1,0,'
}
}
');
INSERT INTO "REPLACEMENTS" VALUES(19,15,30,0,0,30,30,15,1,0,'int ');
INSERT INTO "REPLACEMENTS" VALUES(20,6,1,0,45,1,1,6,9,0,'
/*1000000001*/

/*BACKPORT MOVE TOOLS BEGIN*/

#ifndef BACKPORT_MOVE_TOOLS_DEFINED

#define BACKPORT_MOVE_TOOLS_DEFINED
namespace backport {

template<class T> class rv {

private:

T _placeholder;

rv();

~rv();

rv(rv const&);

void operator=(rv const&);

};

template<class T>

rv<T>& move(T const &x)

{ return *reinterpret_cast<rv<T> *>(reinterpret_cast<T*>(&const_cast<char &>(reinterpret_cast<const volatile char &>(static_cast<T const &>(x))))); }

template<class T>

rv<T>& move(rv<T> &x)

{ return x; }

}

#endif // not defined BACKPORT_MOVE_TOOLS_DEFINED



/*BACKPORT MOVE TOOLS END*/
');
INSERT INTO "REPLACEMENTS" VALUES(21,3,1,0,45,1,1,3,9,0,'
/*1000000001*/

/*BACKPORT MOVE TOOLS BEGIN*/

#ifndef BACKPORT_MOVE_TOOLS_DEFINED

#define BACKPORT_MOVE_TOOLS_DEFINED
namespace backport {

template<class T> class rv {

private:

T _placeholder;

rv();

~rv();

rv(rv const&);

void operator=(rv const&);

};

template<class T>

rv<T>& move(T const &x)

{ return *reinterpret_cast<rv<T> *>(reinterpret_cast<T*>(&const_cast<char &>(reinterpret_cast<const volatile char &>(static_cast<T const &>(x))))); }

template<class T>

rv<T>& move(rv<T> &x)

{ return x; }

}

#endif // not defined BACKPORT_MOVE_TOOLS_DEFINED



/*BACKPORT MOVE TOOLS END*/
');
INSERT INTO "REPLACEMENTS" VALUES(22,16,1,0,45,1,1,16,9,0,'
/*1000000001*/

/*BACKPORT MOVE TOOLS BEGIN*/

#ifndef BACKPORT_MOVE_TOOLS_DEFINED

#define BACKPORT_MOVE_TOOLS_DEFINED
namespace backport {

template<class T> class rv {

private:

T _placeholder;

rv();

~rv();

rv(rv const&);

void operator=(rv const&);

};

template<class T>

rv<T>& move(T const &x)

{ return *reinterpret_cast<rv<T> *>(reinterpret_cast<T*>(&const_cast<char &>(reinterpret_cast<const volatile char &>(static_cast<T const &>(x))))); }

template<class T>

rv<T>& move(rv<T> &x)

{ return x; }

}

#endif // not defined BACKPORT_MOVE_TOOLS_DEFINED



/*BACKPORT MOVE TOOLS END*/
');
INSERT INTO "REPLACEMENTS" VALUES(23,15,1,0,45,1,1,15,9,0,'
/*1000000001*/

/*BACKPORT MOVE TOOLS BEGIN*/

#ifndef BACKPORT_MOVE_TOOLS_DEFINED

#define BACKPORT_MOVE_TOOLS_DEFINED
namespace backport {

template<class T> class rv {

private:

T _placeholder;

rv();

~rv();

rv(rv const&);

void operator=(rv const&);

};

template<class T>

rv<T>& move(T const &x)

{ return *reinterpret_cast<rv<T> *>(reinterpret_cast<T*>(&const_cast<char &>(reinterpret_cast<const volatile char &>(static_cast<T const &>(x))))); }

template<class T>

rv<T>& move(rv<T> &x)

{ return x; }

}

#endif // not defined BACKPORT_MOVE_TOOLS_DEFINED



/*BACKPORT MOVE TOOLS END*/
');
INSERT INTO "REPLACEMENTS" VALUES(24,3,16,0,0,16,16,3,1,0,'int ');
INSERT INTO "REPLACEMENTS" VALUES(25,3,19,0,0,19,19,3,1,0,'int ');
INSERT INTO "REPLACEMENTS" VALUES(26,3,20,0,0,20,20,3,1,0,'char ');
INSERT INTO "REPLACEMENTS" VALUES(27,3,21,0,0,21,21,3,1,0,'unsigned int ');
INSERT INTO "REPLACEMENTS" VALUES(28,1,23,0,5,23,23,1,1,0,'{
std::_Vector_iterator<std::basic_string<char, std::char_traits<char>, std::allocator<char> >, std::allocator<std::basic_string<char, std::char_traits<char>, std::allocator<char> > > > __begin = (myVec).begin();
std::_Vector_iterator<std::basic_string<char, std::char_traits<char>, std::allocator<char> >, std::allocator<std::basic_string<char, std::char_traits<char>, std::allocator<char> > > > __end = (myVec).end();
for(;__begin != __end; ++ __begin) {
std::basic_string<char, std::char_traits<char>, std::allocator<char> > s = *__begin;
');
INSERT INTO "REPLACEMENTS" VALUES(29,1,26,0,3,26,26,1,1,0,'
}
}
');
INSERT INTO "REPLACEMENTS" VALUES(30,1,27,0,0,27,27,1,1,0,'int ');
INSERT INTO "REPLACEMENTS" VALUES(31,1,28,0,0,28,28,1,1,0,'int ');
INSERT INTO "REPLACEMENTS" VALUES(32,6,1,0,45,1,1,6,9,0,'
/*1000000001*/

/*BACKPORT MOVE TOOLS BEGIN*/

#ifndef BACKPORT_MOVE_TOOLS_DEFINED

#define BACKPORT_MOVE_TOOLS_DEFINED
namespace backport {

template<class T> class rv {

private:

T _placeholder;

rv();

~rv();

rv(rv const&);

void operator=(rv const&);

};

template<class T>

rv<T>& move(T const &x)

{ return *reinterpret_cast<rv<T> *>(reinterpret_cast<T*>(&const_cast<char &>(reinterpret_cast<const volatile char &>(static_cast<T const &>(x))))); }

template<class T>

rv<T>& move(rv<T> &x)

{ return x; }

}

#endif // not defined BACKPORT_MOVE_TOOLS_DEFINED



/*BACKPORT MOVE TOOLS END*/
');
INSERT INTO "REPLACEMENTS" VALUES(33,3,1,0,45,1,1,3,9,0,'
/*1000000001*/

/*BACKPORT MOVE TOOLS BEGIN*/

#ifndef BACKPORT_MOVE_TOOLS_DEFINED

#define BACKPORT_MOVE_TOOLS_DEFINED
namespace backport {

template<class T> class rv {

private:

T _placeholder;

rv();

~rv();

rv(rv const&);

void operator=(rv const&);

};

template<class T>

rv<T>& move(T const &x)

{ return *reinterpret_cast<rv<T> *>(reinterpret_cast<T*>(&const_cast<char &>(reinterpret_cast<const volatile char &>(static_cast<T const &>(x))))); }

template<class T>

rv<T>& move(rv<T> &x)

{ return x; }

}

#endif // not defined BACKPORT_MOVE_TOOLS_DEFINED



/*BACKPORT MOVE TOOLS END*/
');
INSERT INTO "REPLACEMENTS" VALUES(34,2,1,0,45,1,1,2,9,0,'
/*1000000001*/

/*BACKPORT MOVE TOOLS BEGIN*/

#ifndef BACKPORT_MOVE_TOOLS_DEFINED

#define BACKPORT_MOVE_TOOLS_DEFINED
namespace backport {

template<class T> class rv {

private:

T _placeholder;

rv();

~rv();

rv(rv const&);

void operator=(rv const&);

};

template<class T>

rv<T>& move(T const &x)

{ return *reinterpret_cast<rv<T> *>(reinterpret_cast<T*>(&const_cast<char &>(reinterpret_cast<const volatile char &>(static_cast<T const &>(x))))); }

template<class T>

rv<T>& move(rv<T> &x)

{ return x; }

}

#endif // not defined BACKPORT_MOVE_TOOLS_DEFINED



/*BACKPORT MOVE TOOLS END*/
');
INSERT INTO "REPLACEMENTS" VALUES(35,1,1,0,45,1,1,1,9,0,'
/*1000000001*/

/*BACKPORT MOVE TOOLS BEGIN*/

#ifndef BACKPORT_MOVE_TOOLS_DEFINED

#define BACKPORT_MOVE_TOOLS_DEFINED
namespace backport {

template<class T> class rv {

private:

T _placeholder;

rv();

~rv();

rv(rv const&);

void operator=(rv const&);

};

template<class T>

rv<T>& move(T const &x)

{ return *reinterpret_cast<rv<T> *>(reinterpret_cast<T*>(&const_cast<char &>(reinterpret_cast<const volatile char &>(static_cast<T const &>(x))))); }

template<class T>

rv<T>& move(rv<T> &x)

{ return x; }

}

#endif // not defined BACKPORT_MOVE_TOOLS_DEFINED



/*BACKPORT MOVE TOOLS END*/
');
INSERT INTO "REPLACEMENTS" VALUES(36,3,16,0,0,16,16,3,1,0,'int ');
INSERT INTO "REPLACEMENTS" VALUES(37,3,19,0,0,19,19,3,1,0,'int ');
INSERT INTO "REPLACEMENTS" VALUES(38,3,20,0,0,20,20,3,1,0,'char ');
INSERT INTO "REPLACEMENTS" VALUES(39,3,21,0,0,21,21,3,1,0,'unsigned int ');
INSERT INTO "REPLACEMENTS" VALUES(40,15,24,0,0,24,24,15,1,0,'int ');
INSERT INTO "REPLACEMENTS" VALUES(41,15,28,0,5,28,28,15,1,0,'{
std::_Vector_iterator<std::basic_string<char, std::char_traits<char>, std::allocator<char> >, std::allocator<std::basic_string<char, std::char_traits<char>, std::allocator<char> > > > __begin = (myVec).begin();
std::_Vector_iterator<std::basic_string<char, std::char_traits<char>, std::allocator<char> >, std::allocator<std::basic_string<char, std::char_traits<char>, std::allocator<char> > > > __end = (myVec).end();
for(;__begin != __end; ++ __begin) {
std::basic_string<char, std::char_traits<char>, std::allocator<char> > s = *__begin;
');
INSERT INTO "REPLACEMENTS" VALUES(42,15,31,0,3,31,31,15,1,0,'
}
}
');
INSERT INTO "REPLACEMENTS" VALUES(43,6,1,0,45,1,1,6,9,0,'
/*1000000001*/

/*BACKPORT MOVE TOOLS BEGIN*/

#ifndef BACKPORT_MOVE_TOOLS_DEFINED

#define BACKPORT_MOVE_TOOLS_DEFINED
namespace backport {

template<class T> class rv {

private:

T _placeholder;

rv();

~rv();

rv(rv const&);

void operator=(rv const&);

};

template<class T>

rv<T>& move(T const &x)

{ return *reinterpret_cast<rv<T> *>(reinterpret_cast<T*>(&const_cast<char &>(reinterpret_cast<const volatile char &>(static_cast<T const &>(x))))); }

template<class T>

rv<T>& move(rv<T> &x)

{ return x; }

}

#endif // not defined BACKPORT_MOVE_TOOLS_DEFINED



/*BACKPORT MOVE TOOLS END*/
');
INSERT INTO "REPLACEMENTS" VALUES(44,3,1,0,45,1,1,3,9,0,'
/*1000000001*/

/*BACKPORT MOVE TOOLS BEGIN*/

#ifndef BACKPORT_MOVE_TOOLS_DEFINED

#define BACKPORT_MOVE_TOOLS_DEFINED
namespace backport {

template<class T> class rv {

private:

T _placeholder;

rv();

~rv();

rv(rv const&);

void operator=(rv const&);

};

template<class T>

rv<T>& move(T const &x)

{ return *reinterpret_cast<rv<T> *>(reinterpret_cast<T*>(&const_cast<char &>(reinterpret_cast<const volatile char &>(static_cast<T const &>(x))))); }

template<class T>

rv<T>& move(rv<T> &x)

{ return x; }

}

#endif // not defined BACKPORT_MOVE_TOOLS_DEFINED



/*BACKPORT MOVE TOOLS END*/
');
INSERT INTO "REPLACEMENTS" VALUES(45,16,1,0,45,1,1,16,9,0,'
/*1000000001*/

/*BACKPORT MOVE TOOLS BEGIN*/

#ifndef BACKPORT_MOVE_TOOLS_DEFINED

#define BACKPORT_MOVE_TOOLS_DEFINED
namespace backport {

template<class T> class rv {

private:

T _placeholder;

rv();

~rv();

rv(rv const&);

void operator=(rv const&);

};

template<class T>

rv<T>& move(T const &x)

{ return *reinterpret_cast<rv<T> *>(reinterpret_cast<T*>(&const_cast<char &>(reinterpret_cast<const volatile char &>(static_cast<T const &>(x))))); }

template<class T>

rv<T>& move(rv<T> &x)

{ return x; }

}

#endif // not defined BACKPORT_MOVE_TOOLS_DEFINED



/*BACKPORT MOVE TOOLS END*/
');
INSERT INTO "REPLACEMENTS" VALUES(46,15,1,0,45,1,1,15,9,0,'
/*1000000001*/

/*BACKPORT MOVE TOOLS BEGIN*/

#ifndef BACKPORT_MOVE_TOOLS_DEFINED

#define BACKPORT_MOVE_TOOLS_DEFINED
namespace backport {

template<class T> class rv {

private:

T _placeholder;

rv();

~rv();

rv(rv const&);

void operator=(rv const&);

};

template<class T>

rv<T>& move(T const &x)

{ return *reinterpret_cast<rv<T> *>(reinterpret_cast<T*>(&const_cast<char &>(reinterpret_cast<const volatile char &>(static_cast<T const &>(x))))); }

template<class T>

rv<T>& move(rv<T> &x)

{ return x; }

}

#endif // not defined BACKPORT_MOVE_TOOLS_DEFINED



/*BACKPORT MOVE TOOLS END*/
');
INSERT INTO "REPLACEMENTS" VALUES(47,3,16,0,0,16,16,3,1,0,'int ');
INSERT INTO "REPLACEMENTS" VALUES(48,3,19,0,0,19,19,3,1,0,'int ');
INSERT INTO "REPLACEMENTS" VALUES(49,3,20,0,0,20,20,3,1,0,'char ');
INSERT INTO "REPLACEMENTS" VALUES(50,3,21,0,0,21,21,3,1,0,'unsigned int ');
INSERT INTO "REPLACEMENTS" VALUES(51,1,23,0,5,23,23,1,1,0,'{
std::_Vector_iterator<std::basic_string<char, std::char_traits<char>, std::allocator<char> >, std::allocator<std::basic_string<char, std::char_traits<char>, std::allocator<char> > > > __begin = (myVec).begin();
std::_Vector_iterator<std::basic_string<char, std::char_traits<char>, std::allocator<char> >, std::allocator<std::basic_string<char, std::char_traits<char>, std::allocator<char> > > > __end = (myVec).end();
for(;__begin != __end; ++ __begin) {
std::basic_string<char, std::char_traits<char>, std::allocator<char> > s = *__begin;
');
INSERT INTO "REPLACEMENTS" VALUES(52,1,26,0,3,26,26,1,1,0,'
}
}
');
INSERT INTO "REPLACEMENTS" VALUES(53,1,27,0,0,27,27,1,1,0,'int ');
INSERT INTO "REPLACEMENTS" VALUES(54,1,28,0,0,28,28,1,1,0,'int ');
INSERT INTO "REPLACEMENTS" VALUES(55,6,1,0,45,1,1,6,9,0,'
/*1000000001*/

/*BACKPORT MOVE TOOLS BEGIN*/

#ifndef BACKPORT_MOVE_TOOLS_DEFINED

#define BACKPORT_MOVE_TOOLS_DEFINED
namespace backport {

template<class T> class rv {

private:

T _placeholder;

rv();

~rv();

rv(rv const&);

void operator=(rv const&);

};

template<class T>

rv<T>& move(T const &x)

{ return *reinterpret_cast<rv<T> *>(reinterpret_cast<T*>(&const_cast<char &>(reinterpret_cast<const volatile char &>(static_cast<T const &>(x))))); }

template<class T>

rv<T>& move(rv<T> &x)

{ return x; }

}

#endif // not defined BACKPORT_MOVE_TOOLS_DEFINED



/*BACKPORT MOVE TOOLS END*/
');
INSERT INTO "REPLACEMENTS" VALUES(56,3,1,0,45,1,1,3,9,0,'
/*1000000001*/

/*BACKPORT MOVE TOOLS BEGIN*/

#ifndef BACKPORT_MOVE_TOOLS_DEFINED

#define BACKPORT_MOVE_TOOLS_DEFINED
namespace backport {

template<class T> class rv {

private:

T _placeholder;

rv();

~rv();

rv(rv const&);

void operator=(rv const&);

};

template<class T>

rv<T>& move(T const &x)

{ return *reinterpret_cast<rv<T> *>(reinterpret_cast<T*>(&const_cast<char &>(reinterpret_cast<const volatile char &>(static_cast<T const &>(x))))); }

template<class T>

rv<T>& move(rv<T> &x)

{ return x; }

}

#endif // not defined BACKPORT_MOVE_TOOLS_DEFINED



/*BACKPORT MOVE TOOLS END*/
');
INSERT INTO "REPLACEMENTS" VALUES(57,2,1,0,45,1,1,2,9,0,'
/*1000000001*/

/*BACKPORT MOVE TOOLS BEGIN*/

#ifndef BACKPORT_MOVE_TOOLS_DEFINED

#define BACKPORT_MOVE_TOOLS_DEFINED
namespace backport {

template<class T> class rv {

private:

T _placeholder;

rv();

~rv();

rv(rv const&);

void operator=(rv const&);

};

template<class T>

rv<T>& move(T const &x)

{ return *reinterpret_cast<rv<T> *>(reinterpret_cast<T*>(&const_cast<char &>(reinterpret_cast<const volatile char &>(static_cast<T const &>(x))))); }

template<class T>

rv<T>& move(rv<T> &x)

{ return x; }

}

#endif // not defined BACKPORT_MOVE_TOOLS_DEFINED



/*BACKPORT MOVE TOOLS END*/
');
INSERT INTO "REPLACEMENTS" VALUES(58,1,1,0,45,1,1,1,9,0,'
/*1000000001*/

/*BACKPORT MOVE TOOLS BEGIN*/

#ifndef BACKPORT_MOVE_TOOLS_DEFINED

#define BACKPORT_MOVE_TOOLS_DEFINED
namespace backport {

template<class T> class rv {

private:

T _placeholder;

rv();

~rv();

rv(rv const&);

void operator=(rv const&);

};

template<class T>

rv<T>& move(T const &x)

{ return *reinterpret_cast<rv<T> *>(reinterpret_cast<T*>(&const_cast<char &>(reinterpret_cast<const volatile char &>(static_cast<T const &>(x))))); }

template<class T>

rv<T>& move(rv<T> &x)

{ return x; }

}

#endif // not defined BACKPORT_MOVE_TOOLS_DEFINED



/*BACKPORT MOVE TOOLS END*/
');
INSERT INTO "REPLACEMENTS" VALUES(59,3,16,0,0,16,16,3,1,0,'int ');
INSERT INTO "REPLACEMENTS" VALUES(60,3,19,0,0,19,19,3,1,0,'int ');
INSERT INTO "REPLACEMENTS" VALUES(61,3,20,0,0,20,20,3,1,0,'char ');
INSERT INTO "REPLACEMENTS" VALUES(62,3,21,0,0,21,21,3,1,0,'unsigned int ');
INSERT INTO "REPLACEMENTS" VALUES(63,15,24,0,0,24,24,15,1,0,'int ');
INSERT INTO "REPLACEMENTS" VALUES(64,15,28,0,5,28,28,15,1,0,'{
std::_Vector_iterator<std::basic_string<char, std::char_traits<char>, std::allocator<char> >, std::allocator<std::basic_string<char, std::char_traits<char>, std::allocator<char> > > > __begin = (myVec).begin();
std::_Vector_iterator<std::basic_string<char, std::char_traits<char>, std::allocator<char> >, std::allocator<std::basic_string<char, std::char_traits<char>, std::allocator<char> > > > __end = (myVec).end();
for(;__begin != __end; ++ __begin) {
std::basic_string<char, std::char_traits<char>, std::allocator<char> > s = *__begin;
');
INSERT INTO "REPLACEMENTS" VALUES(65,15,31,0,3,31,31,15,1,0,'
}
}
');
INSERT INTO "REPLACEMENTS" VALUES(66,6,1,0,45,1,1,6,9,0,'
/*1000000001*/

/*BACKPORT MOVE TOOLS BEGIN*/

#ifndef BACKPORT_MOVE_TOOLS_DEFINED

#define BACKPORT_MOVE_TOOLS_DEFINED
namespace backport {

template<class T> class rv {

private:

T _placeholder;

rv();

~rv();

rv(rv const&);

void operator=(rv const&);

};

template<class T>

rv<T>& move(T const &x)

{ return *reinterpret_cast<rv<T> *>(reinterpret_cast<T*>(&const_cast<char &>(reinterpret_cast<const volatile char &>(static_cast<T const &>(x))))); }

template<class T>

rv<T>& move(rv<T> &x)

{ return x; }

}

#endif // not defined BACKPORT_MOVE_TOOLS_DEFINED



/*BACKPORT MOVE TOOLS END*/
');
INSERT INTO "REPLACEMENTS" VALUES(67,3,1,0,45,1,1,3,9,0,'
/*1000000001*/

/*BACKPORT MOVE TOOLS BEGIN*/

#ifndef BACKPORT_MOVE_TOOLS_DEFINED

#define BACKPORT_MOVE_TOOLS_DEFINED
namespace backport {

template<class T> class rv {

private:

T _placeholder;

rv();

~rv();

rv(rv const&);

void operator=(rv const&);

};

template<class T>

rv<T>& move(T const &x)

{ return *reinterpret_cast<rv<T> *>(reinterpret_cast<T*>(&const_cast<char &>(reinterpret_cast<const volatile char &>(static_cast<T const &>(x))))); }

template<class T>

rv<T>& move(rv<T> &x)

{ return x; }

}

#endif // not defined BACKPORT_MOVE_TOOLS_DEFINED



/*BACKPORT MOVE TOOLS END*/
');
INSERT INTO "REPLACEMENTS" VALUES(68,16,1,0,45,1,1,16,9,0,'
/*1000000001*/

/*BACKPORT MOVE TOOLS BEGIN*/

#ifndef BACKPORT_MOVE_TOOLS_DEFINED

#define BACKPORT_MOVE_TOOLS_DEFINED
namespace backport {

template<class T> class rv {

private:

T _placeholder;

rv();

~rv();

rv(rv const&);

void operator=(rv const&);

};

template<class T>

rv<T>& move(T const &x)

{ return *reinterpret_cast<rv<T> *>(reinterpret_cast<T*>(&const_cast<char &>(reinterpret_cast<const volatile char &>(static_cast<T const &>(x))))); }

template<class T>

rv<T>& move(rv<T> &x)

{ return x; }

}

#endif // not defined BACKPORT_MOVE_TOOLS_DEFINED



/*BACKPORT MOVE TOOLS END*/
');
INSERT INTO "REPLACEMENTS" VALUES(69,15,1,0,45,1,1,15,9,0,'
/*1000000001*/

/*BACKPORT MOVE TOOLS BEGIN*/

#ifndef BACKPORT_MOVE_TOOLS_DEFINED

#define BACKPORT_MOVE_TOOLS_DEFINED
namespace backport {

template<class T> class rv {

private:

T _placeholder;

rv();

~rv();

rv(rv const&);

void operator=(rv const&);

};

template<class T>

rv<T>& move(T const &x)

{ return *reinterpret_cast<rv<T> *>(reinterpret_cast<T*>(&const_cast<char &>(reinterpret_cast<const volatile char &>(static_cast<T const &>(x))))); }

template<class T>

rv<T>& move(rv<T> &x)

{ return x; }

}

#endif // not defined BACKPORT_MOVE_TOOLS_DEFINED



/*BACKPORT MOVE TOOLS END*/
');
INSERT INTO "REPLACEMENTS" VALUES(70,3,16,0,0,16,16,3,1,0,'int ');
INSERT INTO "REPLACEMENTS" VALUES(71,3,19,0,0,19,19,3,1,0,'int ');
INSERT INTO "REPLACEMENTS" VALUES(72,3,20,0,0,20,20,3,1,0,'char ');
INSERT INTO "REPLACEMENTS" VALUES(73,3,21,0,0,21,21,3,1,0,'unsigned int ');
INSERT INTO "REPLACEMENTS" VALUES(74,15,24,0,0,24,24,15,1,0,'int ');
INSERT INTO "REPLACEMENTS" VALUES(75,15,28,0,5,28,28,15,1,0,'{
std::_Vector_iterator<std::basic_string<char, std::char_traits<char>, std::allocator<char> >, std::allocator<std::basic_string<char, std::char_traits<char>, std::allocator<char> > > > __begin = (myVec).begin();
std::_Vector_iterator<std::basic_string<char, std::char_traits<char>, std::allocator<char> >, std::allocator<std::basic_string<char, std::char_traits<char>, std::allocator<char> > > > __end = (myVec).end();
for(;__begin != __end; ++ __begin) {
std::basic_string<char, std::char_traits<char>, std::allocator<char> > s = *__begin;
');
INSERT INTO "REPLACEMENTS" VALUES(76,15,31,0,3,31,31,15,1,0,'
}
}
');
INSERT INTO "REPLACEMENTS" VALUES(77,6,1,0,45,1,1,6,9,0,'
/*1000000001*/

/*BACKPORT MOVE TOOLS BEGIN*/

#ifndef BACKPORT_MOVE_TOOLS_DEFINED

#define BACKPORT_MOVE_TOOLS_DEFINED
namespace backport {

template<class T> class rv {

private:

T _placeholder;

rv();

~rv();

rv(rv const&);

void operator=(rv const&);

};

template<class T>

rv<T>& move(T const &x)

{ return *reinterpret_cast<rv<T> *>(reinterpret_cast<T*>(&const_cast<char &>(reinterpret_cast<const volatile char &>(static_cast<T const &>(x))))); }

template<class T>

rv<T>& move(rv<T> &x)

{ return x; }

}

#endif // not defined BACKPORT_MOVE_TOOLS_DEFINED



/*BACKPORT MOVE TOOLS END*/
');
INSERT INTO "REPLACEMENTS" VALUES(78,3,1,0,45,1,1,3,9,0,'
/*1000000001*/

/*BACKPORT MOVE TOOLS BEGIN*/

#ifndef BACKPORT_MOVE_TOOLS_DEFINED

#define BACKPORT_MOVE_TOOLS_DEFINED
namespace backport {

template<class T> class rv {

private:

T _placeholder;

rv();

~rv();

rv(rv const&);

void operator=(rv const&);

};

template<class T>

rv<T>& move(T const &x)

{ return *reinterpret_cast<rv<T> *>(reinterpret_cast<T*>(&const_cast<char &>(reinterpret_cast<const volatile char &>(static_cast<T const &>(x))))); }

template<class T>

rv<T>& move(rv<T> &x)

{ return x; }

}

#endif // not defined BACKPORT_MOVE_TOOLS_DEFINED



/*BACKPORT MOVE TOOLS END*/
');
INSERT INTO "REPLACEMENTS" VALUES(79,16,1,0,45,1,1,16,9,1,'
/*1000000001*/

/*BACKPORT MOVE TOOLS BEGIN*/

#ifndef BACKPORT_MOVE_TOOLS_DEFINED

#define BACKPORT_MOVE_TOOLS_DEFINED
namespace backport {

template<class T> class rv {

private:

T _placeholder;

rv();

~rv();

rv(rv const&);

void operator=(rv const&);

};

template<class T>

rv<T>& move(T const &x)

{ return *reinterpret_cast<rv<T> *>(reinterpret_cast<T*>(&const_cast<char &>(reinterpret_cast<const volatile char &>(static_cast<T const &>(x))))); }

template<class T>

rv<T>& move(rv<T> &x)

{ return x; }

}

#endif // not defined BACKPORT_MOVE_TOOLS_DEFINED



/*BACKPORT MOVE TOOLS END*/
');
INSERT INTO "REPLACEMENTS" VALUES(80,15,1,0,45,1,1,15,9,0,'
/*1000000001*/

/*BACKPORT MOVE TOOLS BEGIN*/

#ifndef BACKPORT_MOVE_TOOLS_DEFINED

#define BACKPORT_MOVE_TOOLS_DEFINED
namespace backport {

template<class T> class rv {

private:

T _placeholder;

rv();

~rv();

rv(rv const&);

void operator=(rv const&);

};

template<class T>

rv<T>& move(T const &x)

{ return *reinterpret_cast<rv<T> *>(reinterpret_cast<T*>(&const_cast<char &>(reinterpret_cast<const volatile char &>(static_cast<T const &>(x))))); }

template<class T>

rv<T>& move(rv<T> &x)

{ return x; }

}

#endif // not defined BACKPORT_MOVE_TOOLS_DEFINED



/*BACKPORT MOVE TOOLS END*/
');
CREATE TABLE `TRANSFORMATIONS` (`id`  INTEGER NOT NULL PRIMARY KEY AUTOINCREMENT,`name` TEXT NOT NULL);
INSERT INTO "TRANSFORMATIONS" VALUES(1,'MultipleTransforms');
INSERT INTO "TRANSFORMATIONS" VALUES(9,'ReplaceRvalueRef');
DELETE FROM "sqlite_sequence";
INSERT INTO "sqlite_sequence" VALUES('FILES',19);
INSERT INTO "sqlite_sequence" VALUES('LINES',2874);
INSERT INTO "sqlite_sequence" VALUES('TRANSFORMATIONS',80);
INSERT INTO "sqlite_sequence" VALUES('REPLACEMENTS',80);
CREATE UNIQUE INDEX FILES_INDEX ON FILES (path);
CREATE UNIQUE INDEX FILES_INDEX_ID ON FILES (id);
CREATE UNIQUE INDEX COMP_UNIT_INDEX ON COMPILATION_UNIT (id);
CREATE INDEX RELATIONS_INDEX ON RELATIONS (file_id, dep_id);
CREATE UNIQUE INDEX TRANSFORMATIONS_INDEX_NAME ON TRANSFORMATIONS (name);
CREATE UNIQUE INDEX TRANSFORMATIONS_INDEX_ID ON TRANSFORMATIONS (id);
CREATE UNIQUE INDEX REPLACEMENT_INDEX_4 ON REPLACEMENTS (id, file_id, start_line, lines_replaced, replacement_text);
CREATE UNIQUE INDEX REPLACEMENT_INDEX_1 ON REPLACEMENTS (id);
CREATE INDEX REPLACEMENT_INDEX_3 ON REPLACEMENTS (transformation_id);
CREATE INDEX REPLACEMENT_INDEX_2 ON REPLACEMENTS (file_id);
CREATE UNIQUE INDEX LINES_INDEX_FILE_ID_LINE ON LINES (file_id, line);
CREATE UNIQUE INDEX LINES_INDEX_ID ON LINES (id);
CREATE UNIQUE INDEX LINES_REPLACEMENTS_INDEX_LINE_ID_REPLACEMENT_ID ON LINES_REPLACEMENTS (line_id, replacement_id);
CREATE INDEX LINES_REPLACEMENTS_INDEX_REPLACEMENT_ID ON LINES_REPLACEMENTS (replacement_id);
CREATE INDEX LINES_REPLACEMENTS_INDEX_ID ON LINES_REPLACEMENTS (line_id);
COMMIT;